Mon Jan 06 12:41:51 Saved as file ~undo.max
Mon Jan 06 12:43:19 Saved as file ~undo.max
Mon Jan 06 12:43:28 Saved as file ~undo.max
Mon Jan 06 12:43:32 Saved as file ~undo.max
Mon Jan 06 12:43:37 Saved as file ~undo.max
Mon Jan 06 12:43:40 Saved as file ~undo.max
Mon Jan 06 12:43:48 Saved as file ~undo.max
Mon Jan 06 12:44:28 Saved as file ~undo.max
Mon Jan 06 12:44:29 Saved as file ~undo.max
Mon Jan 06 12:44:44 Saved as file ~undo.max
Mon Jan 06 12:44:45 Saved as file ~undo.max
Mon Jan 06 12:44:45 Saved as file ~undo.max
Mon Jan 06 12:44:46 Saved as file ~undo.max
Mon Jan 06 12:44:46 Saved as file ~undo.max
Mon Jan 06 12:44:46 Saved as file ~undo.max
Mon Jan 06 12:45:43 Saved as file ~undo.max
Mon Jan 06 12:46:27 Saved as file ~undo.max
Mon Jan 06 12:54:24 Loaded file C:\OrCAD\OrCAD_10.5\tools\Layout_Plus\data\template.imp
Mon Jan 06 12:54:24 Loaded file C:\OrCAD\OrCAD_10.5\tools\Layout_Plus\data\template.imp
Mon Jan 06 12:55:01 Loaded file C:\OrCAD\OrCAD_10.5\tools\Layout_Plus\data\template.imp
Mon Jan 06 12:55:01 Loaded file C:\OrCAD\OrCAD_10.5\tools\Layout_Plus\data\template.imp
Mon Jan 06 12:55:02 Loaded file C:\ORCAD_DATA\PROJECT_LAYOUT\LIBS\S34DIODE.LLB
Mon Jan 06 12:55:04 Loaded file C:\ORCAD_DATA\PROJECT_LAYOUT\LIBS\LTC4054.LLB
Mon Jan 06 12:55:04 Loaded file C:\OrCAD\OrCAD_10.5\tools\Layout_Plus\library\LAYOUT.llb
Mon Jan 06 12:55:04 Loaded file C:\OrCAD\OrCAD_10.5\tools\Layout_Plus\library\LCON100T.llb
Mon Jan 06 12:55:05 Loaded file C:\ORCAD_DATA\PROJECT_LAYOUT\LIBS\LTC4054.LLB
Mon Jan 06 12:55:05 Loaded file C:\OrCAD\OrCAD_10.5\tools\Layout_Plus\library\LAYOUT.llb
Mon Jan 06 12:55:05 Loaded file C:\OrCAD\OrCAD_10.5\tools\Layout_Plus\library\LCON100T.llb
Mon Jan 06 12:55:06 Loaded file C:\ORCAD_DATA\PROJECT_LAYOUT\LIBS\LTC4054.LLB
Mon Jan 06 12:55:06 Loaded file C:\OrCAD\OrCAD_10.5\tools\Layout_Plus\library\LAYOUT.llb
Mon Jan 06 12:55:06 Loaded file C:\OrCAD\OrCAD_10.5\tools\Layout_Plus\library\LCON100T.llb
Mon Jan 06 12:55:07 Loaded file C:\ORCAD_DATA\PROJECT_LAYOUT\LIBS\LTC4054.LLB
Mon Jan 06 12:55:13 Loaded file C:\USERS\TUES\DOWNLOADS\LAYOUT\LAYOUT\S34DIODE.LLB
Mon Jan 06 12:55:14 Loaded file C:\ORCAD_DATA\PROJECT_LAYOUT\LIBS\STM32F103VBT6.LLB
Mon Jan 06 12:55:15 Loaded file C:\OrCAD\OrCAD_10.5\tools\Layout_Plus\data\template.imp
Mon Jan 06 12:56:24 Saved as file BACKUP1.MAX
Mon Jan 06 12:58:34 Saved as file ~undo.max
Mon Jan 06 12:58:59 Saved as file ~undo.max
Mon Jan 06 13:00:09 Saved as file ~undo.max
Mon Jan 06 13:01:02 Saved as file ~undo.max
Mon Jan 06 13:03:58 Saved as file ~undo.max
Mon Jan 06 13:04:25 Saved as file ~undo.max
Mon Jan 06 13:06:25 Saved as file BACKUP1.MAX
Mon Jan 06 13:06:29 Saved as file ~undo.max
Mon Jan 06 13:08:50 Loaded file C:\OrCAD\OrCAD_10.5\tools\Layout_Plus\library\padstack.llb
Mon Jan 06 13:09:34 Saved as file ~undo.max
Mon Jan 06 13:09:35 Saved as file ~undo.max
Mon Jan 06 13:09:35 Saved as file ~undo.max
Mon Jan 06 13:09:36 Saved as file ~undo.max
Mon Jan 06 13:09:36 Saved as file ~undo.max
Mon Jan 06 13:09:36 Saved as file ~undo.max
Mon Jan 06 13:09:38 Saved as file ~undo.max
Mon Jan 06 13:09:39 Saved as file ~undo.max
Mon Jan 06 13:09:49 Loaded file C:\OrCAD\OrCAD_10.5\tools\Layout_Plus\library\padstack.llb
Mon Jan 06 13:09:54 Loaded file C:\OrCAD\OrCAD_10.5\tools\Layout_Plus\library\padstack.llb
Mon Jan 06 13:10:50 Saved as file ~undo.max
Mon Jan 06 13:16:58 Saved as file ~undo.max
