Mon Jan 06 13:17:36 Saved as file C:\ORCAD_DATA\PROJECT_LAYOUT\PCB\4LAYER\V4\PROJECT_NIKOLA_GABRIEL-1.MAX
Mon Jan 06 13:22:25 Saved as file BACKUP1.MAX
Mon Jan 06 13:23:00 Saved as file BACKUP1.MAX
Mon Jan 06 13:23:00 Saved as file BACKUP1.MAX
Mon Jan 06 13:23:00 Saved as file BACKUP1.MAX
Mon Jan 06 13:23:01 Saved as file BACKUP1.MAX
Mon Jan 06 13:23:01 Saved as file BACKUP1.MAX
Mon Jan 06 13:23:01 Saved as file BACKUP1.MAX
Mon Jan 06 13:23:01 Routed 25 connections in 1 seconds.
Mon Jan 06 13:23:01 Total is now 25 out of 133 (18%).
Mon Jan 06 13:23:01 Saved as file SWEEP1.MAX
Mon Jan 06 13:23:03 Saved as file BACKUP1.MAX
Mon Jan 06 13:23:03 Saved as file BACKUP1.MAX
Mon Jan 06 13:23:04 Saved as file BACKUP1.MAX
Mon Jan 06 13:23:04 Saved as file BACKUP1.MAX
Mon Jan 06 13:23:04 Saved as file BACKUP1.MAX
Mon Jan 06 13:23:04 Saved as file BACKUP1.MAX
Mon Jan 06 13:23:04 Routed 123 connections in 3 seconds.
Mon Jan 06 13:23:04 Total is now 125 out of 133 (93%).
Mon Jan 06 13:23:04 Saved as file SWEEP2.MAX
Mon Jan 06 13:23:09 Routed 2 connections in 4 seconds.
Mon Jan 06 13:23:09 Total is now 127 out of 133 (95%).
Mon Jan 06 13:23:09 Saved as file SWEEP3.MAX
Mon Jan 06 13:23:16 Routed 1 connections in 6 seconds.
Mon Jan 06 13:23:16 Total is now 128 out of 133 (96%).
Mon Jan 06 13:23:16 Saved as file SWEEP4.MAX
Mon Jan 06 13:23:22 Routed 1 connections in 6 seconds.
Mon Jan 06 13:23:22 Total is now 129 out of 133 (96%).
Mon Jan 06 13:23:22 Saved as file SWEEP5.MAX
Mon Jan 06 13:25:24 Saved as file BACKUP1.MAX
Mon Jan 06 13:25:24 Saved as file BACKUP1.MAX
Mon Jan 06 13:25:24 Saved as file BACKUP1.MAX
Mon Jan 06 13:25:24 Routed 25 connections in 0 seconds.
Mon Jan 06 13:25:24 Total is now 25 out of 133 (18%).
Mon Jan 06 13:25:24 Saved as file SWEEP1.MAX
Mon Jan 06 13:25:26 Saved as file BACKUP1.MAX
Mon Jan 06 13:25:26 Saved as file BACKUP1.MAX
Mon Jan 06 13:25:27 Saved as file BACKUP1.MAX
Mon Jan 06 13:25:27 Routed 116 connections in 2 seconds.
Mon Jan 06 13:25:27 Total is now 126 out of 133 (94%).
Mon Jan 06 13:25:27 Saved as file SWEEP2.MAX
Mon Jan 06 13:25:28 Routed 1 connections in 1 seconds.
Mon Jan 06 13:25:28 Total is now 127 out of 133 (95%).
Mon Jan 06 13:25:28 Saved as file SWEEP3.MAX
Mon Jan 06 13:25:35 Routed 2 connections in 6 seconds.
Mon Jan 06 13:25:35 Total is now 128 out of 133 (96%).
Mon Jan 06 13:25:35 Saved as file SWEEP4.MAX
Mon Jan 06 13:25:42 No new connections routed.
Mon Jan 06 13:25:42 Total is now 128 out of 133 (96%).
Mon Jan 06 13:25:42 Saved as file SWEEP5.MAX
