Thu Dec 19 09:45:31 Saved as file C:\ORCAD_DATA\PROJECT_LAYOUT\PCB\V2 (BOARD OUTLINE)\PROJECT_NIKOLA_GABRIEL-1.MAX
Thu Dec 19 09:45:57 Saved as file ~undo.max
Thu Dec 19 09:46:10 Saved as file ~undo.max
Thu Dec 19 09:46:12 Saved as file C:\ORCAD_DATA\PROJECT_LAYOUT\PCB\V2 (BOARD OUTLINE)\PROJECT_NIKOLA_GABRIEL-1.MAX
Thu Dec 19 09:46:12 Saved as file C:\ORCAD_DATA\PROJECT_LAYOUT\PCB\V2 (BOARD OUTLINE)\PROJECT_NIKOLA_GABRIEL-1.MAX
Thu Dec 19 09:46:46 Saved as file ~undo.max
Thu Dec 19 09:46:51 Saved as file ~undo.max
Thu Dec 19 09:47:30 Saved as file ~undo.max
Thu Dec 19 09:48:59 Saved as file ~undo.max
Thu Dec 19 09:49:01 Saved as file ~undo.max
Thu Dec 19 09:49:10 Saved as file C:\ORCAD_DATA\PROJECT_LAYOUT\PCB\V2 (BOARD OUTLINE)\PROJECT_NIKOLA_GABRIEL-1.MAX
Thu Dec 19 09:49:10 Saved as file C:\ORCAD_DATA\PROJECT_LAYOUT\PCB\V2 (BOARD OUTLINE)\PROJECT_NIKOLA_GABRIEL-1.MAX
Thu Dec 19 09:49:10 Saved as file C:\ORCAD_DATA\PROJECT_LAYOUT\PCB\V2 (BOARD OUTLINE)\PROJECT_NIKOLA_GABRIEL-1.MAX
Thu Dec 19 09:49:11 Saved as file C:\ORCAD_DATA\PROJECT_LAYOUT\PCB\V2 (BOARD OUTLINE)\PROJECT_NIKOLA_GABRIEL-1.MAX
Thu Dec 19 09:49:31 Saved as file ~undo.max
Thu Dec 19 09:49:37 Saved as file ~undo.max
Thu Dec 19 09:49:50 Saved as file ~undo.max
Thu Dec 19 09:49:51 Saved as file ~undo.max
Thu Dec 19 09:49:53 Saved as file ~undo.max
Thu Dec 19 09:50:03 Saved as file ~undo.max
Thu Dec 19 09:50:13 Saved as file ~undo.max
Thu Dec 19 09:51:30 Saved as file C:\ORCAD_DATA\PROJECT_LAYOUT\PCB\V2 (BOARD OUTLINE)\PROJECT_NIKOLA_GABRIEL-1.MAX
Thu Dec 19 09:51:34 Saved as file C:\ORCAD_DATA\PROJECT_LAYOUT\PCB\V2 (BOARD OUTLINE)\PROJECT_NIKOLA_GABRIEL-1.MAX
Thu Dec 19 09:58:48 Saved as file BACKUP1.MAX
Thu Dec 19 10:08:20 Saved as file BACKUP1.MAX
Thu Dec 19 10:08:20 Saved as file BACKUP1.MAX
Thu Dec 19 10:08:20 Saved as file BACKUP1.MAX
Thu Dec 19 10:08:20 Saved as file BACKUP1.MAX
Thu Dec 19 10:08:21 Saved as file BACKUP1.MAX
Thu Dec 19 10:08:21 Saved as file BACKUP1.MAX
Thu Dec 19 10:08:21 Saved as file BACKUP1.MAX
Thu Dec 19 10:08:21 Saved as file BACKUP1.MAX
Thu Dec 19 10:08:21 Saved as file BACKUP1.MAX
Thu Dec 19 10:08:21 Routed 84 connections in 0 seconds.
Thu Dec 19 10:08:21 Total is now 84 out of 286 (29%).
Thu Dec 19 10:08:21 Saved as file SWEEP1.MAX
Thu Dec 19 10:08:30 Saved as file BACKUP1.MAX
Thu Dec 19 10:08:30 Saved as file BACKUP1.MAX
Thu Dec 19 10:08:31 Saved as file BACKUP1.MAX
Thu Dec 19 10:08:31 Saved as file BACKUP1.MAX
Thu Dec 19 10:08:31 Saved as file BACKUP1.MAX
Thu Dec 19 10:08:31 Saved as file BACKUP1.MAX
Thu Dec 19 10:08:32 Saved as file BACKUP1.MAX
Thu Dec 19 10:08:32 Saved as file BACKUP1.MAX
Thu Dec 19 10:08:32 Saved as file BACKUP1.MAX
Thu Dec 19 10:08:32 Routed 226 connections in 10 seconds.
Thu Dec 19 10:08:32 Total is now 213 out of 286 (74%).
Thu Dec 19 10:08:32 Saved as file SWEEP2.MAX
Thu Dec 19 10:08:57 Routed 2 connections in 25 seconds.
Thu Dec 19 10:08:57 Total is now 215 out of 286 (75%).
Thu Dec 19 10:08:57 Saved as file SWEEP3.MAX
Thu Dec 19 10:09:52 Routed 22 connections in 54 seconds.
Thu Dec 19 10:09:52 Total is now 215 out of 286 (75%).
Thu Dec 19 10:09:52 Saved as file SWEEP4.MAX
Thu Dec 19 10:11:00 Routed 20 connections in 67 seconds.
Thu Dec 19 10:11:00 Total is now 215 out of 286 (75%).
Thu Dec 19 10:11:00 Saved as file SWEEP5.MAX
Thu Dec 19 10:11:28 Saved as file ~undo.max
Thu Dec 19 10:11:38 Saved as file BACKUP1.MAX
Thu Dec 19 10:11:38 Saved as file BACKUP1.MAX
Thu Dec 19 10:11:38 Saved as file BACKUP1.MAX
Thu Dec 19 10:11:38 Saved as file BACKUP1.MAX
Thu Dec 19 10:11:38 Saved as file BACKUP1.MAX
Thu Dec 19 10:11:38 Saved as file BACKUP1.MAX
Thu Dec 19 10:11:38 Saved as file BACKUP1.MAX
Thu Dec 19 10:11:38 Saved as file BACKUP1.MAX
Thu Dec 19 10:11:38 Saved as file BACKUP1.MAX
Thu Dec 19 10:11:38 Routed 88 connections in 0 seconds.
Thu Dec 19 10:11:38 Total is now 88 out of 286 (30%).
Thu Dec 19 10:11:38 Saved as file SWEEP1.MAX
Thu Dec 19 10:11:48 Saved as file BACKUP1.MAX
Thu Dec 19 10:11:48 Saved as file BACKUP1.MAX
Thu Dec 19 10:11:49 Saved as file BACKUP1.MAX
Thu Dec 19 10:11:49 Saved as file BACKUP1.MAX
Thu Dec 19 10:11:49 Saved as file BACKUP1.MAX
Thu Dec 19 10:11:49 Saved as file BACKUP1.MAX
Thu Dec 19 10:11:50 Saved as file BACKUP1.MAX
Thu Dec 19 10:11:50 Saved as file BACKUP1.MAX
Thu Dec 19 10:11:50 Saved as file BACKUP1.MAX
Thu Dec 19 10:11:50 Routed 227 connections in 11 seconds.
Thu Dec 19 10:11:50 Total is now 215 out of 286 (75%).
Thu Dec 19 10:11:50 Saved as file SWEEP2.MAX
Thu Dec 19 10:12:17 No new connections routed.
Thu Dec 19 10:12:17 Total is now 215 out of 286 (75%).
Thu Dec 19 10:12:17 Saved as file SWEEP3.MAX
Thu Dec 19 10:12:39 Error code 2170.092
Thu Dec 19 10:12:39 Saved as file Backup0.max
Thu Dec 19 10:12:39 Windows which were open at time of error:
Thu Dec 19 10:12:39 	ActiveWindow: &Route
Thu Dec 19 10:12:39 	Icon: &Components
Thu Dec 19 10:12:39 	Icon: &Nets
Thu Dec 19 10:12:39 	Icon: Post Proces&s
Thu Dec 19 10:12:39 End-of-list
Thu Dec 19 10:12:39 Loaded file BACKUP0.MAX
Thu Dec 19 10:13:31 Routed 19 connections in 50 seconds.
Thu Dec 19 10:13:31 Total is now 215 out of 286 (75%).
Thu Dec 19 10:13:31 Saved as file SWEEP4.MAX
Thu Dec 19 10:14:29 Routed 22 connections in 58 seconds.
Thu Dec 19 10:14:29 Total is now 216 out of 286 (75%).
Thu Dec 19 10:14:29 Saved as file SWEEP5.MAX
Thu Dec 19 10:14:42 Saved as file ~undo.max
Thu Dec 19 10:15:27 Saved as file ~undo.max
Thu Dec 19 10:15:29 Saved as file ~undo.max
Thu Dec 19 10:15:37 Saved as file ~undo.max
Thu Dec 19 10:15:42 Saved as file ~undo.max
Thu Dec 19 10:15:52 Saved as file ~undo.max
Thu Dec 19 10:16:03 Saved as file BACKUP1.MAX
Thu Dec 19 10:16:03 Saved as file BACKUP1.MAX
Thu Dec 19 10:16:03 Saved as file BACKUP1.MAX
Thu Dec 19 10:16:03 Saved as file BACKUP1.MAX
Thu Dec 19 10:16:03 Saved as file BACKUP1.MAX
Thu Dec 19 10:16:03 Saved as file BACKUP1.MAX
Thu Dec 19 10:16:03 Routed 86 connections in 0 seconds.
Thu Dec 19 10:16:03 Total is now 86 out of 286 (30%).
Thu Dec 19 10:16:03 Saved as file SWEEP1.MAX
Thu Dec 19 10:16:12 Saved as file BACKUP1.MAX
Thu Dec 19 10:16:15 Saved as file BACKUP1.MAX
Thu Dec 19 10:16:16 Saved as file BACKUP1.MAX
Thu Dec 19 10:16:16 Saved as file BACKUP1.MAX
Thu Dec 19 10:16:16 Saved as file BACKUP1.MAX
Thu Dec 19 10:16:16 Saved as file BACKUP1.MAX
Thu Dec 19 10:16:16 Routed 215 connections in 12 seconds.
Thu Dec 19 10:16:16 Total is now 212 out of 286 (74%).
Thu Dec 19 10:16:16 Saved as file SWEEP2.MAX
Thu Dec 19 10:16:39 Routed 2 connections in 23 seconds.
Thu Dec 19 10:16:39 Total is now 214 out of 286 (74%).
Thu Dec 19 10:16:39 Saved as file SWEEP3.MAX
Thu Dec 19 10:17:44 Routed 36 connections in 64 seconds.
Thu Dec 19 10:17:44 Total is now 215 out of 286 (75%).
Thu Dec 19 10:17:44 Saved as file SWEEP4.MAX
Thu Dec 19 10:19:18 Routed 23 connections in 94 seconds.
Thu Dec 19 10:19:18 Total is now 215 out of 286 (75%).
Thu Dec 19 10:19:18 Saved as file SWEEP5.MAX
Thu Dec 19 10:22:39 Saved as file BACKUP1.MAX
Thu Dec 19 10:23:16 Saved as file ~undo.max
Thu Dec 19 10:26:58 Saved as file ~undo.max
Thu Dec 19 10:27:06 Saved as file ~undo.max
Thu Dec 19 10:27:18 Saved as file ~undo.max
Thu Dec 19 10:27:28 Saved as file ~undo.max
Thu Dec 19 10:27:40 Saved as file ~undo.max
Thu Dec 19 10:27:56 Saved as file ~undo.max
Thu Dec 19 10:28:00 Saved as file ~undo.max
Thu Dec 19 10:28:02 Saved as file ~undo.max
Thu Dec 19 10:28:09 Saved as file ~undo.max
Thu Dec 19 10:28:30 Saved as file C:\ORCAD_DATA\PROJECT_LAYOUT\PCB\V2 (BOARD OUTLINE)\PROJECT_NIKOLA_GABRIEL-1.MAX
Thu Dec 19 10:28:35 Saved as file BACKUP1.MAX
Thu Dec 19 10:28:35 Saved as file BACKUP1.MAX
Thu Dec 19 10:28:35 Saved as file BACKUP1.MAX
Thu Dec 19 10:28:35 Saved as file BACKUP1.MAX
Thu Dec 19 10:28:35 Saved as file BACKUP1.MAX
Thu Dec 19 10:28:35 Saved as file BACKUP1.MAX
Thu Dec 19 10:28:35 Saved as file BACKUP1.MAX
Thu Dec 19 10:28:35 Saved as file BACKUP1.MAX
Thu Dec 19 10:28:35 Saved as file BACKUP1.MAX
Thu Dec 19 10:28:35 Routed 84 connections in 0 seconds.
Thu Dec 19 10:28:35 Total is now 84 out of 286 (29%).
Thu Dec 19 10:28:35 Saved as file SWEEP1.MAX
Thu Dec 19 10:28:36 Saved as file BACKUP1.MAX
Thu Dec 19 10:28:36 Saved as file BACKUP1.MAX
Thu Dec 19 10:28:36 Saved as file BACKUP1.MAX
Thu Dec 19 10:28:46 Saved as file BACKUP1.MAX
Thu Dec 19 10:28:50 Saved as file BACKUP1.MAX
Thu Dec 19 10:28:50 Saved as file BACKUP1.MAX
Thu Dec 19 10:28:51 Saved as file BACKUP1.MAX
Thu Dec 19 10:28:51 Saved as file BACKUP1.MAX
Thu Dec 19 10:28:51 Saved as file BACKUP1.MAX
Thu Dec 19 10:28:51 Routed 211 connections in 15 seconds.
Thu Dec 19 10:28:51 Total is now 213 out of 286 (74%).
Thu Dec 19 10:28:51 Saved as file SWEEP2.MAX
Thu Dec 19 10:29:15 Routed 1 connections in 24 seconds.
Thu Dec 19 10:29:15 Total is now 214 out of 286 (74%).
Thu Dec 19 10:29:15 Saved as file SWEEP3.MAX
Thu Dec 19 10:30:12 Routed 31 connections in 56 seconds.
Thu Dec 19 10:30:12 Total is now 215 out of 286 (75%).
Thu Dec 19 10:30:12 Saved as file SWEEP4.MAX
Thu Dec 19 10:31:21 Routed 29 connections in 68 seconds.
Thu Dec 19 10:31:21 Total is now 216 out of 286 (75%).
Thu Dec 19 10:31:21 Saved as file SWEEP5.MAX
Thu Dec 19 10:33:10 Saved as file BACKUP1.MAX
Thu Dec 19 10:33:10 Saved as file BACKUP1.MAX
Thu Dec 19 10:33:10 Saved as file BACKUP1.MAX
Thu Dec 19 10:33:10 Saved as file BACKUP1.MAX
Thu Dec 19 10:33:10 Saved as file BACKUP1.MAX
Thu Dec 19 10:33:10 Saved as file BACKUP1.MAX
Thu Dec 19 10:33:11 Saved as file BACKUP1.MAX
Thu Dec 19 10:33:11 Saved as file BACKUP1.MAX
Thu Dec 19 10:33:11 Saved as file BACKUP1.MAX
Thu Dec 19 10:33:11 Routed 23 connections in 0 seconds.
Thu Dec 19 10:33:11 Total is now 23 out of 133 (17%).
Thu Dec 19 10:33:11 Saved as file SWEEP1.MAX
Thu Dec 19 10:33:18 Saved as file BACKUP1.MAX
Thu Dec 19 10:33:18 Saved as file BACKUP1.MAX
Thu Dec 19 10:33:18 Saved as file BACKUP1.MAX
Thu Dec 19 10:33:18 Saved as file BACKUP1.MAX
Thu Dec 19 10:33:19 Saved as file BACKUP1.MAX
Thu Dec 19 10:33:19 Saved as file BACKUP1.MAX
Thu Dec 19 10:33:21 Saved as file BACKUP1.MAX
Thu Dec 19 10:33:21 Saved as file BACKUP1.MAX
Thu Dec 19 10:33:21 Saved as file BACKUP1.MAX
Thu Dec 19 10:33:21 Routed 120 connections in 10 seconds.
Thu Dec 19 10:33:21 Total is now 82 out of 133 (61%).
Thu Dec 19 10:33:21 Saved as file SWEEP2.MAX
Thu Dec 19 10:33:38 No new connections routed.
Thu Dec 19 10:33:38 Total is now 82 out of 133 (61%).
Thu Dec 19 10:33:38 Saved as file SWEEP3.MAX
Thu Dec 19 10:33:51 Saved as file BACKUP1.MAX
Thu Dec 19 10:34:19 Routed 22 connections in 41 seconds.
Thu Dec 19 10:34:19 Total is now 82 out of 133 (61%).
Thu Dec 19 10:34:19 Saved as file SWEEP4.MAX
Thu Dec 19 10:35:03 Routed 17 connections in 44 seconds.
Thu Dec 19 10:35:03 Total is now 82 out of 133 (61%).
Thu Dec 19 10:35:03 Saved as file SWEEP5.MAX
Thu Dec 19 10:39:12 Loaded file C:\OrCAD\OrCAD_10.5\tools\Layout_Plus\data\template.imp
Thu Dec 19 10:39:12 Loaded file C:\OrCAD\OrCAD_10.5\tools\Layout_Plus\data\template.imp
Thu Dec 19 10:39:19 Loaded file C:\ORCAD_DATA\PROJECT_LAYOUT\LIBS\CONN_COAX.LLB
Thu Dec 19 10:39:19 Loaded file C:\ORCAD_DATA\PROJECT_LAYOUT\LIBS\CONN_JACK_PWR.LLB
Thu Dec 19 10:39:19 Loaded file C:\ORCAD_DATA\PROJECT_LAYOUT\LIBS\INDUCTOR_MURATA22R.LLB
Thu Dec 19 10:39:19 Loaded file C:\ORCAD_DATA\PROJECT_LAYOUT\LIBS\S34DIODE.LLB
Thu Dec 19 10:39:19 Loaded file C:\ORCAD_DATA\PROJECT_LAYOUT\LIBS\TF-CARD.LLB
Thu Dec 19 10:39:19 Loaded file C:\ORCAD_DATA\PROJECT_LAYOUT\LIBS\USB.LLB
Thu Dec 19 10:39:19 Loaded file C:\USERS\TUES\DOWNLOADS\LAYOUT\LAYOUT\S34DIODE.LLB
Thu Dec 19 10:39:19 Loaded file C:\ORCAD_DATA\PROJECT_LAYOUT\LIBS\STM32F103VBT6.LLB
Thu Dec 19 10:39:19 Loaded file C:\ORCAD_DATA\PROJECT_LAYOUT\LIBS\LTC4054.LLB
Thu Dec 19 10:39:19 Loaded file C:\ORCAD\ORCAD_10.5\TOOLS\LAYOUT_PLUS\LIBRARY\CAP_ASS.LLB
Thu Dec 19 10:39:19 Loaded file C:\ORCAD\ORCAD_10.5\TOOLS\LAYOUT_PLUS\LIBRARY\CAP_RAD.LLB
Thu Dec 19 10:39:19 Loaded file C:\ORCAD\ORCAD_10.5\TOOLS\LAYOUT_PLUS\LIBRARY\CONN_COAX.LLB
Thu Dec 19 10:39:19 Loaded file C:\ORCAD\ORCAD_10.5\TOOLS\LAYOUT_PLUS\LIBRARY\CONN_DIN.LLB
Thu Dec 19 10:39:19 Loaded file C:\ORCAD\ORCAD_10.5\TOOLS\LAYOUT_PLUS\LIBRARY\CONN_DSUB.LLB
Thu Dec 19 10:39:19 Loaded file C:\ORCAD\ORCAD_10.5\TOOLS\LAYOUT_PLUS\LIBRARY\CONN_STRIP.LLB
Thu Dec 19 10:39:19 Loaded file C:\ORCAD\ORCAD_10.5\TOOLS\LAYOUT_PLUS\LIBRARY\DEVICE.LLB
Thu Dec 19 10:39:19 Loaded file C:\ORCAD\ORCAD_10.5\TOOLS\LAYOUT_PLUS\LIBRARY\DIODE.LLB
Thu Dec 19 10:39:19 Loaded file C:\ORCAD\ORCAD_10.5\TOOLS\LAYOUT_PLUS\LIBRARY\DIP.LLB
Thu Dec 19 10:39:19 Loaded file C:\ORCAD\ORCAD_10.5\TOOLS\LAYOUT_PLUS\LIBRARY\EMPTY.LLB
Thu Dec 19 10:39:19 Loaded file C:\ORCAD\ORCAD_10.5\TOOLS\LAYOUT_PLUS\LIBRARY\EX_GUI.LLB
Thu Dec 19 10:39:19 Loaded file C:\ORCAD\ORCAD_10.5\TOOLS\LAYOUT_PLUS\LIBRARY\INDUTTORI.LLB
Thu Dec 19 10:39:19 Loaded file C:\ORCAD\ORCAD_10.5\TOOLS\LAYOUT_PLUS\LIBRARY\METRIC.LLB
Thu Dec 19 10:39:19 Loaded file C:\ORCAD\ORCAD_10.5\TOOLS\LAYOUT_PLUS\LIBRARY\MORSETTIERE.LLB
Thu Dec 19 10:39:19 Loaded file C:\ORCAD\ORCAD_10.5\TOOLS\LAYOUT_PLUS\LIBRARY\OPTOELETTRONICA.LLB
Thu Dec 19 10:39:19 Loaded file C:\ORCAD\ORCAD_10.5\TOOLS\LAYOUT_PLUS\LIBRARY\PADSTACK.LLB
Thu Dec 19 10:39:19 Loaded file C:\ORCAD\ORCAD_10.5\TOOLS\LAYOUT_PLUS\LIBRARY\PLCCNEW.LLB
Thu Dec 19 10:39:19 Loaded file C:\ORCAD\ORCAD_10.5\TOOLS\LAYOUT_PLUS\LIBRARY\PQFP.LLB
Thu Dec 19 10:39:19 Loaded file C:\ORCAD\ORCAD_10.5\TOOLS\LAYOUT_PLUS\LIBRARY\QUARZI.LLB
Thu Dec 19 10:39:19 Loaded file C:\ORCAD\ORCAD_10.5\TOOLS\LAYOUT_PLUS\LIBRARY\RELAYNEW.LLB
Thu Dec 19 10:39:19 Loaded file C:\ORCAD\ORCAD_10.5\TOOLS\LAYOUT_PLUS\LIBRARY\RESIST.LLB
Thu Dec 19 10:39:19 Loaded file C:\ORCAD\ORCAD_10.5\TOOLS\LAYOUT_PLUS\LIBRARY\SHEET01.LLB
Thu Dec 19 10:39:19 Loaded file C:\ORCAD\ORCAD_10.5\TOOLS\LAYOUT_PLUS\LIBRARY\SHEET02.LLB
Thu Dec 19 10:39:19 Loaded file C:\ORCAD\ORCAD_10.5\TOOLS\LAYOUT_PLUS\LIBRARY\SHEET03.LLB
Thu Dec 19 10:39:19 Loaded file C:\ORCAD\ORCAD_10.5\TOOLS\LAYOUT_PLUS\LIBRARY\SHEET04.LLB
Thu Dec 19 10:39:19 Loaded file C:\ORCAD\ORCAD_10.5\TOOLS\LAYOUT_PLUS\LIBRARY\SHEET05.LLB
Thu Dec 19 10:39:19 Loaded file C:\ORCAD\ORCAD_10.5\TOOLS\LAYOUT_PLUS\LIBRARY\SHEET06.LLB
Thu Dec 19 10:39:19 Loaded file C:\ORCAD\ORCAD_10.5\TOOLS\LAYOUT_PLUS\LIBRARY\SHEET08.LLB
Thu Dec 19 10:39:19 Loaded file C:\ORCAD\ORCAD_10.5\TOOLS\LAYOUT_PLUS\LIBRARY\SHEET09.LLB
Thu Dec 19 10:39:19 Loaded file C:\ORCAD\ORCAD_10.5\TOOLS\LAYOUT_PLUS\LIBRARY\SHEET10.LLB
Thu Dec 19 10:39:19 Loaded file C:\ORCAD\ORCAD_10.5\TOOLS\LAYOUT_PLUS\LIBRARY\SHEET11.LLB
Thu Dec 19 10:39:19 Loaded file C:\ORCAD\ORCAD_10.5\TOOLS\LAYOUT_PLUS\LIBRARY\SHEET12.LLB
Thu Dec 19 10:39:19 Loaded file C:\ORCAD\ORCAD_10.5\TOOLS\LAYOUT_PLUS\LIBRARY\SHEET13.LLB
Thu Dec 19 10:39:19 Loaded file C:\ORCAD\ORCAD_10.5\TOOLS\LAYOUT_PLUS\LIBRARY\SHEET14.LLB
Thu Dec 19 10:39:19 Loaded file C:\ORCAD\ORCAD_10.5\TOOLS\LAYOUT_PLUS\LIBRARY\SHEET15.LLB
Thu Dec 19 10:39:19 Loaded file C:\ORCAD\ORCAD_10.5\TOOLS\LAYOUT_PLUS\LIBRARY\SHEET16.LLB
Thu Dec 19 10:39:19 Loaded file C:\ORCAD\ORCAD_10.5\TOOLS\LAYOUT_PLUS\LIBRARY\SHEET17.LLB
Thu Dec 19 10:39:19 Loaded file C:\ORCAD\ORCAD_10.5\TOOLS\LAYOUT_PLUS\LIBRARY\SHEET18.LLB
Thu Dec 19 10:39:19 Loaded file C:\ORCAD\ORCAD_10.5\TOOLS\LAYOUT_PLUS\LIBRARY\SHEET19.LLB
Thu Dec 19 10:39:19 Loaded file C:\ORCAD\ORCAD_10.5\TOOLS\LAYOUT_PLUS\LIBRARY\SHEET20.LLB
Thu Dec 19 10:39:19 Loaded file C:\ORCAD\ORCAD_10.5\TOOLS\LAYOUT_PLUS\LIBRARY\SHEET21.LLB
Thu Dec 19 10:39:19 Loaded file C:\ORCAD\ORCAD_10.5\TOOLS\LAYOUT_PLUS\LIBRARY\SHEET22.LLB
Thu Dec 19 10:39:19 Loaded file C:\ORCAD\ORCAD_10.5\TOOLS\LAYOUT_PLUS\LIBRARY\SHEET23.LLB
Thu Dec 19 10:39:19 Loaded file C:\ORCAD\ORCAD_10.5\TOOLS\LAYOUT_PLUS\LIBRARY\SHEET24.LLB
Thu Dec 19 10:39:19 Loaded file C:\ORCAD\ORCAD_10.5\TOOLS\LAYOUT_PLUS\LIBRARY\SHEET25.LLB
Thu Dec 19 10:39:19 Loaded file C:\ORCAD\ORCAD_10.5\TOOLS\LAYOUT_PLUS\LIBRARY\SHEET26.LLB
Thu Dec 19 10:39:19 Loaded file C:\ORCAD\ORCAD_10.5\TOOLS\LAYOUT_PLUS\LIBRARY\SHEET27.LLB
Thu Dec 19 10:39:20 Loaded file C:\ORCAD\ORCAD_10.5\TOOLS\LAYOUT_PLUS\LIBRARY\SHEET28.LLB
Thu Dec 19 10:39:20 Loaded file C:\ORCAD\ORCAD_10.5\TOOLS\LAYOUT_PLUS\LIBRARY\SHEET29.LLB
Thu Dec 19 10:39:20 Loaded file C:\ORCAD\ORCAD_10.5\TOOLS\LAYOUT_PLUS\LIBRARY\SHEET30.LLB
Thu Dec 19 10:39:20 Loaded file C:\ORCAD\ORCAD_10.5\TOOLS\LAYOUT_PLUS\LIBRARY\SHEET31.LLB
Thu Dec 19 10:39:20 Loaded file C:\ORCAD\ORCAD_10.5\TOOLS\LAYOUT_PLUS\LIBRARY\SHEET32.LLB
Thu Dec 19 10:39:20 Loaded file C:\ORCAD\ORCAD_10.5\TOOLS\LAYOUT_PLUS\LIBRARY\SHEET33.LLB
Thu Dec 19 10:39:20 Loaded file C:\ORCAD\ORCAD_10.5\TOOLS\LAYOUT_PLUS\LIBRARY\SHEET34.LLB
Thu Dec 19 10:39:20 Loaded file C:\ORCAD\ORCAD_10.5\TOOLS\LAYOUT_PLUS\LIBRARY\SMD.LLB
Thu Dec 19 10:39:20 Loaded file C:\ORCAD\ORCAD_10.5\TOOLS\LAYOUT_PLUS\LIBRARY\SWITCH.LLB
Thu Dec 19 10:39:20 Loaded file C:\ORCAD\ORCAD_10.5\TOOLS\LAYOUT_PLUS\LIBRARY\TONEW.LLB
Thu Dec 19 10:39:20 Loaded file C:\ORCAD\ORCAD_10.5\TOOLS\LAYOUT_PLUS\LIBRARY\TRANSFORMER.LLB
Thu Dec 19 10:39:20 Loaded file C:\ORCAD\ORCAD_10.5\TOOLS\LAYOUT_PLUS\LIBRARY\TRIMMER.LLB
Thu Dec 19 10:39:20 Loaded file C:\OrCAD\OrCAD_10.5\tools\Layout_Plus\library\BCON100T.llb
Thu Dec 19 10:39:20 Loaded file C:\OrCAD\OrCAD_10.5\tools\Layout_Plus\library\BCON156T.llb
Thu Dec 19 10:39:20 Loaded file C:\OrCAD\OrCAD_10.5\tools\Layout_Plus\library\BGA.llb
Thu Dec 19 10:39:20 Loaded file C:\OrCAD\OrCAD_10.5\tools\Layout_Plus\library\CLCC.llb
Thu Dec 19 10:39:20 Loaded file C:\OrCAD\OrCAD_10.5\tools\Layout_Plus\library\DCON050T.llb
Thu Dec 19 10:39:20 Loaded file C:\OrCAD\OrCAD_10.5\tools\Layout_Plus\library\DCON085T.llb
Thu Dec 19 10:39:20 Loaded file C:\OrCAD\OrCAD_10.5\tools\Layout_Plus\library\DIMM050F.llb
Thu Dec 19 10:39:20 Loaded file C:\OrCAD\OrCAD_10.5\tools\Layout_Plus\library\DIMM050T.llb
Thu Dec 19 10:39:20 Loaded file C:\OrCAD\OrCAD_10.5\tools\Layout_Plus\library\DIN.llb
Thu Dec 19 10:39:20 Loaded file C:\OrCAD\OrCAD_10.5\tools\Layout_Plus\library\DIP100B.llb
Thu Dec 19 10:39:20 Loaded file C:\OrCAD\OrCAD_10.5\tools\Layout_Plus\library\DIP100T.llb
Thu Dec 19 10:39:20 Loaded file C:\OrCAD\OrCAD_10.5\tools\Layout_Plus\library\DSUBT.llb
Thu Dec 19 10:39:20 Loaded file C:\OrCAD\OrCAD_10.5\tools\Layout_Plus\library\DSUBT_HD.LLB
Thu Dec 19 10:39:20 Loaded file C:\OrCAD\OrCAD_10.5\tools\Layout_Plus\library\ECON100T.llb
Thu Dec 19 10:39:20 Loaded file C:\OrCAD\OrCAD_10.5\tools\Layout_Plus\library\FBUS.llb
Thu Dec 19 10:39:20 Loaded file C:\OrCAD\OrCAD_10.5\tools\Layout_Plus\library\ISA.llb
Thu Dec 19 10:39:20 Loaded file C:\OrCAD\OrCAD_10.5\tools\Layout_Plus\library\JUMPER.LLB
Thu Dec 19 10:39:20 Loaded file C:\OrCAD\OrCAD_10.5\tools\Layout_Plus\library\LAYOUT.llb
Thu Dec 19 10:39:20 Loaded file C:\OrCAD\OrCAD_10.5\tools\Layout_Plus\library\LCON100T.llb
Thu Dec 19 10:39:20 Loaded file C:\OrCAD\OrCAD_10.5\tools\Layout_Plus\library\PC104.llb
Thu Dec 19 10:39:20 Loaded file C:\OrCAD\OrCAD_10.5\tools\Layout_Plus\library\PCI.llb
Thu Dec 19 10:39:20 Loaded file C:\OrCAD\OrCAD_10.5\tools\Layout_Plus\library\PCON100T.llb
Thu Dec 19 10:39:20 Loaded file C:\OrCAD\OrCAD_10.5\tools\Layout_Plus\library\PCON156T.llb
Thu Dec 19 10:39:20 Loaded file C:\OrCAD\OrCAD_10.5\tools\Layout_Plus\library\PGA.llb
Thu Dec 19 10:39:20 Loaded file C:\OrCAD\OrCAD_10.5\tools\Layout_Plus\library\PLCC.llb
Thu Dec 19 10:39:20 Loaded file C:\OrCAD\OrCAD_10.5\tools\Layout_Plus\library\QUAD.llb
Thu Dec 19 10:39:20 Loaded file C:\OrCAD\OrCAD_10.5\tools\Layout_Plus\library\QUADB.llb
Thu Dec 19 10:39:20 Loaded file C:\OrCAD\OrCAD_10.5\tools\Layout_Plus\library\RELAY.llb
Thu Dec 19 10:39:20 Loaded file C:\OrCAD\OrCAD_10.5\tools\Layout_Plus\library\RF.llb
Thu Dec 19 10:39:20 Loaded file C:\OrCAD\OrCAD_10.5\tools\Layout_Plus\library\SBUS.llb
Thu Dec 19 10:39:20 Loaded file C:\OrCAD\OrCAD_10.5\tools\Layout_Plus\library\SIMM050F.llb
Thu Dec 19 10:39:20 Loaded file C:\OrCAD\OrCAD_10.5\tools\Layout_Plus\library\SIMM050T.llb
Thu Dec 19 10:39:20 Loaded file C:\OrCAD\OrCAD_10.5\tools\Layout_Plus\library\SIMM100F.llb
Thu Dec 19 10:39:20 Loaded file C:\OrCAD\OrCAD_10.5\tools\Layout_Plus\library\SIMM100T.llb
Thu Dec 19 10:39:20 Loaded file C:\OrCAD\OrCAD_10.5\tools\Layout_Plus\library\SIP.llb
Thu Dec 19 10:39:20 Loaded file C:\OrCAD\OrCAD_10.5\tools\Layout_Plus\library\SM.llb
Thu Dec 19 10:39:20 Loaded file C:\OrCAD\OrCAD_10.5\tools\Layout_Plus\library\SOG.llb
Thu Dec 19 10:39:20 Loaded file C:\OrCAD\OrCAD_10.5\tools\Layout_Plus\library\SOJ.llb
Thu Dec 19 10:39:20 Loaded file C:\OrCAD\OrCAD_10.5\tools\Layout_Plus\library\STIFF.llb
Thu Dec 19 10:39:20 Loaded file C:\OrCAD\OrCAD_10.5\tools\Layout_Plus\library\TELE.llb
Thu Dec 19 10:39:20 Loaded file C:\OrCAD\OrCAD_10.5\tools\Layout_Plus\library\TM_AXIAL.llb
Thu Dec 19 10:39:20 Loaded file C:\OrCAD\OrCAD_10.5\tools\Layout_Plus\library\TM_CAP_P.llb
Thu Dec 19 10:39:20 Loaded file C:\OrCAD\OrCAD_10.5\tools\Layout_Plus\library\TM_CYLND.llb
Thu Dec 19 10:39:20 Loaded file C:\OrCAD\OrCAD_10.5\tools\Layout_Plus\library\TM_DIODE.llb
Thu Dec 19 10:39:20 Loaded file C:\OrCAD\OrCAD_10.5\tools\Layout_Plus\library\TM_DISC.llb
Thu Dec 19 10:39:20 Loaded file C:\OrCAD\OrCAD_10.5\tools\Layout_Plus\library\TM_RAD.llb
Thu Dec 19 10:39:20 Loaded file C:\OrCAD\OrCAD_10.5\tools\Layout_Plus\library\TO.llb
Thu Dec 19 10:39:20 Loaded file C:\OrCAD\OrCAD_10.5\tools\Layout_Plus\library\TRAINING.LLB
Thu Dec 19 10:39:20 Loaded file C:\OrCAD\OrCAD_10.5\tools\Layout_Plus\library\VRES.llb
Thu Dec 19 10:39:20 Loaded file C:\OrCAD\OrCAD_10.5\tools\Layout_Plus\library\WCON100T.llb
Thu Dec 19 10:39:20 Loaded file C:\OrCAD\OrCAD_10.5\tools\Layout_Plus\library\XT.llb
Thu Dec 19 10:39:20 Loaded file C:\OrCAD\OrCAD_10.5\tools\Layout_Plus\library\ZIGZAG.llb
Thu Dec 19 10:39:29 Loaded file C:\ORCAD\ORCAD_10.5\TOOLS\LAYOUT_PLUS\LIBRARY\DEVICE.LLB
Thu Dec 19 10:39:29 Loaded file C:\OrCAD\OrCAD_10.5\tools\Layout_Plus\data\template.imp
Thu Dec 19 10:40:00 Loaded file C:\ORCAD\ORCAD_10.5\TOOLS\LAYOUT_PLUS\LIBRARY\DEVICE.LLB
Thu Dec 19 10:40:04 Loaded file C:\OrCAD\OrCAD_10.5\tools\Layout_Plus\data\template.imp
Thu Dec 19 10:40:04 Loaded file C:\OrCAD\OrCAD_10.5\tools\Layout_Plus\data\template.imp
Thu Dec 19 10:40:05 Loaded file C:\OrCAD\OrCAD_10.5\tools\Layout_Plus\data\template.imp
Thu Dec 19 10:40:05 Loaded file C:\OrCAD\OrCAD_10.5\tools\Layout_Plus\data\template.imp
Thu Dec 19 10:40:11 Saved as file ~undo.max
Thu Dec 19 10:40:17 Saved as file ~undo.max
Thu Dec 19 10:40:23 Saved as file ~undo.max
Thu Dec 19 10:40:26 Saved as file ~undo.max
Thu Dec 19 10:40:32 Saved as file ~undo.max
Thu Dec 19 10:40:38 Saved as file ~undo.max
Thu Dec 19 10:40:41 Saved as file ~undo.max
Thu Dec 19 10:40:43 Saved as file C:\ORCAD_DATA\PROJECT_LAYOUT\PCB\V2 (BOARD OUTLINE)\PROJECT_NIKOLA_GABRIEL-1.MAX
Thu Dec 19 10:40:50 Saved as file C:\ORCAD_DATA\PROJECT_LAYOUT\PCB\V2 (BOARD OUTLINE)\PROJECT_NIKOLA_GABRIEL-1.MAX
Thu Dec 19 10:40:53 Saved as file C:\ORCAD_DATA\PROJECT_LAYOUT\PCB\V2 (BOARD OUTLINE)\PROJECT_NIKOLA_GABRIEL-1.MAX
Thu Dec 19 10:50:59 Saved as file BACKUP1.MAX
Thu Dec 19 11:01:30 Saved as file BACKUP1.MAX
Thu Dec 19 11:03:36 Saved as file BACKUP1.MAX
Thu Dec 19 11:03:36 Saved as file BACKUP1.MAX
Thu Dec 19 11:03:36 Saved as file BACKUP1.MAX
Thu Dec 19 11:03:36 Saved as file BACKUP1.MAX
Thu Dec 19 11:03:36 Saved as file BACKUP1.MAX
Thu Dec 19 11:03:36 Saved as file BACKUP1.MAX
Thu Dec 19 11:03:36 Saved as file BACKUP1.MAX
Thu Dec 19 11:03:36 Saved as file BACKUP1.MAX
Thu Dec 19 11:03:36 Saved as file BACKUP1.MAX
Thu Dec 19 11:03:36 Routed 88 connections in 0 seconds.
Thu Dec 19 11:03:36 Total is now 88 out of 286 (30%).
Thu Dec 19 11:03:36 Saved as file SWEEP1.MAX
Thu Dec 19 11:03:45 Saved as file BACKUP1.MAX
Thu Dec 19 11:03:46 Saved as file BACKUP1.MAX
Thu Dec 19 11:03:46 Saved as file BACKUP1.MAX
Thu Dec 19 11:03:47 Saved as file BACKUP1.MAX
Thu Dec 19 11:03:47 Saved as file BACKUP1.MAX
Thu Dec 19 11:03:47 Saved as file BACKUP1.MAX
Thu Dec 19 11:03:47 Saved as file BACKUP1.MAX
Thu Dec 19 11:03:47 Saved as file BACKUP1.MAX
Thu Dec 19 11:03:47 Saved as file BACKUP1.MAX
Thu Dec 19 11:03:47 Routed 191 connections in 10 seconds.
Thu Dec 19 11:03:47 Total is now 213 out of 286 (74%).
Thu Dec 19 11:03:47 Saved as file SWEEP2.MAX
Thu Dec 19 11:04:11 Routed 1 connections in 23 seconds.
Thu Dec 19 11:04:11 Total is now 214 out of 286 (74%).
Thu Dec 19 11:04:11 Saved as file SWEEP3.MAX
Thu Dec 19 11:05:00 Routed 36 connections in 49 seconds.
Thu Dec 19 11:05:00 Total is now 216 out of 286 (75%).
Thu Dec 19 11:05:00 Saved as file SWEEP4.MAX
Thu Dec 19 11:06:24 Routed 28 connections in 84 seconds.
Thu Dec 19 11:06:24 Total is now 216 out of 286 (75%).
Thu Dec 19 11:06:24 Saved as file SWEEP5.MAX
Thu Dec 19 11:07:39 Saved as file ~undo.max
Thu Dec 19 11:07:45 Saved as file ~undo.max
Thu Dec 19 11:13:00 Saved as file BACKUP1.MAX
Thu Dec 19 11:13:03 Saved as file BACKUP1.MAX
Thu Dec 19 11:13:03 Saved as file BACKUP1.MAX
Thu Dec 19 11:13:03 Saved as file BACKUP1.MAX
Thu Dec 19 11:13:03 Saved as file BACKUP1.MAX
Thu Dec 19 11:13:03 Saved as file BACKUP1.MAX
Thu Dec 19 11:13:03 Saved as file BACKUP1.MAX
Thu Dec 19 11:13:03 Routed 91 connections in 0 seconds.
Thu Dec 19 11:13:03 Total is now 91 out of 286 (31%).
Thu Dec 19 11:13:03 Saved as file SWEEP1.MAX
Thu Dec 19 11:13:07 Saved as file BACKUP1.MAX
Thu Dec 19 11:13:08 Saved as file BACKUP1.MAX
Thu Dec 19 11:13:08 Saved as file BACKUP1.MAX
Thu Dec 19 11:13:08 Saved as file BACKUP1.MAX
Thu Dec 19 11:13:11 Saved as file BACKUP1.MAX
Thu Dec 19 11:13:12 Saved as file BACKUP1.MAX
Thu Dec 19 11:13:12 Routed 223 connections in 8 seconds.
Thu Dec 19 11:13:12 Total is now 249 out of 286 (87%).
Thu Dec 19 11:13:12 Saved as file SWEEP2.MAX
Thu Dec 19 11:13:25 Routed 15 connections in 12 seconds.
Thu Dec 19 11:13:25 Total is now 264 out of 286 (92%).
Thu Dec 19 11:13:25 Saved as file SWEEP3.MAX
Thu Dec 19 11:13:42 Routed 8 connections in 17 seconds.
Thu Dec 19 11:13:42 Total is now 264 out of 286 (92%).
Thu Dec 19 11:13:42 Saved as file SWEEP4.MAX
Thu Dec 19 11:14:06 Routed 7 connections in 23 seconds.
Thu Dec 19 11:14:06 Total is now 264 out of 286 (92%).
Thu Dec 19 11:14:06 Saved as file SWEEP5.MAX
Thu Dec 19 11:14:46 Saved as file ~undo.max
Thu Dec 19 11:14:54 Saved as file ~undo.max
Thu Dec 19 11:14:58 Saved as file ~undo.max
Thu Dec 19 11:15:07 Saved as file ~undo.max
Thu Dec 19 11:15:19 Saved as file BACKUP1.MAX
Thu Dec 19 11:15:19 Saved as file BACKUP1.MAX
Thu Dec 19 11:15:19 Saved as file BACKUP1.MAX
Thu Dec 19 11:15:19 Saved as file BACKUP1.MAX
Thu Dec 19 11:15:20 Saved as file BACKUP1.MAX
Thu Dec 19 11:15:20 Saved as file BACKUP1.MAX
Thu Dec 19 11:15:20 Saved as file BACKUP1.MAX
Thu Dec 19 11:15:20 Saved as file BACKUP1.MAX
Thu Dec 19 11:15:20 Saved as file BACKUP1.MAX
Thu Dec 19 11:15:20 Routed 100 connections in 0 seconds.
Thu Dec 19 11:15:20 Total is now 100 out of 308 (32%).
Thu Dec 19 11:15:20 Saved as file SWEEP1.MAX
Thu Dec 19 11:15:25 Saved as file BACKUP1.MAX
Thu Dec 19 11:15:25 Saved as file BACKUP1.MAX
Thu Dec 19 11:15:25 Saved as file BACKUP1.MAX
Thu Dec 19 11:15:25 Saved as file BACKUP1.MAX
Thu Dec 19 11:15:25 Saved as file BACKUP1.MAX
Thu Dec 19 11:15:25 Saved as file BACKUP1.MAX
Thu Dec 19 11:15:30 Saved as file BACKUP1.MAX
Thu Dec 19 11:15:30 Saved as file BACKUP1.MAX
Thu Dec 19 11:15:30 Saved as file BACKUP1.MAX
Thu Dec 19 11:15:30 Routed 254 connections in 10 seconds.
Thu Dec 19 11:15:30 Total is now 283 out of 308 (91%).
Thu Dec 19 11:15:30 Saved as file SWEEP2.MAX
Thu Dec 19 11:15:41 Routed 5 connections in 10 seconds.
Thu Dec 19 11:15:41 Total is now 288 out of 308 (93%).
Thu Dec 19 11:15:41 Saved as file SWEEP3.MAX
Thu Dec 19 11:16:00 Routed 8 connections in 18 seconds.
Thu Dec 19 11:16:00 Total is now 289 out of 308 (93%).
Thu Dec 19 11:16:00 Saved as file SWEEP4.MAX
Thu Dec 19 11:16:20 Routed 6 connections in 20 seconds.
Thu Dec 19 11:16:20 Total is now 289 out of 308 (93%).
Thu Dec 19 11:16:20 Saved as file SWEEP5.MAX
Thu Dec 19 11:17:20 Saved as file ~undo.max
Thu Dec 19 11:17:32 Saved as file BACKUP1.MAX
Thu Dec 19 11:17:32 Saved as file BACKUP1.MAX
Thu Dec 19 11:17:32 Saved as file BACKUP1.MAX
Thu Dec 19 11:17:32 Saved as file BACKUP1.MAX
Thu Dec 19 11:17:32 Saved as file BACKUP1.MAX
Thu Dec 19 11:17:32 Saved as file BACKUP1.MAX
Thu Dec 19 11:17:32 Saved as file BACKUP1.MAX
Thu Dec 19 11:17:32 Saved as file BACKUP1.MAX
Thu Dec 19 11:17:32 Saved as file BACKUP1.MAX
Thu Dec 19 11:17:32 Routed 89 connections in 0 seconds.
Thu Dec 19 11:17:32 Total is now 99 out of 298 (33%).
Thu Dec 19 11:17:32 Saved as file SWEEP1.MAX
Thu Dec 19 11:17:35 Saved as file BACKUP1.MAX
Thu Dec 19 11:17:37 Saved as file BACKUP1.MAX
Thu Dec 19 11:17:37 Saved as file BACKUP1.MAX
Thu Dec 19 11:17:37 Saved as file BACKUP1.MAX
Thu Dec 19 11:17:37 Saved as file BACKUP1.MAX
Thu Dec 19 11:17:37 Saved as file BACKUP1.MAX
Thu Dec 19 11:17:40 Saved as file BACKUP1.MAX
Thu Dec 19 11:17:40 Saved as file BACKUP1.MAX
Thu Dec 19 11:17:40 Saved as file BACKUP1.MAX
Thu Dec 19 11:17:40 Routed 236 connections in 8 seconds.
Thu Dec 19 11:17:40 Total is now 268 out of 298 (89%).
Thu Dec 19 11:17:40 Saved as file SWEEP2.MAX
Thu Dec 19 11:17:53 Routed 9 connections in 12 seconds.
Thu Dec 19 11:17:53 Total is now 277 out of 298 (92%).
Thu Dec 19 11:17:53 Saved as file SWEEP3.MAX
Thu Dec 19 11:18:13 Routed 3 connections in 20 seconds.
Thu Dec 19 11:18:13 Total is now 277 out of 298 (92%).
Thu Dec 19 11:18:13 Saved as file SWEEP4.MAX
Thu Dec 19 11:18:35 Routed 3 connections in 21 seconds.
Thu Dec 19 11:18:35 Total is now 277 out of 298 (92%).
Thu Dec 19 11:18:35 Saved as file SWEEP5.MAX
Thu Dec 19 11:19:08 Saved as file ~undo.max
Thu Dec 19 11:19:17 Saved as file BACKUP1.MAX
Thu Dec 19 11:19:17 Saved as file BACKUP1.MAX
Thu Dec 19 11:19:17 Saved as file BACKUP1.MAX
Thu Dec 19 11:19:17 Saved as file BACKUP1.MAX
Thu Dec 19 11:19:17 Saved as file BACKUP1.MAX
Thu Dec 19 11:19:17 Saved as file BACKUP1.MAX
Thu Dec 19 11:19:17 Saved as file BACKUP1.MAX
Thu Dec 19 11:19:17 Saved as file BACKUP1.MAX
Thu Dec 19 11:19:17 Saved as file BACKUP1.MAX
Thu Dec 19 11:19:17 Routed 92 connections in 0 seconds.
Thu Dec 19 11:19:17 Total is now 103 out of 299 (34%).
Thu Dec 19 11:19:17 Saved as file SWEEP1.MAX
Thu Dec 19 11:19:21 Saved as file BACKUP1.MAX
Thu Dec 19 11:19:21 Saved as file BACKUP1.MAX
Thu Dec 19 11:19:21 Saved as file BACKUP1.MAX
Thu Dec 19 11:19:22 Saved as file BACKUP1.MAX
Thu Dec 19 11:19:22 Saved as file BACKUP1.MAX
Thu Dec 19 11:19:22 Saved as file BACKUP1.MAX
Thu Dec 19 11:19:26 Saved as file BACKUP1.MAX
Thu Dec 19 11:19:26 Saved as file BACKUP1.MAX
Thu Dec 19 11:19:26 Saved as file BACKUP1.MAX
Thu Dec 19 11:19:26 Routed 236 connections in 8 seconds.
Thu Dec 19 11:19:26 Total is now 267 out of 299 (89%).
Thu Dec 19 11:19:26 Saved as file SWEEP2.MAX
Thu Dec 19 11:19:37 Routed 11 connections in 10 seconds.
Thu Dec 19 11:19:37 Total is now 278 out of 299 (92%).
Thu Dec 19 11:19:37 Saved as file SWEEP3.MAX
Thu Dec 19 11:19:51 Routed 4 connections in 13 seconds.
Thu Dec 19 11:19:51 Total is now 278 out of 299 (92%).
Thu Dec 19 11:19:51 Saved as file SWEEP4.MAX
Thu Dec 19 11:20:10 Routed 4 connections in 18 seconds.
Thu Dec 19 11:20:10 Total is now 279 out of 299 (93%).
Thu Dec 19 11:20:10 Saved as file SWEEP5.MAX
Thu Dec 19 11:22:29 Saved as file ~undo.max
Thu Dec 19 11:22:33 Saved as file ~undo.max
Thu Dec 19 11:22:35 Saved as file ~undo.max
Thu Dec 19 11:22:36 Saved as file ~undo.max
Thu Dec 19 11:22:39 Saved as file ~undo.max
Thu Dec 19 11:22:46 Saved as file ~undo.max
Thu Dec 19 11:22:56 Saved as file ~undo.max
Thu Dec 19 11:23:00 Saved as file BACKUP1.MAX
Thu Dec 19 11:23:26 Saved as file ~undo.max
Thu Dec 19 11:23:30 Saved as file ~undo.max
Thu Dec 19 11:23:40 Saved as file ~undo.max
Thu Dec 19 11:23:53 Saved as file ~undo.max
Thu Dec 19 11:23:57 Saved as file ~undo.max
Thu Dec 19 11:23:58 Saved as file ~undo.max
Thu Dec 19 11:24:00 Saved as file ~undo.max
Thu Dec 19 11:24:03 Saved as file ~undo.max
Thu Dec 19 11:24:15 Saved as file ~undo.max
Thu Dec 19 11:24:20 Saved as file ~undo.max
Thu Dec 19 11:24:24 Saved as file ~undo.max
Thu Dec 19 11:24:29 Saved as file ~undo.max
Thu Dec 19 11:24:37 Saved as file ~undo.max
Thu Dec 19 11:24:39 Saved as file ~undo.max
Thu Dec 19 11:24:41 Saved as file ~undo.max
Thu Dec 19 11:24:48 Saved as file ~undo.max
Thu Dec 19 11:24:52 Saved as file ~undo.max
Thu Dec 19 11:24:54 Saved as file ~undo.max
Thu Dec 19 11:25:07 Saved as file ~undo.max
Thu Dec 19 11:25:11 Saved as file ~undo.max
Thu Dec 19 11:25:22 Saved as file ~undo.max
Thu Dec 19 11:25:25 Saved as file ~undo.max
Thu Dec 19 11:25:42 Saved as file C:\ORCAD_DATA\PROJECT_LAYOUT\PCB\V2 (BOARD OUTLINE)\PROJECT_NIKOLA_GABRIEL-1.MAX
Thu Dec 19 11:25:44 Saved as file C:\ORCAD_DATA\PROJECT_LAYOUT\PCB\V2 (BOARD OUTLINE)\PROJECT_NIKOLA_GABRIEL-1.MAX
Thu Dec 19 11:26:40 Saved as file BACKUP1.MAX
Thu Dec 19 11:26:41 Saved as file BACKUP1.MAX
Thu Dec 19 11:26:41 Saved as file BACKUP1.MAX
Thu Dec 19 11:26:41 Saved as file BACKUP1.MAX
Thu Dec 19 11:26:41 Routed 91 connections in 0 seconds.
Thu Dec 19 11:26:41 Total is now 91 out of 286 (31%).
Thu Dec 19 11:26:41 Saved as file SWEEP1.MAX
Thu Dec 19 11:26:41 Saved as file BACKUP1.MAX
Thu Dec 19 11:26:42 Saved as file BACKUP1.MAX
Thu Dec 19 11:26:45 Saved as file BACKUP1.MAX
Thu Dec 19 11:26:46 Saved as file BACKUP1.MAX
Thu Dec 19 11:26:46 Routed 236 connections in 5 seconds.
Thu Dec 19 11:26:46 Total is now 248 out of 286 (86%).
Thu Dec 19 11:26:46 Saved as file SWEEP2.MAX
Thu Dec 19 11:26:59 Routed 17 connections in 12 seconds.
Thu Dec 19 11:26:59 Total is now 265 out of 286 (92%).
Thu Dec 19 11:26:59 Saved as file SWEEP3.MAX
Thu Dec 19 11:27:27 Routed 6 connections in 28 seconds.
Thu Dec 19 11:27:27 Total is now 266 out of 286 (93%).
Thu Dec 19 11:27:27 Saved as file SWEEP4.MAX
Thu Dec 19 11:27:55 Routed 4 connections in 27 seconds.
Thu Dec 19 11:27:55 Total is now 267 out of 286 (93%).
Thu Dec 19 11:27:55 Saved as file SWEEP5.MAX
Fri Dec 20 11:49:16 Saved as file C:\ORCAD_DATA\PROJECT_LAYOUT\PCB\V2 (BOARD OUTLINE)\PROJECT_NIKOLA_GABRIEL-1.MAX
