Thu Nov 28 10:21:42 Loaded file C:\ORCAD_DATA\PROJECT_LAYOUT\LIBS\LTC4054.LLB
Thu Nov 28 10:21:43 Loaded file C:\OrCAD\OrCAD_10.5\tools\Layout_Plus\data\template.imp
Thu Nov 28 10:25:37 Saved as file C:\OrCAD\OrCAD_10.5\tools\Layout_Plus\data\template.imp
Thu Nov 28 10:26:00 Saved as file C:\OrCAD\OrCAD_10.5\tools\Layout_Plus\data\template.imp
Thu Nov 28 10:29:09 Saved as file C:\OrCAD\OrCAD_10.5\tools\Layout_Plus\data\template.imp
Tue Dec 03 15:25:03 Loaded file C:\ORCAD_DATA\PROJECT_LAYOUT\LIBS\STM32F103VBT6.LLB
Tue Dec 03 15:25:04 Loaded file C:\OrCAD\OrCAD_10.5\tools\Layout_Plus\data\template.imp
Tue Dec 03 15:28:39 Loaded file C:\ORCAD_DATA\PROJECT_LAYOUT\LIBS\LTC4054.LLB
Tue Dec 03 15:28:40 Loaded file C:\ORCAD\ORCAD_10.5\TOOLS\LAYOUT_PLUS\LIBRARY\SHEET01.LLB
Tue Dec 03 15:28:41 Loaded file C:\ORCAD\ORCAD_10.5\TOOLS\LAYOUT_PLUS\LIBRARY\SHEET02.LLB
Tue Dec 03 15:28:41 Loaded file C:\ORCAD\ORCAD_10.5\TOOLS\LAYOUT_PLUS\LIBRARY\SHEET03.LLB
Tue Dec 03 15:28:41 Loaded file C:\ORCAD\ORCAD_10.5\TOOLS\LAYOUT_PLUS\LIBRARY\SHEET04.LLB
Tue Dec 03 15:28:42 Loaded file C:\ORCAD\ORCAD_10.5\TOOLS\LAYOUT_PLUS\LIBRARY\SHEET03.LLB
Tue Dec 03 15:28:43 Loaded file C:\ORCAD\ORCAD_10.5\TOOLS\LAYOUT_PLUS\LIBRARY\SHEET02.LLB
Tue Dec 03 15:28:43 Loaded file C:\ORCAD\ORCAD_10.5\TOOLS\LAYOUT_PLUS\LIBRARY\SHEET01.LLB
Tue Dec 03 15:28:45 Loaded file C:\ORCAD\ORCAD_10.5\TOOLS\LAYOUT_PLUS\LIBRARY\SHEET02.LLB
Tue Dec 03 15:28:45 Loaded file C:\ORCAD\ORCAD_10.5\TOOLS\LAYOUT_PLUS\LIBRARY\SHEET03.LLB
Tue Dec 03 15:28:46 Loaded file C:\ORCAD\ORCAD_10.5\TOOLS\LAYOUT_PLUS\LIBRARY\SHEET04.LLB
Tue Dec 03 15:28:47 Loaded file C:\OrCAD\OrCAD_10.5\tools\Layout_Plus\data\template.imp
Tue Dec 03 15:28:50 Loaded file C:\ORCAD\ORCAD_10.5\TOOLS\LAYOUT_PLUS\LIBRARY\SHEET05.LLB
Tue Dec 03 15:28:51 Loaded file C:\OrCAD\OrCAD_10.5\tools\Layout_Plus\data\template.imp
Tue Dec 03 15:28:52 Loaded file C:\OrCAD\OrCAD_10.5\tools\Layout_Plus\data\template.imp
Tue Dec 03 15:28:52 Loaded file C:\OrCAD\OrCAD_10.5\tools\Layout_Plus\data\template.imp
Tue Dec 03 15:28:53 Loaded file C:\OrCAD\OrCAD_10.5\tools\Layout_Plus\data\template.imp
Tue Dec 03 15:28:53 Loaded file C:\OrCAD\OrCAD_10.5\tools\Layout_Plus\data\template.imp
Tue Dec 03 15:28:53 Loaded file C:\OrCAD\OrCAD_10.5\tools\Layout_Plus\data\template.imp
Tue Dec 03 15:28:54 Loaded file C:\OrCAD\OrCAD_10.5\tools\Layout_Plus\data\template.imp
Tue Dec 03 15:28:54 Loaded file C:\OrCAD\OrCAD_10.5\tools\Layout_Plus\data\template.imp
Tue Dec 03 15:28:54 Loaded file C:\OrCAD\OrCAD_10.5\tools\Layout_Plus\data\template.imp
Tue Dec 03 15:28:54 Loaded file C:\OrCAD\OrCAD_10.5\tools\Layout_Plus\data\template.imp
Tue Dec 03 15:28:54 Loaded file C:\OrCAD\OrCAD_10.5\tools\Layout_Plus\data\template.imp
Tue Dec 03 15:28:54 Loaded file C:\OrCAD\OrCAD_10.5\tools\Layout_Plus\data\template.imp
Tue Dec 03 15:28:54 Loaded file C:\OrCAD\OrCAD_10.5\tools\Layout_Plus\data\template.imp
Tue Dec 03 15:28:54 Loaded file C:\OrCAD\OrCAD_10.5\tools\Layout_Plus\data\template.imp
Tue Dec 03 15:28:54 Loaded file C:\OrCAD\OrCAD_10.5\tools\Layout_Plus\data\template.imp
Tue Dec 03 15:28:54 Loaded file C:\OrCAD\OrCAD_10.5\tools\Layout_Plus\data\template.imp
Tue Dec 03 15:28:54 Loaded file C:\OrCAD\OrCAD_10.5\tools\Layout_Plus\data\template.imp
Tue Dec 03 15:28:54 Loaded file C:\OrCAD\OrCAD_10.5\tools\Layout_Plus\data\template.imp
Tue Dec 03 15:28:54 Loaded file C:\OrCAD\OrCAD_10.5\tools\Layout_Plus\data\template.imp
Tue Dec 03 15:28:54 Loaded file C:\OrCAD\OrCAD_10.5\tools\Layout_Plus\data\template.imp
Tue Dec 03 15:28:54 Loaded file C:\OrCAD\OrCAD_10.5\tools\Layout_Plus\data\template.imp
Tue Dec 03 15:28:54 Loaded file C:\OrCAD\OrCAD_10.5\tools\Layout_Plus\data\template.imp
Tue Dec 03 15:28:54 Loaded file C:\OrCAD\OrCAD_10.5\tools\Layout_Plus\data\template.imp
Tue Dec 03 15:28:55 Loaded file C:\ORCAD\ORCAD_10.5\TOOLS\LAYOUT_PLUS\LIBRARY\SHEET06.LLB
Tue Dec 03 15:28:58 Loaded file C:\OrCAD\OrCAD_10.5\tools\Layout_Plus\data\template.imp
Tue Dec 03 15:29:01 Loaded file C:\ORCAD\ORCAD_10.5\TOOLS\LAYOUT_PLUS\LIBRARY\SHEET08.LLB
Tue Dec 03 15:29:03 Loaded file C:\OrCAD\OrCAD_10.5\tools\Layout_Plus\data\template.imp
Tue Dec 03 15:29:03 Loaded file C:\OrCAD\OrCAD_10.5\tools\Layout_Plus\data\template.imp
Tue Dec 03 15:29:05 Loaded file C:\OrCAD\OrCAD_10.5\tools\Layout_Plus\data\template.imp
Tue Dec 03 15:29:06 Loaded file C:\OrCAD\OrCAD_10.5\tools\Layout_Plus\data\template.imp
Tue Dec 03 15:29:06 Loaded file C:\OrCAD\OrCAD_10.5\tools\Layout_Plus\data\template.imp
Tue Dec 03 15:29:22 Loaded file C:\OrCAD\OrCAD_10.5\tools\Layout_Plus\data\template.imp
Tue Dec 03 15:29:24 Loaded file C:\OrCAD\OrCAD_10.5\tools\Layout_Plus\data\template.imp
Tue Dec 03 15:29:25 Loaded file C:\OrCAD\OrCAD_10.5\tools\Layout_Plus\data\template.imp
Tue Dec 03 15:29:26 Loaded file C:\OrCAD\OrCAD_10.5\tools\Layout_Plus\data\template.imp
Tue Dec 03 15:53:48 Loaded file C:\ORCAD\ORCAD_10.5\TOOLS\LAYOUT_PLUS\LIBRARY\SHEET08.LLB
Tue Dec 03 15:53:50 Loaded file C:\ORCAD\ORCAD_10.5\TOOLS\LAYOUT_PLUS\LIBRARY\SHEET10.LLB
Tue Dec 03 15:53:50 Loaded file C:\OrCAD\OrCAD_10.5\tools\Layout_Plus\library\LAYOUT.llb
Tue Dec 03 15:53:50 Loaded file C:\OrCAD\OrCAD_10.5\tools\Layout_Plus\library\LCON100T.llb
Tue Dec 03 15:53:51 Loaded file C:\ORCAD_DATA\PROJECT_LAYOUT\LIBS\LTC4054.LLB
Tue Dec 03 15:53:51 Loaded file C:\OrCAD\OrCAD_10.5\tools\Layout_Plus\library\LAYOUT.llb
Tue Dec 03 15:53:52 Loaded file C:\OrCAD\OrCAD_10.5\tools\Layout_Plus\library\LCON100T.llb
Tue Dec 03 15:53:52 Loaded file C:\ORCAD_DATA\PROJECT_LAYOUT\LIBS\LTC4054.LLB
Tue Dec 03 15:53:53 Loaded file C:\OrCAD\OrCAD_10.5\tools\Layout_Plus\data\template.imp
Tue Dec 03 15:55:44 Loaded file C:\OrCAD\OrCAD_10.5\tools\Layout_Plus\library\padstack.llb
Tue Dec 03 15:56:18 Saved as file C:\OrCAD\OrCAD_10.5\tools\Layout_Plus\data\template.imp
Tue Dec 03 15:56:35 Saved as file C:\OrCAD\OrCAD_10.5\tools\Layout_Plus\data\template.imp
Tue Dec 03 15:56:46 Saved as file C:\OrCAD\OrCAD_10.5\tools\Layout_Plus\data\template.imp
Tue Dec 03 15:56:49 Loaded file C:\ORCAD_DATA\PROJECT_LAYOUT\LIBS\LTC4054.LLB
Tue Dec 03 15:56:49 Saved as file C:\ORCAD_DATA\PROJECT_LAYOUT\LIBS\LTC4054.LLB
Tue Dec 03 15:56:49 Loaded file C:\ORCAD_DATA\PROJECT_LAYOUT\LIBS\LTC4054.LLB
Tue Dec 03 15:56:49 Loaded file C:\ORCAD_DATA\PROJECT_LAYOUT\LIBS\LTC4054.LLB
Tue Dec 03 15:56:49 Saved as file C:\ORCAD_DATA\PROJECT_LAYOUT\LIBS\LTC4054.LLB
Tue Dec 03 15:56:49 Loaded file C:\ORCAD_DATA\PROJECT_LAYOUT\LIBS\LTC4054.LLB
Tue Dec 03 15:56:49 Loaded file C:\ORCAD_DATA\PROJECT_LAYOUT\LIBS\LTC4054.LLB
Tue Dec 03 15:56:49 Saved as file C:\ORCAD_DATA\PROJECT_LAYOUT\LIBS\LTC4054.LLB
Tue Dec 03 15:56:49 Loaded file C:\ORCAD_DATA\PROJECT_LAYOUT\LIBS\LTC4054.LLB
Tue Dec 03 16:01:50 Loaded file C:\ORCAD\ORCAD_10.5\TOOLS\LAYOUT_PLUS\LIBRARY\CONN_COAX.LLB
Tue Dec 03 16:01:53 Loaded file C:\ORCAD\ORCAD_10.5\TOOLS\LAYOUT_PLUS\LIBRARY\CAP_RAD.LLB
Tue Dec 03 16:01:55 Loaded file C:\ORCAD\ORCAD_10.5\TOOLS\LAYOUT_PLUS\LIBRARY\CONN_COAX.LLB
Tue Dec 03 16:01:56 Loaded file C:\ORCAD_DATA\PROJECT_LAYOUT\LIBS\STM32F103VBT6.LLB
Tue Dec 03 16:01:58 Loaded file C:\ORCAD_DATA\PROJECT_LAYOUT\LIBS\STM32F103VBT6.LLB
Tue Dec 03 16:01:58 Loaded file C:\ORCAD_DATA\PROJECT_LAYOUT\LIBS\LTC4054.LLB
Tue Dec 03 16:01:58 Loaded file C:\ORCAD\ORCAD_10.5\TOOLS\LAYOUT_PLUS\LIBRARY\CAP_ASS.LLB
Tue Dec 03 16:01:58 Loaded file C:\ORCAD\ORCAD_10.5\TOOLS\LAYOUT_PLUS\LIBRARY\CAP_RAD.LLB
Tue Dec 03 16:01:58 Loaded file C:\ORCAD\ORCAD_10.5\TOOLS\LAYOUT_PLUS\LIBRARY\CONN_COAX.LLB
Tue Dec 03 16:01:58 Loaded file C:\ORCAD\ORCAD_10.5\TOOLS\LAYOUT_PLUS\LIBRARY\CONN_DIN.LLB
Tue Dec 03 16:01:58 Loaded file C:\ORCAD\ORCAD_10.5\TOOLS\LAYOUT_PLUS\LIBRARY\CONN_DSUB.LLB
Tue Dec 03 16:01:58 Loaded file C:\ORCAD\ORCAD_10.5\TOOLS\LAYOUT_PLUS\LIBRARY\CONN_STRIP.LLB
Tue Dec 03 16:01:58 Loaded file C:\ORCAD\ORCAD_10.5\TOOLS\LAYOUT_PLUS\LIBRARY\DEVICE.LLB
Tue Dec 03 16:01:58 Loaded file C:\ORCAD\ORCAD_10.5\TOOLS\LAYOUT_PLUS\LIBRARY\DIODE.LLB
Tue Dec 03 16:01:58 Loaded file C:\ORCAD\ORCAD_10.5\TOOLS\LAYOUT_PLUS\LIBRARY\DIP.LLB
Tue Dec 03 16:01:58 Loaded file C:\ORCAD\ORCAD_10.5\TOOLS\LAYOUT_PLUS\LIBRARY\EMPTY.LLB
Tue Dec 03 16:01:58 Loaded file C:\ORCAD\ORCAD_10.5\TOOLS\LAYOUT_PLUS\LIBRARY\EX_GUI.LLB
Tue Dec 03 16:01:58 Loaded file C:\ORCAD\ORCAD_10.5\TOOLS\LAYOUT_PLUS\LIBRARY\INDUTTORI.LLB
Tue Dec 03 16:01:58 Loaded file C:\ORCAD\ORCAD_10.5\TOOLS\LAYOUT_PLUS\LIBRARY\METRIC.LLB
Tue Dec 03 16:01:58 Loaded file C:\ORCAD\ORCAD_10.5\TOOLS\LAYOUT_PLUS\LIBRARY\MORSETTIERE.LLB
Tue Dec 03 16:01:58 Loaded file C:\ORCAD\ORCAD_10.5\TOOLS\LAYOUT_PLUS\LIBRARY\OPTOELETTRONICA.LLB
Tue Dec 03 16:01:58 Loaded file C:\ORCAD\ORCAD_10.5\TOOLS\LAYOUT_PLUS\LIBRARY\PADSTACK.LLB
Tue Dec 03 16:01:58 Loaded file C:\ORCAD\ORCAD_10.5\TOOLS\LAYOUT_PLUS\LIBRARY\PLCCNEW.LLB
Tue Dec 03 16:01:58 Loaded file C:\ORCAD\ORCAD_10.5\TOOLS\LAYOUT_PLUS\LIBRARY\PQFP.LLB
Tue Dec 03 16:01:58 Loaded file C:\ORCAD\ORCAD_10.5\TOOLS\LAYOUT_PLUS\LIBRARY\QUARZI.LLB
Tue Dec 03 16:01:58 Loaded file C:\ORCAD\ORCAD_10.5\TOOLS\LAYOUT_PLUS\LIBRARY\RELAYNEW.LLB
Tue Dec 03 16:01:58 Loaded file C:\ORCAD\ORCAD_10.5\TOOLS\LAYOUT_PLUS\LIBRARY\RESIST.LLB
Tue Dec 03 16:01:58 Loaded file C:\ORCAD\ORCAD_10.5\TOOLS\LAYOUT_PLUS\LIBRARY\SHEET01.LLB
Tue Dec 03 16:01:58 Loaded file C:\ORCAD\ORCAD_10.5\TOOLS\LAYOUT_PLUS\LIBRARY\SHEET02.LLB
Tue Dec 03 16:01:58 Loaded file C:\ORCAD\ORCAD_10.5\TOOLS\LAYOUT_PLUS\LIBRARY\SHEET03.LLB
Tue Dec 03 16:01:58 Loaded file C:\ORCAD\ORCAD_10.5\TOOLS\LAYOUT_PLUS\LIBRARY\SHEET04.LLB
Tue Dec 03 16:01:58 Loaded file C:\ORCAD\ORCAD_10.5\TOOLS\LAYOUT_PLUS\LIBRARY\SHEET05.LLB
Tue Dec 03 16:01:58 Loaded file C:\ORCAD\ORCAD_10.5\TOOLS\LAYOUT_PLUS\LIBRARY\SHEET06.LLB
Tue Dec 03 16:01:58 Loaded file C:\ORCAD\ORCAD_10.5\TOOLS\LAYOUT_PLUS\LIBRARY\SHEET08.LLB
Tue Dec 03 16:01:58 Loaded file C:\ORCAD\ORCAD_10.5\TOOLS\LAYOUT_PLUS\LIBRARY\SHEET09.LLB
Tue Dec 03 16:01:58 Loaded file C:\ORCAD\ORCAD_10.5\TOOLS\LAYOUT_PLUS\LIBRARY\SHEET10.LLB
Tue Dec 03 16:01:58 Loaded file C:\ORCAD\ORCAD_10.5\TOOLS\LAYOUT_PLUS\LIBRARY\SHEET11.LLB
Tue Dec 03 16:01:58 Loaded file C:\ORCAD\ORCAD_10.5\TOOLS\LAYOUT_PLUS\LIBRARY\SHEET12.LLB
Tue Dec 03 16:01:58 Loaded file C:\ORCAD\ORCAD_10.5\TOOLS\LAYOUT_PLUS\LIBRARY\SHEET13.LLB
Tue Dec 03 16:01:58 Loaded file C:\ORCAD\ORCAD_10.5\TOOLS\LAYOUT_PLUS\LIBRARY\SHEET14.LLB
Tue Dec 03 16:01:58 Loaded file C:\ORCAD\ORCAD_10.5\TOOLS\LAYOUT_PLUS\LIBRARY\SHEET15.LLB
Tue Dec 03 16:01:58 Loaded file C:\ORCAD\ORCAD_10.5\TOOLS\LAYOUT_PLUS\LIBRARY\SHEET16.LLB
Tue Dec 03 16:01:58 Loaded file C:\ORCAD\ORCAD_10.5\TOOLS\LAYOUT_PLUS\LIBRARY\SHEET17.LLB
Tue Dec 03 16:01:58 Loaded file C:\ORCAD\ORCAD_10.5\TOOLS\LAYOUT_PLUS\LIBRARY\SHEET18.LLB
Tue Dec 03 16:01:58 Loaded file C:\ORCAD\ORCAD_10.5\TOOLS\LAYOUT_PLUS\LIBRARY\SHEET19.LLB
Tue Dec 03 16:01:58 Loaded file C:\ORCAD\ORCAD_10.5\TOOLS\LAYOUT_PLUS\LIBRARY\SHEET20.LLB
Tue Dec 03 16:01:58 Loaded file C:\ORCAD\ORCAD_10.5\TOOLS\LAYOUT_PLUS\LIBRARY\SHEET21.LLB
Tue Dec 03 16:01:58 Loaded file C:\ORCAD\ORCAD_10.5\TOOLS\LAYOUT_PLUS\LIBRARY\SHEET22.LLB
Tue Dec 03 16:01:58 Loaded file C:\ORCAD\ORCAD_10.5\TOOLS\LAYOUT_PLUS\LIBRARY\SHEET23.LLB
Tue Dec 03 16:01:58 Loaded file C:\ORCAD\ORCAD_10.5\TOOLS\LAYOUT_PLUS\LIBRARY\SHEET24.LLB
Tue Dec 03 16:01:58 Loaded file C:\ORCAD\ORCAD_10.5\TOOLS\LAYOUT_PLUS\LIBRARY\SHEET25.LLB
Tue Dec 03 16:01:58 Loaded file C:\ORCAD\ORCAD_10.5\TOOLS\LAYOUT_PLUS\LIBRARY\SHEET26.LLB
Tue Dec 03 16:01:58 Loaded file C:\ORCAD\ORCAD_10.5\TOOLS\LAYOUT_PLUS\LIBRARY\SHEET27.LLB
Tue Dec 03 16:01:58 Loaded file C:\ORCAD\ORCAD_10.5\TOOLS\LAYOUT_PLUS\LIBRARY\SHEET28.LLB
Tue Dec 03 16:01:58 Loaded file C:\ORCAD\ORCAD_10.5\TOOLS\LAYOUT_PLUS\LIBRARY\SHEET29.LLB
Tue Dec 03 16:01:58 Loaded file C:\ORCAD\ORCAD_10.5\TOOLS\LAYOUT_PLUS\LIBRARY\SHEET30.LLB
Tue Dec 03 16:01:58 Loaded file C:\ORCAD\ORCAD_10.5\TOOLS\LAYOUT_PLUS\LIBRARY\SHEET31.LLB
Tue Dec 03 16:01:58 Loaded file C:\ORCAD\ORCAD_10.5\TOOLS\LAYOUT_PLUS\LIBRARY\SHEET32.LLB
Tue Dec 03 16:01:58 Loaded file C:\ORCAD\ORCAD_10.5\TOOLS\LAYOUT_PLUS\LIBRARY\SHEET33.LLB
Tue Dec 03 16:01:58 Loaded file C:\ORCAD\ORCAD_10.5\TOOLS\LAYOUT_PLUS\LIBRARY\SHEET34.LLB
Tue Dec 03 16:01:58 Loaded file C:\ORCAD\ORCAD_10.5\TOOLS\LAYOUT_PLUS\LIBRARY\SMD.LLB
Tue Dec 03 16:01:58 Loaded file C:\ORCAD\ORCAD_10.5\TOOLS\LAYOUT_PLUS\LIBRARY\SWITCH.LLB
Tue Dec 03 16:01:58 Loaded file C:\ORCAD\ORCAD_10.5\TOOLS\LAYOUT_PLUS\LIBRARY\TONEW.LLB
Tue Dec 03 16:01:58 Loaded file C:\ORCAD\ORCAD_10.5\TOOLS\LAYOUT_PLUS\LIBRARY\TRANSFORMER.LLB
Tue Dec 03 16:01:58 Loaded file C:\ORCAD\ORCAD_10.5\TOOLS\LAYOUT_PLUS\LIBRARY\TRIMMER.LLB
Tue Dec 03 16:01:58 Loaded file C:\OrCAD\OrCAD_10.5\tools\Layout_Plus\library\BCON100T.llb
Tue Dec 03 16:01:58 Loaded file C:\OrCAD\OrCAD_10.5\tools\Layout_Plus\library\BCON156T.llb
Tue Dec 03 16:01:58 Loaded file C:\OrCAD\OrCAD_10.5\tools\Layout_Plus\library\BGA.llb
Tue Dec 03 16:01:58 Loaded file C:\OrCAD\OrCAD_10.5\tools\Layout_Plus\library\CLCC.llb
Tue Dec 03 16:01:58 Loaded file C:\OrCAD\OrCAD_10.5\tools\Layout_Plus\library\DCON050T.llb
Tue Dec 03 16:01:58 Loaded file C:\OrCAD\OrCAD_10.5\tools\Layout_Plus\library\DCON085T.llb
Tue Dec 03 16:01:58 Loaded file C:\OrCAD\OrCAD_10.5\tools\Layout_Plus\library\DIMM050F.llb
Tue Dec 03 16:01:58 Loaded file C:\OrCAD\OrCAD_10.5\tools\Layout_Plus\library\DIMM050T.llb
Tue Dec 03 16:01:58 Loaded file C:\OrCAD\OrCAD_10.5\tools\Layout_Plus\library\DIN.llb
Tue Dec 03 16:01:58 Loaded file C:\OrCAD\OrCAD_10.5\tools\Layout_Plus\library\DIP100B.llb
Tue Dec 03 16:01:58 Loaded file C:\OrCAD\OrCAD_10.5\tools\Layout_Plus\library\DIP100T.llb
Tue Dec 03 16:01:58 Loaded file C:\OrCAD\OrCAD_10.5\tools\Layout_Plus\library\DSUBT.llb
Tue Dec 03 16:01:58 Loaded file C:\OrCAD\OrCAD_10.5\tools\Layout_Plus\library\DSUBT_HD.LLB
Tue Dec 03 16:01:58 Loaded file C:\OrCAD\OrCAD_10.5\tools\Layout_Plus\library\ECON100T.llb
Tue Dec 03 16:01:58 Loaded file C:\OrCAD\OrCAD_10.5\tools\Layout_Plus\library\FBUS.llb
Tue Dec 03 16:01:58 Loaded file C:\OrCAD\OrCAD_10.5\tools\Layout_Plus\library\ISA.llb
Tue Dec 03 16:01:58 Loaded file C:\OrCAD\OrCAD_10.5\tools\Layout_Plus\library\JUMPER.LLB
Tue Dec 03 16:01:58 Loaded file C:\OrCAD\OrCAD_10.5\tools\Layout_Plus\library\LAYOUT.llb
Tue Dec 03 16:01:58 Loaded file C:\OrCAD\OrCAD_10.5\tools\Layout_Plus\library\LCON100T.llb
Tue Dec 03 16:01:58 Loaded file C:\OrCAD\OrCAD_10.5\tools\Layout_Plus\library\PC104.llb
Tue Dec 03 16:01:58 Loaded file C:\OrCAD\OrCAD_10.5\tools\Layout_Plus\library\PCI.llb
Tue Dec 03 16:01:58 Loaded file C:\OrCAD\OrCAD_10.5\tools\Layout_Plus\library\PCON100T.llb
Tue Dec 03 16:01:58 Loaded file C:\OrCAD\OrCAD_10.5\tools\Layout_Plus\library\PCON156T.llb
Tue Dec 03 16:01:58 Loaded file C:\OrCAD\OrCAD_10.5\tools\Layout_Plus\library\PGA.llb
Tue Dec 03 16:01:58 Loaded file C:\OrCAD\OrCAD_10.5\tools\Layout_Plus\library\PLCC.llb
Tue Dec 03 16:01:58 Loaded file C:\OrCAD\OrCAD_10.5\tools\Layout_Plus\library\QUAD.llb
Tue Dec 03 16:01:58 Loaded file C:\OrCAD\OrCAD_10.5\tools\Layout_Plus\library\QUADB.llb
Tue Dec 03 16:01:58 Loaded file C:\OrCAD\OrCAD_10.5\tools\Layout_Plus\library\RELAY.llb
Tue Dec 03 16:01:58 Loaded file C:\OrCAD\OrCAD_10.5\tools\Layout_Plus\library\RF.llb
Tue Dec 03 16:01:58 Loaded file C:\OrCAD\OrCAD_10.5\tools\Layout_Plus\library\SBUS.llb
Tue Dec 03 16:01:58 Loaded file C:\OrCAD\OrCAD_10.5\tools\Layout_Plus\library\SIMM050F.llb
Tue Dec 03 16:01:58 Loaded file C:\OrCAD\OrCAD_10.5\tools\Layout_Plus\library\SIMM050T.llb
Tue Dec 03 16:01:58 Loaded file C:\OrCAD\OrCAD_10.5\tools\Layout_Plus\library\SIMM100F.llb
Tue Dec 03 16:01:58 Loaded file C:\OrCAD\OrCAD_10.5\tools\Layout_Plus\library\SIMM100T.llb
Tue Dec 03 16:01:58 Loaded file C:\OrCAD\OrCAD_10.5\tools\Layout_Plus\library\SIP.llb
Tue Dec 03 16:01:58 Loaded file C:\OrCAD\OrCAD_10.5\tools\Layout_Plus\library\SM.llb
Tue Dec 03 16:01:58 Loaded file C:\OrCAD\OrCAD_10.5\tools\Layout_Plus\library\SOG.llb
Tue Dec 03 16:01:58 Loaded file C:\OrCAD\OrCAD_10.5\tools\Layout_Plus\library\SOJ.llb
Tue Dec 03 16:01:58 Loaded file C:\OrCAD\OrCAD_10.5\tools\Layout_Plus\library\STIFF.llb
Tue Dec 03 16:01:58 Loaded file C:\OrCAD\OrCAD_10.5\tools\Layout_Plus\library\TELE.llb
Tue Dec 03 16:01:58 Loaded file C:\OrCAD\OrCAD_10.5\tools\Layout_Plus\library\TM_AXIAL.llb
Tue Dec 03 16:01:58 Loaded file C:\OrCAD\OrCAD_10.5\tools\Layout_Plus\library\TM_CAP_P.llb
Tue Dec 03 16:01:58 Loaded file C:\OrCAD\OrCAD_10.5\tools\Layout_Plus\library\TM_CYLND.llb
Tue Dec 03 16:01:58 Loaded file C:\OrCAD\OrCAD_10.5\tools\Layout_Plus\library\TM_DIODE.llb
Tue Dec 03 16:01:58 Loaded file C:\OrCAD\OrCAD_10.5\tools\Layout_Plus\library\TM_DISC.llb
Tue Dec 03 16:01:58 Loaded file C:\OrCAD\OrCAD_10.5\tools\Layout_Plus\library\TM_RAD.llb
Tue Dec 03 16:01:58 Loaded file C:\OrCAD\OrCAD_10.5\tools\Layout_Plus\library\TO.llb
Tue Dec 03 16:01:58 Loaded file C:\OrCAD\OrCAD_10.5\tools\Layout_Plus\library\TRAINING.LLB
Tue Dec 03 16:01:58 Loaded file C:\OrCAD\OrCAD_10.5\tools\Layout_Plus\library\VRES.llb
Tue Dec 03 16:01:58 Loaded file C:\OrCAD\OrCAD_10.5\tools\Layout_Plus\library\WCON100T.llb
Tue Dec 03 16:01:58 Loaded file C:\OrCAD\OrCAD_10.5\tools\Layout_Plus\library\XT.llb
Tue Dec 03 16:01:58 Loaded file C:\OrCAD\OrCAD_10.5\tools\Layout_Plus\library\ZIGZAG.llb
Tue Dec 03 16:02:24 Loaded file C:\ORCAD_DATA\PROJECT_LAYOUT\LIBS\STM32F103VBT6.LLB
Tue Dec 03 16:02:24 Loaded file C:\ORCAD_DATA\PROJECT_LAYOUT\LIBS\LTC4054.LLB
Tue Dec 03 16:02:24 Loaded file C:\ORCAD\ORCAD_10.5\TOOLS\LAYOUT_PLUS\LIBRARY\CAP_ASS.LLB
Tue Dec 03 16:02:24 Loaded file C:\ORCAD\ORCAD_10.5\TOOLS\LAYOUT_PLUS\LIBRARY\CAP_RAD.LLB
Tue Dec 03 16:02:24 Loaded file C:\ORCAD\ORCAD_10.5\TOOLS\LAYOUT_PLUS\LIBRARY\CONN_COAX.LLB
Tue Dec 03 16:02:24 Loaded file C:\ORCAD\ORCAD_10.5\TOOLS\LAYOUT_PLUS\LIBRARY\CONN_DIN.LLB
Tue Dec 03 16:02:24 Loaded file C:\ORCAD\ORCAD_10.5\TOOLS\LAYOUT_PLUS\LIBRARY\CONN_DSUB.LLB
Tue Dec 03 16:02:24 Loaded file C:\ORCAD\ORCAD_10.5\TOOLS\LAYOUT_PLUS\LIBRARY\CONN_STRIP.LLB
Tue Dec 03 16:02:24 Loaded file C:\ORCAD\ORCAD_10.5\TOOLS\LAYOUT_PLUS\LIBRARY\DEVICE.LLB
Tue Dec 03 16:02:24 Loaded file C:\ORCAD\ORCAD_10.5\TOOLS\LAYOUT_PLUS\LIBRARY\DIODE.LLB
Tue Dec 03 16:02:24 Loaded file C:\ORCAD\ORCAD_10.5\TOOLS\LAYOUT_PLUS\LIBRARY\DIP.LLB
Tue Dec 03 16:02:24 Loaded file C:\ORCAD\ORCAD_10.5\TOOLS\LAYOUT_PLUS\LIBRARY\EMPTY.LLB
Tue Dec 03 16:02:24 Loaded file C:\ORCAD\ORCAD_10.5\TOOLS\LAYOUT_PLUS\LIBRARY\EX_GUI.LLB
Tue Dec 03 16:02:24 Loaded file C:\ORCAD\ORCAD_10.5\TOOLS\LAYOUT_PLUS\LIBRARY\INDUTTORI.LLB
Tue Dec 03 16:02:24 Loaded file C:\ORCAD\ORCAD_10.5\TOOLS\LAYOUT_PLUS\LIBRARY\METRIC.LLB
Tue Dec 03 16:02:24 Loaded file C:\ORCAD\ORCAD_10.5\TOOLS\LAYOUT_PLUS\LIBRARY\MORSETTIERE.LLB
Tue Dec 03 16:02:24 Loaded file C:\ORCAD\ORCAD_10.5\TOOLS\LAYOUT_PLUS\LIBRARY\OPTOELETTRONICA.LLB
Tue Dec 03 16:02:24 Loaded file C:\ORCAD\ORCAD_10.5\TOOLS\LAYOUT_PLUS\LIBRARY\PADSTACK.LLB
Tue Dec 03 16:02:24 Loaded file C:\ORCAD\ORCAD_10.5\TOOLS\LAYOUT_PLUS\LIBRARY\PLCCNEW.LLB
Tue Dec 03 16:02:24 Loaded file C:\ORCAD\ORCAD_10.5\TOOLS\LAYOUT_PLUS\LIBRARY\PQFP.LLB
Tue Dec 03 16:02:24 Loaded file C:\ORCAD\ORCAD_10.5\TOOLS\LAYOUT_PLUS\LIBRARY\QUARZI.LLB
Tue Dec 03 16:02:24 Loaded file C:\ORCAD\ORCAD_10.5\TOOLS\LAYOUT_PLUS\LIBRARY\RELAYNEW.LLB
Tue Dec 03 16:02:24 Loaded file C:\ORCAD\ORCAD_10.5\TOOLS\LAYOUT_PLUS\LIBRARY\RESIST.LLB
Tue Dec 03 16:02:24 Loaded file C:\ORCAD\ORCAD_10.5\TOOLS\LAYOUT_PLUS\LIBRARY\SHEET01.LLB
Tue Dec 03 16:02:24 Loaded file C:\ORCAD\ORCAD_10.5\TOOLS\LAYOUT_PLUS\LIBRARY\SHEET02.LLB
Tue Dec 03 16:02:24 Loaded file C:\ORCAD\ORCAD_10.5\TOOLS\LAYOUT_PLUS\LIBRARY\SHEET03.LLB
Tue Dec 03 16:02:24 Loaded file C:\ORCAD\ORCAD_10.5\TOOLS\LAYOUT_PLUS\LIBRARY\SHEET04.LLB
Tue Dec 03 16:02:24 Loaded file C:\ORCAD\ORCAD_10.5\TOOLS\LAYOUT_PLUS\LIBRARY\SHEET05.LLB
Tue Dec 03 16:02:24 Loaded file C:\ORCAD\ORCAD_10.5\TOOLS\LAYOUT_PLUS\LIBRARY\SHEET06.LLB
Tue Dec 03 16:02:24 Loaded file C:\ORCAD\ORCAD_10.5\TOOLS\LAYOUT_PLUS\LIBRARY\SHEET08.LLB
Tue Dec 03 16:02:24 Loaded file C:\ORCAD\ORCAD_10.5\TOOLS\LAYOUT_PLUS\LIBRARY\SHEET09.LLB
Tue Dec 03 16:02:24 Loaded file C:\ORCAD\ORCAD_10.5\TOOLS\LAYOUT_PLUS\LIBRARY\SHEET10.LLB
Tue Dec 03 16:02:24 Loaded file C:\ORCAD\ORCAD_10.5\TOOLS\LAYOUT_PLUS\LIBRARY\SHEET11.LLB
Tue Dec 03 16:02:24 Loaded file C:\ORCAD\ORCAD_10.5\TOOLS\LAYOUT_PLUS\LIBRARY\SHEET12.LLB
Tue Dec 03 16:02:24 Loaded file C:\ORCAD\ORCAD_10.5\TOOLS\LAYOUT_PLUS\LIBRARY\SHEET13.LLB
Tue Dec 03 16:02:24 Loaded file C:\ORCAD\ORCAD_10.5\TOOLS\LAYOUT_PLUS\LIBRARY\SHEET14.LLB
Tue Dec 03 16:02:24 Loaded file C:\ORCAD\ORCAD_10.5\TOOLS\LAYOUT_PLUS\LIBRARY\SHEET15.LLB
Tue Dec 03 16:02:24 Loaded file C:\ORCAD\ORCAD_10.5\TOOLS\LAYOUT_PLUS\LIBRARY\SHEET16.LLB
Tue Dec 03 16:02:24 Loaded file C:\ORCAD\ORCAD_10.5\TOOLS\LAYOUT_PLUS\LIBRARY\SHEET17.LLB
Tue Dec 03 16:02:24 Loaded file C:\ORCAD\ORCAD_10.5\TOOLS\LAYOUT_PLUS\LIBRARY\SHEET18.LLB
Tue Dec 03 16:02:24 Loaded file C:\ORCAD\ORCAD_10.5\TOOLS\LAYOUT_PLUS\LIBRARY\SHEET19.LLB
Tue Dec 03 16:02:24 Loaded file C:\ORCAD\ORCAD_10.5\TOOLS\LAYOUT_PLUS\LIBRARY\SHEET20.LLB
Tue Dec 03 16:02:24 Loaded file C:\ORCAD\ORCAD_10.5\TOOLS\LAYOUT_PLUS\LIBRARY\SHEET21.LLB
Tue Dec 03 16:02:24 Loaded file C:\ORCAD\ORCAD_10.5\TOOLS\LAYOUT_PLUS\LIBRARY\SHEET22.LLB
Tue Dec 03 16:02:24 Loaded file C:\ORCAD\ORCAD_10.5\TOOLS\LAYOUT_PLUS\LIBRARY\SHEET23.LLB
Tue Dec 03 16:02:24 Loaded file C:\ORCAD\ORCAD_10.5\TOOLS\LAYOUT_PLUS\LIBRARY\SHEET24.LLB
Tue Dec 03 16:02:24 Loaded file C:\ORCAD\ORCAD_10.5\TOOLS\LAYOUT_PLUS\LIBRARY\SHEET25.LLB
Tue Dec 03 16:02:24 Loaded file C:\ORCAD\ORCAD_10.5\TOOLS\LAYOUT_PLUS\LIBRARY\SHEET26.LLB
Tue Dec 03 16:02:24 Loaded file C:\ORCAD\ORCAD_10.5\TOOLS\LAYOUT_PLUS\LIBRARY\SHEET27.LLB
Tue Dec 03 16:02:24 Loaded file C:\ORCAD\ORCAD_10.5\TOOLS\LAYOUT_PLUS\LIBRARY\SHEET28.LLB
Tue Dec 03 16:02:25 Loaded file C:\ORCAD\ORCAD_10.5\TOOLS\LAYOUT_PLUS\LIBRARY\SHEET29.LLB
Tue Dec 03 16:02:25 Loaded file C:\ORCAD\ORCAD_10.5\TOOLS\LAYOUT_PLUS\LIBRARY\SHEET30.LLB
Tue Dec 03 16:02:25 Loaded file C:\ORCAD\ORCAD_10.5\TOOLS\LAYOUT_PLUS\LIBRARY\SHEET31.LLB
Tue Dec 03 16:02:25 Loaded file C:\ORCAD\ORCAD_10.5\TOOLS\LAYOUT_PLUS\LIBRARY\SHEET32.LLB
Tue Dec 03 16:02:25 Loaded file C:\ORCAD\ORCAD_10.5\TOOLS\LAYOUT_PLUS\LIBRARY\SHEET33.LLB
Tue Dec 03 16:02:25 Loaded file C:\ORCAD\ORCAD_10.5\TOOLS\LAYOUT_PLUS\LIBRARY\SHEET34.LLB
Tue Dec 03 16:02:25 Loaded file C:\ORCAD\ORCAD_10.5\TOOLS\LAYOUT_PLUS\LIBRARY\SMD.LLB
Tue Dec 03 16:02:25 Loaded file C:\ORCAD\ORCAD_10.5\TOOLS\LAYOUT_PLUS\LIBRARY\SWITCH.LLB
Tue Dec 03 16:02:25 Loaded file C:\ORCAD\ORCAD_10.5\TOOLS\LAYOUT_PLUS\LIBRARY\TONEW.LLB
Tue Dec 03 16:02:25 Loaded file C:\ORCAD\ORCAD_10.5\TOOLS\LAYOUT_PLUS\LIBRARY\TRANSFORMER.LLB
Tue Dec 03 16:02:25 Loaded file C:\ORCAD\ORCAD_10.5\TOOLS\LAYOUT_PLUS\LIBRARY\TRIMMER.LLB
Tue Dec 03 16:02:25 Loaded file C:\OrCAD\OrCAD_10.5\tools\Layout_Plus\library\BCON100T.llb
Tue Dec 03 16:02:25 Loaded file C:\OrCAD\OrCAD_10.5\tools\Layout_Plus\library\BCON156T.llb
Tue Dec 03 16:02:25 Loaded file C:\OrCAD\OrCAD_10.5\tools\Layout_Plus\library\BGA.llb
Tue Dec 03 16:02:25 Loaded file C:\OrCAD\OrCAD_10.5\tools\Layout_Plus\library\CLCC.llb
Tue Dec 03 16:02:25 Loaded file C:\OrCAD\OrCAD_10.5\tools\Layout_Plus\library\DCON050T.llb
Tue Dec 03 16:02:25 Loaded file C:\OrCAD\OrCAD_10.5\tools\Layout_Plus\library\DCON085T.llb
Tue Dec 03 16:02:25 Loaded file C:\OrCAD\OrCAD_10.5\tools\Layout_Plus\library\DIMM050F.llb
Tue Dec 03 16:02:25 Loaded file C:\OrCAD\OrCAD_10.5\tools\Layout_Plus\library\DIMM050T.llb
Tue Dec 03 16:02:25 Loaded file C:\OrCAD\OrCAD_10.5\tools\Layout_Plus\library\DIN.llb
Tue Dec 03 16:02:25 Loaded file C:\OrCAD\OrCAD_10.5\tools\Layout_Plus\library\DIP100B.llb
Tue Dec 03 16:02:25 Loaded file C:\OrCAD\OrCAD_10.5\tools\Layout_Plus\library\DIP100T.llb
Tue Dec 03 16:02:25 Loaded file C:\OrCAD\OrCAD_10.5\tools\Layout_Plus\library\DSUBT.llb
Tue Dec 03 16:02:25 Loaded file C:\OrCAD\OrCAD_10.5\tools\Layout_Plus\library\DSUBT_HD.LLB
Tue Dec 03 16:02:25 Loaded file C:\OrCAD\OrCAD_10.5\tools\Layout_Plus\library\ECON100T.llb
Tue Dec 03 16:02:25 Loaded file C:\OrCAD\OrCAD_10.5\tools\Layout_Plus\library\FBUS.llb
Tue Dec 03 16:02:25 Loaded file C:\OrCAD\OrCAD_10.5\tools\Layout_Plus\library\ISA.llb
Tue Dec 03 16:02:25 Loaded file C:\OrCAD\OrCAD_10.5\tools\Layout_Plus\library\JUMPER.LLB
Tue Dec 03 16:02:25 Loaded file C:\OrCAD\OrCAD_10.5\tools\Layout_Plus\library\LAYOUT.llb
Tue Dec 03 16:02:25 Loaded file C:\OrCAD\OrCAD_10.5\tools\Layout_Plus\library\LCON100T.llb
Tue Dec 03 16:02:25 Loaded file C:\OrCAD\OrCAD_10.5\tools\Layout_Plus\library\PC104.llb
Tue Dec 03 16:02:25 Loaded file C:\OrCAD\OrCAD_10.5\tools\Layout_Plus\library\PCI.llb
Tue Dec 03 16:02:25 Loaded file C:\OrCAD\OrCAD_10.5\tools\Layout_Plus\library\PCON100T.llb
Tue Dec 03 16:02:25 Loaded file C:\OrCAD\OrCAD_10.5\tools\Layout_Plus\library\PCON156T.llb
Tue Dec 03 16:02:25 Loaded file C:\OrCAD\OrCAD_10.5\tools\Layout_Plus\library\PGA.llb
Tue Dec 03 16:02:25 Loaded file C:\OrCAD\OrCAD_10.5\tools\Layout_Plus\library\PLCC.llb
Tue Dec 03 16:02:25 Loaded file C:\OrCAD\OrCAD_10.5\tools\Layout_Plus\library\QUAD.llb
Tue Dec 03 16:02:25 Loaded file C:\OrCAD\OrCAD_10.5\tools\Layout_Plus\library\QUADB.llb
Tue Dec 03 16:02:25 Loaded file C:\OrCAD\OrCAD_10.5\tools\Layout_Plus\library\RELAY.llb
Tue Dec 03 16:02:25 Loaded file C:\OrCAD\OrCAD_10.5\tools\Layout_Plus\library\RF.llb
Tue Dec 03 16:02:25 Loaded file C:\OrCAD\OrCAD_10.5\tools\Layout_Plus\library\SBUS.llb
Tue Dec 03 16:02:25 Loaded file C:\OrCAD\OrCAD_10.5\tools\Layout_Plus\library\SIMM050F.llb
Tue Dec 03 16:02:25 Loaded file C:\OrCAD\OrCAD_10.5\tools\Layout_Plus\library\SIMM050T.llb
Tue Dec 03 16:02:25 Loaded file C:\OrCAD\OrCAD_10.5\tools\Layout_Plus\library\SIMM100F.llb
Tue Dec 03 16:02:25 Loaded file C:\OrCAD\OrCAD_10.5\tools\Layout_Plus\library\SIMM100T.llb
Tue Dec 03 16:02:25 Loaded file C:\OrCAD\OrCAD_10.5\tools\Layout_Plus\library\SIP.llb
Tue Dec 03 16:02:25 Loaded file C:\OrCAD\OrCAD_10.5\tools\Layout_Plus\library\SM.llb
Tue Dec 03 16:02:25 Loaded file C:\OrCAD\OrCAD_10.5\tools\Layout_Plus\library\SOG.llb
Tue Dec 03 16:02:25 Loaded file C:\OrCAD\OrCAD_10.5\tools\Layout_Plus\library\SOJ.llb
Tue Dec 03 16:02:25 Loaded file C:\OrCAD\OrCAD_10.5\tools\Layout_Plus\library\STIFF.llb
Tue Dec 03 16:02:25 Loaded file C:\OrCAD\OrCAD_10.5\tools\Layout_Plus\library\TELE.llb
Tue Dec 03 16:02:25 Loaded file C:\OrCAD\OrCAD_10.5\tools\Layout_Plus\library\TM_AXIAL.llb
Tue Dec 03 16:02:25 Loaded file C:\OrCAD\OrCAD_10.5\tools\Layout_Plus\library\TM_CAP_P.llb
Tue Dec 03 16:02:25 Loaded file C:\OrCAD\OrCAD_10.5\tools\Layout_Plus\library\TM_CYLND.llb
Tue Dec 03 16:02:25 Loaded file C:\OrCAD\OrCAD_10.5\tools\Layout_Plus\library\TM_DIODE.llb
Tue Dec 03 16:02:25 Loaded file C:\OrCAD\OrCAD_10.5\tools\Layout_Plus\library\TM_DISC.llb
Tue Dec 03 16:02:25 Loaded file C:\OrCAD\OrCAD_10.5\tools\Layout_Plus\library\TM_RAD.llb
Tue Dec 03 16:02:25 Loaded file C:\OrCAD\OrCAD_10.5\tools\Layout_Plus\library\TO.llb
Tue Dec 03 16:02:25 Loaded file C:\OrCAD\OrCAD_10.5\tools\Layout_Plus\library\TRAINING.LLB
Tue Dec 03 16:02:25 Loaded file C:\OrCAD\OrCAD_10.5\tools\Layout_Plus\library\VRES.llb
Tue Dec 03 16:02:25 Loaded file C:\OrCAD\OrCAD_10.5\tools\Layout_Plus\library\WCON100T.llb
Tue Dec 03 16:02:25 Loaded file C:\OrCAD\OrCAD_10.5\tools\Layout_Plus\library\XT.llb
Tue Dec 03 16:02:25 Loaded file C:\OrCAD\OrCAD_10.5\tools\Layout_Plus\library\ZIGZAG.llb
Tue Dec 03 16:02:35 Loaded file C:\ORCAD_DATA\PROJECT_LAYOUT\LIBS\STM32F103VBT6.LLB
Tue Dec 03 16:02:35 Loaded file C:\ORCAD_DATA\PROJECT_LAYOUT\LIBS\LTC4054.LLB
Tue Dec 03 16:02:35 Loaded file C:\ORCAD\ORCAD_10.5\TOOLS\LAYOUT_PLUS\LIBRARY\CAP_ASS.LLB
Tue Dec 03 16:02:35 Loaded file C:\ORCAD\ORCAD_10.5\TOOLS\LAYOUT_PLUS\LIBRARY\CAP_RAD.LLB
Tue Dec 03 16:02:35 Loaded file C:\ORCAD\ORCAD_10.5\TOOLS\LAYOUT_PLUS\LIBRARY\CONN_COAX.LLB
Tue Dec 03 16:02:35 Loaded file C:\ORCAD\ORCAD_10.5\TOOLS\LAYOUT_PLUS\LIBRARY\CONN_DIN.LLB
Tue Dec 03 16:02:35 Loaded file C:\ORCAD\ORCAD_10.5\TOOLS\LAYOUT_PLUS\LIBRARY\CONN_DSUB.LLB
Tue Dec 03 16:02:35 Loaded file C:\ORCAD\ORCAD_10.5\TOOLS\LAYOUT_PLUS\LIBRARY\CONN_STRIP.LLB
Tue Dec 03 16:02:35 Loaded file C:\ORCAD\ORCAD_10.5\TOOLS\LAYOUT_PLUS\LIBRARY\DEVICE.LLB
Tue Dec 03 16:02:35 Loaded file C:\ORCAD\ORCAD_10.5\TOOLS\LAYOUT_PLUS\LIBRARY\DIODE.LLB
Tue Dec 03 16:02:35 Loaded file C:\ORCAD\ORCAD_10.5\TOOLS\LAYOUT_PLUS\LIBRARY\DIP.LLB
Tue Dec 03 16:02:35 Loaded file C:\ORCAD\ORCAD_10.5\TOOLS\LAYOUT_PLUS\LIBRARY\EMPTY.LLB
Tue Dec 03 16:02:35 Loaded file C:\ORCAD\ORCAD_10.5\TOOLS\LAYOUT_PLUS\LIBRARY\EX_GUI.LLB
Tue Dec 03 16:02:35 Loaded file C:\ORCAD\ORCAD_10.5\TOOLS\LAYOUT_PLUS\LIBRARY\INDUTTORI.LLB
Tue Dec 03 16:02:35 Loaded file C:\ORCAD\ORCAD_10.5\TOOLS\LAYOUT_PLUS\LIBRARY\METRIC.LLB
Tue Dec 03 16:02:35 Loaded file C:\ORCAD\ORCAD_10.5\TOOLS\LAYOUT_PLUS\LIBRARY\MORSETTIERE.LLB
Tue Dec 03 16:02:35 Loaded file C:\ORCAD\ORCAD_10.5\TOOLS\LAYOUT_PLUS\LIBRARY\OPTOELETTRONICA.LLB
Tue Dec 03 16:02:35 Loaded file C:\ORCAD\ORCAD_10.5\TOOLS\LAYOUT_PLUS\LIBRARY\PADSTACK.LLB
Tue Dec 03 16:02:35 Loaded file C:\ORCAD\ORCAD_10.5\TOOLS\LAYOUT_PLUS\LIBRARY\PLCCNEW.LLB
Tue Dec 03 16:02:35 Loaded file C:\ORCAD\ORCAD_10.5\TOOLS\LAYOUT_PLUS\LIBRARY\PQFP.LLB
Tue Dec 03 16:02:35 Loaded file C:\ORCAD\ORCAD_10.5\TOOLS\LAYOUT_PLUS\LIBRARY\QUARZI.LLB
Tue Dec 03 16:02:35 Loaded file C:\ORCAD\ORCAD_10.5\TOOLS\LAYOUT_PLUS\LIBRARY\RELAYNEW.LLB
Tue Dec 03 16:02:35 Loaded file C:\ORCAD\ORCAD_10.5\TOOLS\LAYOUT_PLUS\LIBRARY\RESIST.LLB
Tue Dec 03 16:02:35 Loaded file C:\ORCAD\ORCAD_10.5\TOOLS\LAYOUT_PLUS\LIBRARY\SHEET01.LLB
Tue Dec 03 16:02:35 Loaded file C:\ORCAD\ORCAD_10.5\TOOLS\LAYOUT_PLUS\LIBRARY\SHEET02.LLB
Tue Dec 03 16:02:35 Loaded file C:\ORCAD\ORCAD_10.5\TOOLS\LAYOUT_PLUS\LIBRARY\SHEET03.LLB
Tue Dec 03 16:02:35 Loaded file C:\ORCAD\ORCAD_10.5\TOOLS\LAYOUT_PLUS\LIBRARY\SHEET04.LLB
Tue Dec 03 16:02:35 Loaded file C:\ORCAD\ORCAD_10.5\TOOLS\LAYOUT_PLUS\LIBRARY\SHEET05.LLB
Tue Dec 03 16:02:35 Loaded file C:\ORCAD\ORCAD_10.5\TOOLS\LAYOUT_PLUS\LIBRARY\SHEET06.LLB
Tue Dec 03 16:02:35 Loaded file C:\ORCAD\ORCAD_10.5\TOOLS\LAYOUT_PLUS\LIBRARY\SHEET08.LLB
Tue Dec 03 16:02:35 Loaded file C:\ORCAD\ORCAD_10.5\TOOLS\LAYOUT_PLUS\LIBRARY\SHEET09.LLB
Tue Dec 03 16:02:35 Loaded file C:\ORCAD\ORCAD_10.5\TOOLS\LAYOUT_PLUS\LIBRARY\SHEET10.LLB
Tue Dec 03 16:02:35 Loaded file C:\ORCAD\ORCAD_10.5\TOOLS\LAYOUT_PLUS\LIBRARY\SHEET11.LLB
Tue Dec 03 16:02:35 Loaded file C:\ORCAD\ORCAD_10.5\TOOLS\LAYOUT_PLUS\LIBRARY\SHEET12.LLB
Tue Dec 03 16:02:35 Loaded file C:\ORCAD\ORCAD_10.5\TOOLS\LAYOUT_PLUS\LIBRARY\SHEET13.LLB
Tue Dec 03 16:02:35 Loaded file C:\ORCAD\ORCAD_10.5\TOOLS\LAYOUT_PLUS\LIBRARY\SHEET14.LLB
Tue Dec 03 16:02:35 Loaded file C:\ORCAD\ORCAD_10.5\TOOLS\LAYOUT_PLUS\LIBRARY\SHEET15.LLB
Tue Dec 03 16:02:35 Loaded file C:\ORCAD\ORCAD_10.5\TOOLS\LAYOUT_PLUS\LIBRARY\SHEET16.LLB
Tue Dec 03 16:02:35 Loaded file C:\ORCAD\ORCAD_10.5\TOOLS\LAYOUT_PLUS\LIBRARY\SHEET17.LLB
Tue Dec 03 16:02:35 Loaded file C:\ORCAD\ORCAD_10.5\TOOLS\LAYOUT_PLUS\LIBRARY\SHEET18.LLB
Tue Dec 03 16:02:35 Loaded file C:\ORCAD\ORCAD_10.5\TOOLS\LAYOUT_PLUS\LIBRARY\SHEET19.LLB
Tue Dec 03 16:02:35 Loaded file C:\ORCAD\ORCAD_10.5\TOOLS\LAYOUT_PLUS\LIBRARY\SHEET20.LLB
Tue Dec 03 16:02:35 Loaded file C:\ORCAD\ORCAD_10.5\TOOLS\LAYOUT_PLUS\LIBRARY\SHEET21.LLB
Tue Dec 03 16:02:35 Loaded file C:\ORCAD\ORCAD_10.5\TOOLS\LAYOUT_PLUS\LIBRARY\SHEET22.LLB
Tue Dec 03 16:02:35 Loaded file C:\ORCAD\ORCAD_10.5\TOOLS\LAYOUT_PLUS\LIBRARY\SHEET23.LLB
Tue Dec 03 16:02:35 Loaded file C:\ORCAD\ORCAD_10.5\TOOLS\LAYOUT_PLUS\LIBRARY\SHEET24.LLB
Tue Dec 03 16:02:35 Loaded file C:\ORCAD\ORCAD_10.5\TOOLS\LAYOUT_PLUS\LIBRARY\SHEET25.LLB
Tue Dec 03 16:02:35 Loaded file C:\ORCAD\ORCAD_10.5\TOOLS\LAYOUT_PLUS\LIBRARY\SHEET26.LLB
Tue Dec 03 16:02:35 Loaded file C:\ORCAD\ORCAD_10.5\TOOLS\LAYOUT_PLUS\LIBRARY\SHEET27.LLB
Tue Dec 03 16:02:35 Loaded file C:\ORCAD\ORCAD_10.5\TOOLS\LAYOUT_PLUS\LIBRARY\SHEET28.LLB
Tue Dec 03 16:02:35 Loaded file C:\ORCAD\ORCAD_10.5\TOOLS\LAYOUT_PLUS\LIBRARY\SHEET29.LLB
Tue Dec 03 16:02:35 Loaded file C:\ORCAD\ORCAD_10.5\TOOLS\LAYOUT_PLUS\LIBRARY\SHEET30.LLB
Tue Dec 03 16:02:35 Loaded file C:\ORCAD\ORCAD_10.5\TOOLS\LAYOUT_PLUS\LIBRARY\SHEET31.LLB
Tue Dec 03 16:02:35 Loaded file C:\ORCAD\ORCAD_10.5\TOOLS\LAYOUT_PLUS\LIBRARY\SHEET32.LLB
Tue Dec 03 16:02:35 Loaded file C:\ORCAD\ORCAD_10.5\TOOLS\LAYOUT_PLUS\LIBRARY\SHEET33.LLB
Tue Dec 03 16:02:35 Loaded file C:\ORCAD\ORCAD_10.5\TOOLS\LAYOUT_PLUS\LIBRARY\SHEET34.LLB
Tue Dec 03 16:02:35 Loaded file C:\ORCAD\ORCAD_10.5\TOOLS\LAYOUT_PLUS\LIBRARY\SMD.LLB
Tue Dec 03 16:02:35 Loaded file C:\ORCAD\ORCAD_10.5\TOOLS\LAYOUT_PLUS\LIBRARY\SWITCH.LLB
Tue Dec 03 16:02:35 Loaded file C:\ORCAD\ORCAD_10.5\TOOLS\LAYOUT_PLUS\LIBRARY\TONEW.LLB
Tue Dec 03 16:02:35 Loaded file C:\ORCAD\ORCAD_10.5\TOOLS\LAYOUT_PLUS\LIBRARY\TRANSFORMER.LLB
Tue Dec 03 16:02:35 Loaded file C:\ORCAD\ORCAD_10.5\TOOLS\LAYOUT_PLUS\LIBRARY\TRIMMER.LLB
Tue Dec 03 16:02:35 Loaded file C:\OrCAD\OrCAD_10.5\tools\Layout_Plus\library\BCON100T.llb
Tue Dec 03 16:02:35 Loaded file C:\OrCAD\OrCAD_10.5\tools\Layout_Plus\library\BCON156T.llb
Tue Dec 03 16:02:35 Loaded file C:\OrCAD\OrCAD_10.5\tools\Layout_Plus\library\BGA.llb
Tue Dec 03 16:02:35 Loaded file C:\OrCAD\OrCAD_10.5\tools\Layout_Plus\library\CLCC.llb
Tue Dec 03 16:02:35 Loaded file C:\OrCAD\OrCAD_10.5\tools\Layout_Plus\library\DCON050T.llb
Tue Dec 03 16:02:35 Loaded file C:\OrCAD\OrCAD_10.5\tools\Layout_Plus\library\DCON085T.llb
Tue Dec 03 16:02:35 Loaded file C:\OrCAD\OrCAD_10.5\tools\Layout_Plus\library\DIMM050F.llb
Tue Dec 03 16:02:35 Loaded file C:\OrCAD\OrCAD_10.5\tools\Layout_Plus\library\DIMM050T.llb
Tue Dec 03 16:02:35 Loaded file C:\OrCAD\OrCAD_10.5\tools\Layout_Plus\library\DIN.llb
Tue Dec 03 16:02:35 Loaded file C:\OrCAD\OrCAD_10.5\tools\Layout_Plus\library\DIP100B.llb
Tue Dec 03 16:02:35 Loaded file C:\OrCAD\OrCAD_10.5\tools\Layout_Plus\library\DIP100T.llb
Tue Dec 03 16:02:35 Loaded file C:\OrCAD\OrCAD_10.5\tools\Layout_Plus\library\DSUBT.llb
Tue Dec 03 16:02:35 Loaded file C:\OrCAD\OrCAD_10.5\tools\Layout_Plus\library\DSUBT_HD.LLB
Tue Dec 03 16:02:35 Loaded file C:\OrCAD\OrCAD_10.5\tools\Layout_Plus\library\ECON100T.llb
Tue Dec 03 16:02:35 Loaded file C:\OrCAD\OrCAD_10.5\tools\Layout_Plus\library\FBUS.llb
Tue Dec 03 16:02:35 Loaded file C:\OrCAD\OrCAD_10.5\tools\Layout_Plus\library\ISA.llb
Tue Dec 03 16:02:35 Loaded file C:\OrCAD\OrCAD_10.5\tools\Layout_Plus\library\JUMPER.LLB
Tue Dec 03 16:02:35 Loaded file C:\OrCAD\OrCAD_10.5\tools\Layout_Plus\library\LAYOUT.llb
Tue Dec 03 16:02:35 Loaded file C:\OrCAD\OrCAD_10.5\tools\Layout_Plus\library\LCON100T.llb
Tue Dec 03 16:02:35 Loaded file C:\OrCAD\OrCAD_10.5\tools\Layout_Plus\library\PC104.llb
Tue Dec 03 16:02:35 Loaded file C:\OrCAD\OrCAD_10.5\tools\Layout_Plus\library\PCI.llb
Tue Dec 03 16:02:35 Loaded file C:\OrCAD\OrCAD_10.5\tools\Layout_Plus\library\PCON100T.llb
Tue Dec 03 16:02:35 Loaded file C:\OrCAD\OrCAD_10.5\tools\Layout_Plus\library\PCON156T.llb
Tue Dec 03 16:02:35 Loaded file C:\OrCAD\OrCAD_10.5\tools\Layout_Plus\library\PGA.llb
Tue Dec 03 16:02:35 Loaded file C:\OrCAD\OrCAD_10.5\tools\Layout_Plus\library\PLCC.llb
Tue Dec 03 16:02:35 Loaded file C:\OrCAD\OrCAD_10.5\tools\Layout_Plus\library\QUAD.llb
Tue Dec 03 16:02:35 Loaded file C:\OrCAD\OrCAD_10.5\tools\Layout_Plus\library\QUADB.llb
Tue Dec 03 16:02:35 Loaded file C:\OrCAD\OrCAD_10.5\tools\Layout_Plus\library\RELAY.llb
Tue Dec 03 16:02:35 Loaded file C:\OrCAD\OrCAD_10.5\tools\Layout_Plus\library\RF.llb
Tue Dec 03 16:02:35 Loaded file C:\OrCAD\OrCAD_10.5\tools\Layout_Plus\library\SBUS.llb
Tue Dec 03 16:02:35 Loaded file C:\OrCAD\OrCAD_10.5\tools\Layout_Plus\library\SIMM050F.llb
Tue Dec 03 16:02:35 Loaded file C:\OrCAD\OrCAD_10.5\tools\Layout_Plus\library\SIMM050T.llb
Tue Dec 03 16:02:35 Loaded file C:\OrCAD\OrCAD_10.5\tools\Layout_Plus\library\SIMM100F.llb
Tue Dec 03 16:02:35 Loaded file C:\OrCAD\OrCAD_10.5\tools\Layout_Plus\library\SIMM100T.llb
Tue Dec 03 16:02:35 Loaded file C:\OrCAD\OrCAD_10.5\tools\Layout_Plus\library\SIP.llb
Tue Dec 03 16:02:35 Loaded file C:\OrCAD\OrCAD_10.5\tools\Layout_Plus\library\SM.llb
Tue Dec 03 16:02:35 Loaded file C:\OrCAD\OrCAD_10.5\tools\Layout_Plus\library\SOG.llb
Tue Dec 03 16:02:35 Loaded file C:\OrCAD\OrCAD_10.5\tools\Layout_Plus\library\SOJ.llb
Tue Dec 03 16:02:35 Loaded file C:\OrCAD\OrCAD_10.5\tools\Layout_Plus\library\STIFF.llb
Tue Dec 03 16:02:35 Loaded file C:\OrCAD\OrCAD_10.5\tools\Layout_Plus\library\TELE.llb
Tue Dec 03 16:02:36 Loaded file C:\OrCAD\OrCAD_10.5\tools\Layout_Plus\library\TM_AXIAL.llb
Tue Dec 03 16:02:36 Loaded file C:\OrCAD\OrCAD_10.5\tools\Layout_Plus\library\TM_CAP_P.llb
Tue Dec 03 16:02:36 Loaded file C:\OrCAD\OrCAD_10.5\tools\Layout_Plus\library\TM_CYLND.llb
Tue Dec 03 16:02:36 Loaded file C:\OrCAD\OrCAD_10.5\tools\Layout_Plus\library\TM_DIODE.llb
Tue Dec 03 16:02:36 Loaded file C:\OrCAD\OrCAD_10.5\tools\Layout_Plus\library\TM_DISC.llb
Tue Dec 03 16:02:36 Loaded file C:\OrCAD\OrCAD_10.5\tools\Layout_Plus\library\TM_RAD.llb
Tue Dec 03 16:02:36 Loaded file C:\OrCAD\OrCAD_10.5\tools\Layout_Plus\library\TO.llb
Tue Dec 03 16:02:36 Loaded file C:\OrCAD\OrCAD_10.5\tools\Layout_Plus\library\TRAINING.LLB
Tue Dec 03 16:02:36 Loaded file C:\OrCAD\OrCAD_10.5\tools\Layout_Plus\library\VRES.llb
Tue Dec 03 16:02:36 Loaded file C:\OrCAD\OrCAD_10.5\tools\Layout_Plus\library\WCON100T.llb
Tue Dec 03 16:02:36 Loaded file C:\OrCAD\OrCAD_10.5\tools\Layout_Plus\library\XT.llb
Tue Dec 03 16:02:36 Loaded file C:\OrCAD\OrCAD_10.5\tools\Layout_Plus\library\ZIGZAG.llb
Tue Dec 03 16:02:45 Loaded file C:\ORCAD_DATA\PROJECT_LAYOUT\LIBS\STM32F103VBT6.LLB
Tue Dec 03 16:02:45 Loaded file C:\ORCAD_DATA\PROJECT_LAYOUT\LIBS\LTC4054.LLB
Tue Dec 03 16:02:45 Loaded file C:\ORCAD\ORCAD_10.5\TOOLS\LAYOUT_PLUS\LIBRARY\CAP_ASS.LLB
Tue Dec 03 16:02:45 Loaded file C:\ORCAD\ORCAD_10.5\TOOLS\LAYOUT_PLUS\LIBRARY\CAP_RAD.LLB
Tue Dec 03 16:02:45 Loaded file C:\ORCAD\ORCAD_10.5\TOOLS\LAYOUT_PLUS\LIBRARY\CONN_COAX.LLB
Tue Dec 03 16:02:45 Loaded file C:\ORCAD\ORCAD_10.5\TOOLS\LAYOUT_PLUS\LIBRARY\CONN_DIN.LLB
Tue Dec 03 16:02:45 Loaded file C:\ORCAD\ORCAD_10.5\TOOLS\LAYOUT_PLUS\LIBRARY\CONN_DSUB.LLB
Tue Dec 03 16:02:45 Loaded file C:\ORCAD\ORCAD_10.5\TOOLS\LAYOUT_PLUS\LIBRARY\CONN_STRIP.LLB
Tue Dec 03 16:02:45 Loaded file C:\ORCAD\ORCAD_10.5\TOOLS\LAYOUT_PLUS\LIBRARY\DEVICE.LLB
Tue Dec 03 16:02:45 Loaded file C:\ORCAD\ORCAD_10.5\TOOLS\LAYOUT_PLUS\LIBRARY\DIODE.LLB
Tue Dec 03 16:02:45 Loaded file C:\ORCAD\ORCAD_10.5\TOOLS\LAYOUT_PLUS\LIBRARY\DIP.LLB
Tue Dec 03 16:02:45 Loaded file C:\ORCAD\ORCAD_10.5\TOOLS\LAYOUT_PLUS\LIBRARY\EMPTY.LLB
Tue Dec 03 16:02:45 Loaded file C:\ORCAD\ORCAD_10.5\TOOLS\LAYOUT_PLUS\LIBRARY\EX_GUI.LLB
Tue Dec 03 16:02:45 Loaded file C:\ORCAD\ORCAD_10.5\TOOLS\LAYOUT_PLUS\LIBRARY\INDUTTORI.LLB
Tue Dec 03 16:02:45 Loaded file C:\ORCAD\ORCAD_10.5\TOOLS\LAYOUT_PLUS\LIBRARY\METRIC.LLB
Tue Dec 03 16:02:45 Loaded file C:\ORCAD\ORCAD_10.5\TOOLS\LAYOUT_PLUS\LIBRARY\MORSETTIERE.LLB
Tue Dec 03 16:02:45 Loaded file C:\ORCAD\ORCAD_10.5\TOOLS\LAYOUT_PLUS\LIBRARY\OPTOELETTRONICA.LLB
Tue Dec 03 16:02:45 Loaded file C:\ORCAD\ORCAD_10.5\TOOLS\LAYOUT_PLUS\LIBRARY\PADSTACK.LLB
Tue Dec 03 16:02:45 Loaded file C:\ORCAD\ORCAD_10.5\TOOLS\LAYOUT_PLUS\LIBRARY\PLCCNEW.LLB
Tue Dec 03 16:02:45 Loaded file C:\ORCAD\ORCAD_10.5\TOOLS\LAYOUT_PLUS\LIBRARY\PQFP.LLB
Tue Dec 03 16:02:45 Loaded file C:\ORCAD\ORCAD_10.5\TOOLS\LAYOUT_PLUS\LIBRARY\QUARZI.LLB
Tue Dec 03 16:02:45 Loaded file C:\ORCAD\ORCAD_10.5\TOOLS\LAYOUT_PLUS\LIBRARY\RELAYNEW.LLB
Tue Dec 03 16:02:45 Loaded file C:\ORCAD\ORCAD_10.5\TOOLS\LAYOUT_PLUS\LIBRARY\RESIST.LLB
Tue Dec 03 16:02:45 Loaded file C:\ORCAD\ORCAD_10.5\TOOLS\LAYOUT_PLUS\LIBRARY\SHEET01.LLB
Tue Dec 03 16:02:45 Loaded file C:\ORCAD\ORCAD_10.5\TOOLS\LAYOUT_PLUS\LIBRARY\SHEET02.LLB
Tue Dec 03 16:02:45 Loaded file C:\ORCAD\ORCAD_10.5\TOOLS\LAYOUT_PLUS\LIBRARY\SHEET03.LLB
Tue Dec 03 16:02:45 Loaded file C:\ORCAD\ORCAD_10.5\TOOLS\LAYOUT_PLUS\LIBRARY\SHEET04.LLB
Tue Dec 03 16:02:45 Loaded file C:\ORCAD\ORCAD_10.5\TOOLS\LAYOUT_PLUS\LIBRARY\SHEET05.LLB
Tue Dec 03 16:02:45 Loaded file C:\ORCAD\ORCAD_10.5\TOOLS\LAYOUT_PLUS\LIBRARY\SHEET06.LLB
Tue Dec 03 16:02:45 Loaded file C:\ORCAD\ORCAD_10.5\TOOLS\LAYOUT_PLUS\LIBRARY\SHEET08.LLB
Tue Dec 03 16:02:45 Loaded file C:\ORCAD\ORCAD_10.5\TOOLS\LAYOUT_PLUS\LIBRARY\SHEET09.LLB
Tue Dec 03 16:02:45 Loaded file C:\ORCAD\ORCAD_10.5\TOOLS\LAYOUT_PLUS\LIBRARY\SHEET10.LLB
Tue Dec 03 16:02:45 Loaded file C:\ORCAD\ORCAD_10.5\TOOLS\LAYOUT_PLUS\LIBRARY\SHEET11.LLB
Tue Dec 03 16:02:45 Loaded file C:\ORCAD\ORCAD_10.5\TOOLS\LAYOUT_PLUS\LIBRARY\SHEET12.LLB
Tue Dec 03 16:02:45 Loaded file C:\ORCAD\ORCAD_10.5\TOOLS\LAYOUT_PLUS\LIBRARY\SHEET13.LLB
Tue Dec 03 16:02:45 Loaded file C:\ORCAD\ORCAD_10.5\TOOLS\LAYOUT_PLUS\LIBRARY\SHEET14.LLB
Tue Dec 03 16:02:45 Loaded file C:\ORCAD\ORCAD_10.5\TOOLS\LAYOUT_PLUS\LIBRARY\SHEET15.LLB
Tue Dec 03 16:02:45 Loaded file C:\ORCAD\ORCAD_10.5\TOOLS\LAYOUT_PLUS\LIBRARY\SHEET16.LLB
Tue Dec 03 16:02:45 Loaded file C:\ORCAD\ORCAD_10.5\TOOLS\LAYOUT_PLUS\LIBRARY\SHEET17.LLB
Tue Dec 03 16:02:45 Loaded file C:\ORCAD\ORCAD_10.5\TOOLS\LAYOUT_PLUS\LIBRARY\SHEET18.LLB
Tue Dec 03 16:02:45 Loaded file C:\ORCAD\ORCAD_10.5\TOOLS\LAYOUT_PLUS\LIBRARY\SHEET19.LLB
Tue Dec 03 16:02:45 Loaded file C:\ORCAD\ORCAD_10.5\TOOLS\LAYOUT_PLUS\LIBRARY\SHEET20.LLB
Tue Dec 03 16:02:45 Loaded file C:\ORCAD\ORCAD_10.5\TOOLS\LAYOUT_PLUS\LIBRARY\SHEET21.LLB
Tue Dec 03 16:02:45 Loaded file C:\ORCAD\ORCAD_10.5\TOOLS\LAYOUT_PLUS\LIBRARY\SHEET22.LLB
Tue Dec 03 16:02:45 Loaded file C:\ORCAD\ORCAD_10.5\TOOLS\LAYOUT_PLUS\LIBRARY\SHEET23.LLB
Tue Dec 03 16:02:45 Loaded file C:\ORCAD\ORCAD_10.5\TOOLS\LAYOUT_PLUS\LIBRARY\SHEET24.LLB
Tue Dec 03 16:02:45 Loaded file C:\ORCAD\ORCAD_10.5\TOOLS\LAYOUT_PLUS\LIBRARY\SHEET25.LLB
Tue Dec 03 16:02:45 Loaded file C:\ORCAD\ORCAD_10.5\TOOLS\LAYOUT_PLUS\LIBRARY\SHEET26.LLB
Tue Dec 03 16:02:45 Loaded file C:\ORCAD\ORCAD_10.5\TOOLS\LAYOUT_PLUS\LIBRARY\SHEET27.LLB
Tue Dec 03 16:02:45 Loaded file C:\ORCAD\ORCAD_10.5\TOOLS\LAYOUT_PLUS\LIBRARY\SHEET28.LLB
Tue Dec 03 16:02:45 Loaded file C:\ORCAD\ORCAD_10.5\TOOLS\LAYOUT_PLUS\LIBRARY\SHEET29.LLB
Tue Dec 03 16:02:45 Loaded file C:\ORCAD\ORCAD_10.5\TOOLS\LAYOUT_PLUS\LIBRARY\SHEET30.LLB
Tue Dec 03 16:02:45 Loaded file C:\ORCAD\ORCAD_10.5\TOOLS\LAYOUT_PLUS\LIBRARY\SHEET31.LLB
Tue Dec 03 16:02:45 Loaded file C:\ORCAD\ORCAD_10.5\TOOLS\LAYOUT_PLUS\LIBRARY\SHEET32.LLB
Tue Dec 03 16:02:45 Loaded file C:\ORCAD\ORCAD_10.5\TOOLS\LAYOUT_PLUS\LIBRARY\SHEET33.LLB
Tue Dec 03 16:02:45 Loaded file C:\ORCAD\ORCAD_10.5\TOOLS\LAYOUT_PLUS\LIBRARY\SHEET34.LLB
Tue Dec 03 16:02:45 Loaded file C:\ORCAD\ORCAD_10.5\TOOLS\LAYOUT_PLUS\LIBRARY\SMD.LLB
Tue Dec 03 16:02:45 Loaded file C:\ORCAD\ORCAD_10.5\TOOLS\LAYOUT_PLUS\LIBRARY\SWITCH.LLB
Tue Dec 03 16:02:45 Loaded file C:\ORCAD\ORCAD_10.5\TOOLS\LAYOUT_PLUS\LIBRARY\TONEW.LLB
Tue Dec 03 16:02:45 Loaded file C:\ORCAD\ORCAD_10.5\TOOLS\LAYOUT_PLUS\LIBRARY\TRANSFORMER.LLB
Tue Dec 03 16:02:45 Loaded file C:\ORCAD\ORCAD_10.5\TOOLS\LAYOUT_PLUS\LIBRARY\TRIMMER.LLB
Tue Dec 03 16:02:45 Loaded file C:\OrCAD\OrCAD_10.5\tools\Layout_Plus\library\BCON100T.llb
Tue Dec 03 16:02:45 Loaded file C:\OrCAD\OrCAD_10.5\tools\Layout_Plus\library\BCON156T.llb
Tue Dec 03 16:02:45 Loaded file C:\OrCAD\OrCAD_10.5\tools\Layout_Plus\library\BGA.llb
Tue Dec 03 16:02:45 Loaded file C:\OrCAD\OrCAD_10.5\tools\Layout_Plus\library\CLCC.llb
Tue Dec 03 16:02:45 Loaded file C:\OrCAD\OrCAD_10.5\tools\Layout_Plus\library\DCON050T.llb
Tue Dec 03 16:02:45 Loaded file C:\OrCAD\OrCAD_10.5\tools\Layout_Plus\library\DCON085T.llb
Tue Dec 03 16:02:45 Loaded file C:\OrCAD\OrCAD_10.5\tools\Layout_Plus\library\DIMM050F.llb
Tue Dec 03 16:02:45 Loaded file C:\OrCAD\OrCAD_10.5\tools\Layout_Plus\library\DIMM050T.llb
Tue Dec 03 16:02:45 Loaded file C:\OrCAD\OrCAD_10.5\tools\Layout_Plus\library\DIN.llb
Tue Dec 03 16:02:45 Loaded file C:\OrCAD\OrCAD_10.5\tools\Layout_Plus\library\DIP100B.llb
Tue Dec 03 16:02:45 Loaded file C:\OrCAD\OrCAD_10.5\tools\Layout_Plus\library\DIP100T.llb
Tue Dec 03 16:02:45 Loaded file C:\OrCAD\OrCAD_10.5\tools\Layout_Plus\library\DSUBT.llb
Tue Dec 03 16:02:45 Loaded file C:\OrCAD\OrCAD_10.5\tools\Layout_Plus\library\DSUBT_HD.LLB
Tue Dec 03 16:02:45 Loaded file C:\OrCAD\OrCAD_10.5\tools\Layout_Plus\library\ECON100T.llb
Tue Dec 03 16:02:45 Loaded file C:\OrCAD\OrCAD_10.5\tools\Layout_Plus\library\FBUS.llb
Tue Dec 03 16:02:45 Loaded file C:\OrCAD\OrCAD_10.5\tools\Layout_Plus\library\ISA.llb
Tue Dec 03 16:02:45 Loaded file C:\OrCAD\OrCAD_10.5\tools\Layout_Plus\library\JUMPER.LLB
Tue Dec 03 16:02:45 Loaded file C:\OrCAD\OrCAD_10.5\tools\Layout_Plus\library\LAYOUT.llb
Tue Dec 03 16:02:45 Loaded file C:\OrCAD\OrCAD_10.5\tools\Layout_Plus\library\LCON100T.llb
Tue Dec 03 16:02:45 Loaded file C:\OrCAD\OrCAD_10.5\tools\Layout_Plus\library\PC104.llb
Tue Dec 03 16:02:45 Loaded file C:\OrCAD\OrCAD_10.5\tools\Layout_Plus\library\PCI.llb
Tue Dec 03 16:02:45 Loaded file C:\OrCAD\OrCAD_10.5\tools\Layout_Plus\library\PCON100T.llb
Tue Dec 03 16:02:45 Loaded file C:\OrCAD\OrCAD_10.5\tools\Layout_Plus\library\PCON156T.llb
Tue Dec 03 16:02:45 Loaded file C:\OrCAD\OrCAD_10.5\tools\Layout_Plus\library\PGA.llb
Tue Dec 03 16:02:45 Loaded file C:\OrCAD\OrCAD_10.5\tools\Layout_Plus\library\PLCC.llb
Tue Dec 03 16:02:45 Loaded file C:\OrCAD\OrCAD_10.5\tools\Layout_Plus\library\QUAD.llb
Tue Dec 03 16:02:45 Loaded file C:\OrCAD\OrCAD_10.5\tools\Layout_Plus\library\QUADB.llb
Tue Dec 03 16:02:45 Loaded file C:\OrCAD\OrCAD_10.5\tools\Layout_Plus\library\RELAY.llb
Tue Dec 03 16:02:45 Loaded file C:\OrCAD\OrCAD_10.5\tools\Layout_Plus\library\RF.llb
Tue Dec 03 16:02:45 Loaded file C:\OrCAD\OrCAD_10.5\tools\Layout_Plus\library\SBUS.llb
Tue Dec 03 16:02:45 Loaded file C:\OrCAD\OrCAD_10.5\tools\Layout_Plus\library\SIMM050F.llb
Tue Dec 03 16:02:45 Loaded file C:\OrCAD\OrCAD_10.5\tools\Layout_Plus\library\SIMM050T.llb
Tue Dec 03 16:02:45 Loaded file C:\OrCAD\OrCAD_10.5\tools\Layout_Plus\library\SIMM100F.llb
Tue Dec 03 16:02:45 Loaded file C:\OrCAD\OrCAD_10.5\tools\Layout_Plus\library\SIMM100T.llb
Tue Dec 03 16:02:45 Loaded file C:\OrCAD\OrCAD_10.5\tools\Layout_Plus\library\SIP.llb
Tue Dec 03 16:02:45 Loaded file C:\OrCAD\OrCAD_10.5\tools\Layout_Plus\library\SM.llb
Tue Dec 03 16:02:45 Loaded file C:\OrCAD\OrCAD_10.5\tools\Layout_Plus\library\SOG.llb
Tue Dec 03 16:02:45 Loaded file C:\OrCAD\OrCAD_10.5\tools\Layout_Plus\library\SOJ.llb
Tue Dec 03 16:02:45 Loaded file C:\OrCAD\OrCAD_10.5\tools\Layout_Plus\library\STIFF.llb
Tue Dec 03 16:02:45 Loaded file C:\OrCAD\OrCAD_10.5\tools\Layout_Plus\library\TELE.llb
Tue Dec 03 16:02:45 Loaded file C:\OrCAD\OrCAD_10.5\tools\Layout_Plus\library\TM_AXIAL.llb
Tue Dec 03 16:02:46 Loaded file C:\OrCAD\OrCAD_10.5\tools\Layout_Plus\library\TM_CAP_P.llb
Tue Dec 03 16:02:46 Loaded file C:\OrCAD\OrCAD_10.5\tools\Layout_Plus\library\TM_CYLND.llb
Tue Dec 03 16:02:46 Loaded file C:\OrCAD\OrCAD_10.5\tools\Layout_Plus\library\TM_DIODE.llb
Tue Dec 03 16:02:46 Loaded file C:\OrCAD\OrCAD_10.5\tools\Layout_Plus\library\TM_DISC.llb
Tue Dec 03 16:02:46 Loaded file C:\OrCAD\OrCAD_10.5\tools\Layout_Plus\library\TM_RAD.llb
Tue Dec 03 16:02:46 Loaded file C:\OrCAD\OrCAD_10.5\tools\Layout_Plus\library\TO.llb
Tue Dec 03 16:02:46 Loaded file C:\OrCAD\OrCAD_10.5\tools\Layout_Plus\library\TRAINING.LLB
Tue Dec 03 16:02:46 Loaded file C:\OrCAD\OrCAD_10.5\tools\Layout_Plus\library\VRES.llb
Tue Dec 03 16:02:46 Loaded file C:\OrCAD\OrCAD_10.5\tools\Layout_Plus\library\WCON100T.llb
Tue Dec 03 16:02:46 Loaded file C:\OrCAD\OrCAD_10.5\tools\Layout_Plus\library\XT.llb
Tue Dec 03 16:02:46 Loaded file C:\OrCAD\OrCAD_10.5\tools\Layout_Plus\library\ZIGZAG.llb
Tue Dec 03 16:04:11 Loaded file C:\ORCAD_DATA\PROJECT_LAYOUT\LIBS\STM32F103VBT6.LLB
Tue Dec 03 16:04:11 Loaded file C:\ORCAD_DATA\PROJECT_LAYOUT\LIBS\LTC4054.LLB
Tue Dec 03 16:04:11 Loaded file C:\ORCAD\ORCAD_10.5\TOOLS\LAYOUT_PLUS\LIBRARY\CAP_ASS.LLB
Tue Dec 03 16:04:11 Loaded file C:\ORCAD\ORCAD_10.5\TOOLS\LAYOUT_PLUS\LIBRARY\CAP_RAD.LLB
Tue Dec 03 16:04:11 Loaded file C:\ORCAD\ORCAD_10.5\TOOLS\LAYOUT_PLUS\LIBRARY\CONN_COAX.LLB
Tue Dec 03 16:04:11 Loaded file C:\ORCAD\ORCAD_10.5\TOOLS\LAYOUT_PLUS\LIBRARY\CONN_DIN.LLB
Tue Dec 03 16:04:11 Loaded file C:\ORCAD\ORCAD_10.5\TOOLS\LAYOUT_PLUS\LIBRARY\CONN_DSUB.LLB
Tue Dec 03 16:04:11 Loaded file C:\ORCAD\ORCAD_10.5\TOOLS\LAYOUT_PLUS\LIBRARY\CONN_STRIP.LLB
Tue Dec 03 16:04:11 Loaded file C:\ORCAD\ORCAD_10.5\TOOLS\LAYOUT_PLUS\LIBRARY\DEVICE.LLB
Tue Dec 03 16:04:11 Loaded file C:\ORCAD\ORCAD_10.5\TOOLS\LAYOUT_PLUS\LIBRARY\DIODE.LLB
Tue Dec 03 16:04:11 Loaded file C:\ORCAD\ORCAD_10.5\TOOLS\LAYOUT_PLUS\LIBRARY\DIP.LLB
Tue Dec 03 16:04:11 Loaded file C:\ORCAD\ORCAD_10.5\TOOLS\LAYOUT_PLUS\LIBRARY\EMPTY.LLB
Tue Dec 03 16:04:11 Loaded file C:\ORCAD\ORCAD_10.5\TOOLS\LAYOUT_PLUS\LIBRARY\EX_GUI.LLB
Tue Dec 03 16:04:11 Loaded file C:\ORCAD\ORCAD_10.5\TOOLS\LAYOUT_PLUS\LIBRARY\INDUTTORI.LLB
Tue Dec 03 16:04:11 Loaded file C:\ORCAD\ORCAD_10.5\TOOLS\LAYOUT_PLUS\LIBRARY\METRIC.LLB
Tue Dec 03 16:04:11 Loaded file C:\ORCAD\ORCAD_10.5\TOOLS\LAYOUT_PLUS\LIBRARY\MORSETTIERE.LLB
Tue Dec 03 16:04:11 Loaded file C:\ORCAD\ORCAD_10.5\TOOLS\LAYOUT_PLUS\LIBRARY\OPTOELETTRONICA.LLB
Tue Dec 03 16:04:11 Loaded file C:\ORCAD\ORCAD_10.5\TOOLS\LAYOUT_PLUS\LIBRARY\PADSTACK.LLB
Tue Dec 03 16:04:11 Loaded file C:\ORCAD\ORCAD_10.5\TOOLS\LAYOUT_PLUS\LIBRARY\PLCCNEW.LLB
Tue Dec 03 16:04:11 Loaded file C:\ORCAD\ORCAD_10.5\TOOLS\LAYOUT_PLUS\LIBRARY\PQFP.LLB
Tue Dec 03 16:04:11 Loaded file C:\ORCAD\ORCAD_10.5\TOOLS\LAYOUT_PLUS\LIBRARY\QUARZI.LLB
Tue Dec 03 16:04:11 Loaded file C:\ORCAD\ORCAD_10.5\TOOLS\LAYOUT_PLUS\LIBRARY\RELAYNEW.LLB
Tue Dec 03 16:04:11 Loaded file C:\ORCAD\ORCAD_10.5\TOOLS\LAYOUT_PLUS\LIBRARY\RESIST.LLB
Tue Dec 03 16:04:11 Loaded file C:\ORCAD\ORCAD_10.5\TOOLS\LAYOUT_PLUS\LIBRARY\SHEET01.LLB
Tue Dec 03 16:04:11 Loaded file C:\ORCAD\ORCAD_10.5\TOOLS\LAYOUT_PLUS\LIBRARY\SHEET02.LLB
Tue Dec 03 16:04:11 Loaded file C:\ORCAD\ORCAD_10.5\TOOLS\LAYOUT_PLUS\LIBRARY\SHEET03.LLB
Tue Dec 03 16:04:11 Loaded file C:\ORCAD\ORCAD_10.5\TOOLS\LAYOUT_PLUS\LIBRARY\SHEET04.LLB
Tue Dec 03 16:04:11 Loaded file C:\ORCAD\ORCAD_10.5\TOOLS\LAYOUT_PLUS\LIBRARY\SHEET05.LLB
Tue Dec 03 16:04:11 Loaded file C:\ORCAD\ORCAD_10.5\TOOLS\LAYOUT_PLUS\LIBRARY\SHEET06.LLB
Tue Dec 03 16:04:11 Loaded file C:\ORCAD\ORCAD_10.5\TOOLS\LAYOUT_PLUS\LIBRARY\SHEET08.LLB
Tue Dec 03 16:04:11 Loaded file C:\ORCAD\ORCAD_10.5\TOOLS\LAYOUT_PLUS\LIBRARY\SHEET09.LLB
Tue Dec 03 16:04:11 Loaded file C:\ORCAD\ORCAD_10.5\TOOLS\LAYOUT_PLUS\LIBRARY\SHEET10.LLB
Tue Dec 03 16:04:11 Loaded file C:\ORCAD\ORCAD_10.5\TOOLS\LAYOUT_PLUS\LIBRARY\SHEET11.LLB
Tue Dec 03 16:04:11 Loaded file C:\ORCAD\ORCAD_10.5\TOOLS\LAYOUT_PLUS\LIBRARY\SHEET12.LLB
Tue Dec 03 16:04:11 Loaded file C:\ORCAD\ORCAD_10.5\TOOLS\LAYOUT_PLUS\LIBRARY\SHEET13.LLB
Tue Dec 03 16:04:11 Loaded file C:\ORCAD\ORCAD_10.5\TOOLS\LAYOUT_PLUS\LIBRARY\SHEET14.LLB
Tue Dec 03 16:04:11 Loaded file C:\ORCAD\ORCAD_10.5\TOOLS\LAYOUT_PLUS\LIBRARY\SHEET15.LLB
Tue Dec 03 16:04:11 Loaded file C:\ORCAD\ORCAD_10.5\TOOLS\LAYOUT_PLUS\LIBRARY\SHEET16.LLB
Tue Dec 03 16:04:11 Loaded file C:\ORCAD\ORCAD_10.5\TOOLS\LAYOUT_PLUS\LIBRARY\SHEET17.LLB
Tue Dec 03 16:04:11 Loaded file C:\ORCAD\ORCAD_10.5\TOOLS\LAYOUT_PLUS\LIBRARY\SHEET18.LLB
Tue Dec 03 16:04:11 Loaded file C:\ORCAD\ORCAD_10.5\TOOLS\LAYOUT_PLUS\LIBRARY\SHEET19.LLB
Tue Dec 03 16:04:11 Loaded file C:\ORCAD\ORCAD_10.5\TOOLS\LAYOUT_PLUS\LIBRARY\SHEET20.LLB
Tue Dec 03 16:04:11 Loaded file C:\ORCAD\ORCAD_10.5\TOOLS\LAYOUT_PLUS\LIBRARY\SHEET21.LLB
Tue Dec 03 16:04:11 Loaded file C:\ORCAD\ORCAD_10.5\TOOLS\LAYOUT_PLUS\LIBRARY\SHEET22.LLB
Tue Dec 03 16:04:11 Loaded file C:\ORCAD\ORCAD_10.5\TOOLS\LAYOUT_PLUS\LIBRARY\SHEET23.LLB
Tue Dec 03 16:04:11 Loaded file C:\ORCAD\ORCAD_10.5\TOOLS\LAYOUT_PLUS\LIBRARY\SHEET24.LLB
Tue Dec 03 16:04:11 Loaded file C:\ORCAD\ORCAD_10.5\TOOLS\LAYOUT_PLUS\LIBRARY\SHEET25.LLB
Tue Dec 03 16:04:11 Loaded file C:\ORCAD\ORCAD_10.5\TOOLS\LAYOUT_PLUS\LIBRARY\SHEET26.LLB
Tue Dec 03 16:04:11 Loaded file C:\ORCAD\ORCAD_10.5\TOOLS\LAYOUT_PLUS\LIBRARY\SHEET27.LLB
Tue Dec 03 16:04:11 Loaded file C:\ORCAD\ORCAD_10.5\TOOLS\LAYOUT_PLUS\LIBRARY\SHEET28.LLB
Tue Dec 03 16:04:11 Loaded file C:\ORCAD\ORCAD_10.5\TOOLS\LAYOUT_PLUS\LIBRARY\SHEET29.LLB
Tue Dec 03 16:04:11 Loaded file C:\ORCAD\ORCAD_10.5\TOOLS\LAYOUT_PLUS\LIBRARY\SHEET30.LLB
Tue Dec 03 16:04:11 Loaded file C:\ORCAD\ORCAD_10.5\TOOLS\LAYOUT_PLUS\LIBRARY\SHEET31.LLB
Tue Dec 03 16:04:11 Loaded file C:\ORCAD\ORCAD_10.5\TOOLS\LAYOUT_PLUS\LIBRARY\SHEET32.LLB
Tue Dec 03 16:04:11 Loaded file C:\ORCAD\ORCAD_10.5\TOOLS\LAYOUT_PLUS\LIBRARY\SHEET33.LLB
Tue Dec 03 16:04:11 Loaded file C:\ORCAD\ORCAD_10.5\TOOLS\LAYOUT_PLUS\LIBRARY\SHEET34.LLB
Tue Dec 03 16:04:11 Loaded file C:\ORCAD\ORCAD_10.5\TOOLS\LAYOUT_PLUS\LIBRARY\SMD.LLB
Tue Dec 03 16:04:11 Loaded file C:\ORCAD\ORCAD_10.5\TOOLS\LAYOUT_PLUS\LIBRARY\SWITCH.LLB
Tue Dec 03 16:04:11 Loaded file C:\ORCAD\ORCAD_10.5\TOOLS\LAYOUT_PLUS\LIBRARY\TONEW.LLB
Tue Dec 03 16:04:11 Loaded file C:\ORCAD\ORCAD_10.5\TOOLS\LAYOUT_PLUS\LIBRARY\TRANSFORMER.LLB
Tue Dec 03 16:04:11 Loaded file C:\ORCAD\ORCAD_10.5\TOOLS\LAYOUT_PLUS\LIBRARY\TRIMMER.LLB
Tue Dec 03 16:04:11 Loaded file C:\OrCAD\OrCAD_10.5\tools\Layout_Plus\library\BCON100T.llb
Tue Dec 03 16:04:11 Loaded file C:\OrCAD\OrCAD_10.5\tools\Layout_Plus\library\BCON156T.llb
Tue Dec 03 16:04:11 Loaded file C:\OrCAD\OrCAD_10.5\tools\Layout_Plus\library\BGA.llb
Tue Dec 03 16:04:11 Loaded file C:\OrCAD\OrCAD_10.5\tools\Layout_Plus\library\CLCC.llb
Tue Dec 03 16:04:11 Loaded file C:\OrCAD\OrCAD_10.5\tools\Layout_Plus\library\DCON050T.llb
Tue Dec 03 16:04:11 Loaded file C:\OrCAD\OrCAD_10.5\tools\Layout_Plus\library\DCON085T.llb
Tue Dec 03 16:04:11 Loaded file C:\OrCAD\OrCAD_10.5\tools\Layout_Plus\library\DIMM050F.llb
Tue Dec 03 16:04:11 Loaded file C:\OrCAD\OrCAD_10.5\tools\Layout_Plus\library\DIMM050T.llb
Tue Dec 03 16:04:11 Loaded file C:\OrCAD\OrCAD_10.5\tools\Layout_Plus\library\DIN.llb
Tue Dec 03 16:04:11 Loaded file C:\OrCAD\OrCAD_10.5\tools\Layout_Plus\library\DIP100B.llb
Tue Dec 03 16:04:11 Loaded file C:\OrCAD\OrCAD_10.5\tools\Layout_Plus\library\DIP100T.llb
Tue Dec 03 16:04:11 Loaded file C:\OrCAD\OrCAD_10.5\tools\Layout_Plus\library\DSUBT.llb
Tue Dec 03 16:04:11 Loaded file C:\OrCAD\OrCAD_10.5\tools\Layout_Plus\library\DSUBT_HD.LLB
Tue Dec 03 16:04:11 Loaded file C:\OrCAD\OrCAD_10.5\tools\Layout_Plus\library\ECON100T.llb
Tue Dec 03 16:04:11 Loaded file C:\OrCAD\OrCAD_10.5\tools\Layout_Plus\library\FBUS.llb
Tue Dec 03 16:04:11 Loaded file C:\OrCAD\OrCAD_10.5\tools\Layout_Plus\library\ISA.llb
Tue Dec 03 16:04:11 Loaded file C:\OrCAD\OrCAD_10.5\tools\Layout_Plus\library\JUMPER.LLB
Tue Dec 03 16:04:11 Loaded file C:\OrCAD\OrCAD_10.5\tools\Layout_Plus\library\LAYOUT.llb
Tue Dec 03 16:04:11 Loaded file C:\OrCAD\OrCAD_10.5\tools\Layout_Plus\library\LCON100T.llb
Tue Dec 03 16:04:11 Loaded file C:\OrCAD\OrCAD_10.5\tools\Layout_Plus\library\PC104.llb
Tue Dec 03 16:04:11 Loaded file C:\OrCAD\OrCAD_10.5\tools\Layout_Plus\library\PCI.llb
Tue Dec 03 16:04:11 Loaded file C:\OrCAD\OrCAD_10.5\tools\Layout_Plus\library\PCON100T.llb
Tue Dec 03 16:04:11 Loaded file C:\OrCAD\OrCAD_10.5\tools\Layout_Plus\library\PCON156T.llb
Tue Dec 03 16:04:11 Loaded file C:\OrCAD\OrCAD_10.5\tools\Layout_Plus\library\PGA.llb
Tue Dec 03 16:04:11 Loaded file C:\OrCAD\OrCAD_10.5\tools\Layout_Plus\library\PLCC.llb
Tue Dec 03 16:04:11 Loaded file C:\OrCAD\OrCAD_10.5\tools\Layout_Plus\library\QUAD.llb
Tue Dec 03 16:04:11 Loaded file C:\OrCAD\OrCAD_10.5\tools\Layout_Plus\library\QUADB.llb
Tue Dec 03 16:04:11 Loaded file C:\OrCAD\OrCAD_10.5\tools\Layout_Plus\library\RELAY.llb
Tue Dec 03 16:04:11 Loaded file C:\OrCAD\OrCAD_10.5\tools\Layout_Plus\library\RF.llb
Tue Dec 03 16:04:11 Loaded file C:\OrCAD\OrCAD_10.5\tools\Layout_Plus\library\SBUS.llb
Tue Dec 03 16:04:11 Loaded file C:\OrCAD\OrCAD_10.5\tools\Layout_Plus\library\SIMM050F.llb
Tue Dec 03 16:04:11 Loaded file C:\OrCAD\OrCAD_10.5\tools\Layout_Plus\library\SIMM050T.llb
Tue Dec 03 16:04:11 Loaded file C:\OrCAD\OrCAD_10.5\tools\Layout_Plus\library\SIMM100F.llb
Tue Dec 03 16:04:11 Loaded file C:\OrCAD\OrCAD_10.5\tools\Layout_Plus\library\SIMM100T.llb
Tue Dec 03 16:04:11 Loaded file C:\OrCAD\OrCAD_10.5\tools\Layout_Plus\library\SIP.llb
Tue Dec 03 16:04:11 Loaded file C:\OrCAD\OrCAD_10.5\tools\Layout_Plus\library\SM.llb
Tue Dec 03 16:04:11 Loaded file C:\OrCAD\OrCAD_10.5\tools\Layout_Plus\library\SOG.llb
Tue Dec 03 16:04:11 Loaded file C:\OrCAD\OrCAD_10.5\tools\Layout_Plus\library\SOJ.llb
Tue Dec 03 16:04:11 Loaded file C:\OrCAD\OrCAD_10.5\tools\Layout_Plus\library\STIFF.llb
Tue Dec 03 16:04:11 Loaded file C:\OrCAD\OrCAD_10.5\tools\Layout_Plus\library\TELE.llb
Tue Dec 03 16:04:11 Loaded file C:\OrCAD\OrCAD_10.5\tools\Layout_Plus\library\TM_AXIAL.llb
Tue Dec 03 16:04:11 Loaded file C:\OrCAD\OrCAD_10.5\tools\Layout_Plus\library\TM_CAP_P.llb
Tue Dec 03 16:04:11 Loaded file C:\OrCAD\OrCAD_10.5\tools\Layout_Plus\library\TM_CYLND.llb
Tue Dec 03 16:04:11 Loaded file C:\OrCAD\OrCAD_10.5\tools\Layout_Plus\library\TM_DIODE.llb
Tue Dec 03 16:04:11 Loaded file C:\OrCAD\OrCAD_10.5\tools\Layout_Plus\library\TM_DISC.llb
Tue Dec 03 16:04:11 Loaded file C:\OrCAD\OrCAD_10.5\tools\Layout_Plus\library\TM_RAD.llb
Tue Dec 03 16:04:11 Loaded file C:\OrCAD\OrCAD_10.5\tools\Layout_Plus\library\TO.llb
Tue Dec 03 16:04:11 Loaded file C:\OrCAD\OrCAD_10.5\tools\Layout_Plus\library\TRAINING.LLB
Tue Dec 03 16:04:11 Loaded file C:\OrCAD\OrCAD_10.5\tools\Layout_Plus\library\VRES.llb
Tue Dec 03 16:04:11 Loaded file C:\OrCAD\OrCAD_10.5\tools\Layout_Plus\library\WCON100T.llb
Tue Dec 03 16:04:11 Loaded file C:\OrCAD\OrCAD_10.5\tools\Layout_Plus\library\XT.llb
Tue Dec 03 16:04:11 Loaded file C:\OrCAD\OrCAD_10.5\tools\Layout_Plus\library\ZIGZAG.llb
Tue Dec 03 16:04:13 Loaded file C:\OrCAD\OrCAD_10.5\tools\Layout_Plus\data\template.imp
Tue Dec 03 16:04:17 Loaded file C:\OrCAD\OrCAD_10.5\tools\Layout_Plus\data\template.imp
Tue Dec 03 16:04:18 Loaded file C:\OrCAD\OrCAD_10.5\tools\Layout_Plus\data\template.imp
Tue Dec 03 16:04:19 Loaded file C:\OrCAD\OrCAD_10.5\tools\Layout_Plus\data\template.imp
Tue Dec 03 16:04:25 Loaded file C:\OrCAD\OrCAD_10.5\tools\Layout_Plus\data\template.imp
Tue Dec 03 16:04:25 Loaded file C:\OrCAD\OrCAD_10.5\tools\Layout_Plus\data\template.imp
Tue Dec 03 16:04:26 Loaded file C:\OrCAD\OrCAD_10.5\tools\Layout_Plus\data\template.imp
Tue Dec 03 16:04:27 Loaded file C:\OrCAD\OrCAD_10.5\tools\Layout_Plus\data\template.imp
Tue Dec 10 10:13:01 Loaded file C:\ORCAD_DATA\PROJECT_LAYOUT\LIBS\INDUCTOR_MURATA22R.LLB
Tue Dec 10 10:13:01 Loaded file C:\OrCAD\OrCAD_10.5\tools\Layout_Plus\data\template.imp
Tue Dec 10 10:13:03 Loaded file C:\ORCAD_DATA\PROJECT_LAYOUT\LIBS\S34DIODE.LLB
Tue Dec 10 10:13:04 Loaded file C:\OrCAD\OrCAD_10.5\tools\Layout_Plus\data\template.imp
Tue Dec 10 10:13:05 Loaded file C:\OrCAD\OrCAD_10.5\tools\Layout_Plus\data\template.imp
Tue Dec 10 10:13:07 Loaded file C:\ORCAD_DATA\PROJECT_LAYOUT\LIBS\TF-CARD.LLB
Thu Dec 12 11:17:12 Saved as file C:\ORCAD_DATA\PROJECT_LAYOUT\LIBS\CONN_JACK_PWR.LLB
Thu Dec 12 11:17:29 Loaded file C:\ORCAD_DATA\PROJECT_LAYOUT\LIBS\CONN_JACK_PWR.LLB
Thu Dec 12 11:17:31 Loaded file C:\OrCAD\OrCAD_10.5\tools\Layout_Plus\data\template.imp
Thu Dec 12 11:18:06 Loaded file C:\ORCAD_DATA\PROJECT_LAYOUT\LIBS\S34DIODE.LLB
Thu Dec 12 11:18:08 Loaded file C:\OrCAD\OrCAD_10.5\tools\Layout_Plus\data\template.imp
Thu Dec 12 11:18:09 Loaded file C:\ORCAD_DATA\PROJECT_LAYOUT\LIBS\USB.LLB
Thu Dec 12 11:18:10 Loaded file C:\ORCAD_DATA\PROJECT_LAYOUT\LIBS\CONN_JACK_PWR.LLB
Thu Dec 12 11:18:12 Loaded file C:\OrCAD\OrCAD_10.5\tools\Layout_Plus\data\template.imp
Mon Dec 16 09:39:24 Saved as file C:\ORCAD_DATA\PROJECT_LAYOUT\LIBS\CONN_COAX.LLB
Mon Dec 16 09:39:44 Loaded file C:\ORCAD_DATA\PROJECT_LAYOUT\LIBS\CONN_COAX.LLB
Mon Dec 16 09:39:47 Loaded file C:\OrCAD\OrCAD_10.5\tools\Layout_Plus\data\template.imp
