Tue Jan 07 10:07:42 Loaded file C:\OrCAD\OrCAD_10.5\tools\Layout_Plus\data\template.imp
Tue Jan 07 10:07:42 Loaded file C:\OrCAD\OrCAD_10.5\tools\Layout_Plus\data\template.imp
Tue Jan 07 10:07:57 Loaded file C:\ORCAD_DATA\PROJECT_LAYOUT\LIBS\S34DIODE.LLB
Tue Jan 07 10:08:01 Loaded file C:\ORCAD_DATA\PROJECT_LAYOUT\LIBS\INDUCTOR_MURATA22R.LLB
Tue Jan 07 10:08:02 Loaded file C:\OrCAD\OrCAD_10.5\tools\Layout_Plus\library\FBUS.llb
Tue Jan 07 10:08:02 Loaded file C:\OrCAD\OrCAD_10.5\tools\Layout_Plus\library\FBUS.llb
Tue Jan 07 10:08:03 Loaded file C:\OrCAD\OrCAD_10.5\tools\Layout_Plus\library\FBUS.llb
Tue Jan 07 10:08:03 Loaded file C:\OrCAD\OrCAD_10.5\tools\Layout_Plus\library\FBUS.llb
Tue Jan 07 10:08:03 Loaded file C:\OrCAD\OrCAD_10.5\tools\Layout_Plus\library\FBUS.llb
Tue Jan 07 10:08:03 Loaded file C:\OrCAD\OrCAD_10.5\tools\Layout_Plus\library\FBUS.llb
Tue Jan 07 10:08:08 Loaded file C:\OrCAD\OrCAD_10.5\tools\Layout_Plus\library\FBUS.llb
Tue Jan 07 10:08:10 Loaded file C:\OrCAD\OrCAD_10.5\tools\Layout_Plus\library\ZIGZAG.llb
Tue Jan 07 10:08:10 Loaded file C:\OrCAD\OrCAD_10.5\tools\Layout_Plus\library\FBUS.llb
Tue Jan 07 10:08:10 Loaded file C:\OrCAD\OrCAD_10.5\tools\Layout_Plus\library\FBUS.llb
Tue Jan 07 10:08:11 Loaded file C:\OrCAD\OrCAD_10.5\tools\Layout_Plus\library\FBUS.llb
Tue Jan 07 10:08:11 Loaded file C:\OrCAD\OrCAD_10.5\tools\Layout_Plus\library\FBUS.llb
Tue Jan 07 10:08:11 Loaded file C:\OrCAD\OrCAD_10.5\tools\Layout_Plus\library\FBUS.llb
Tue Jan 07 10:08:11 Loaded file C:\OrCAD\OrCAD_10.5\tools\Layout_Plus\library\FBUS.llb
Tue Jan 07 10:08:11 Loaded file C:\OrCAD\OrCAD_10.5\tools\Layout_Plus\library\FBUS.llb
Tue Jan 07 10:08:22 Loaded file C:\ORCAD_DATA\PROJECT_LAYOUT\PCB\FOOTPRINT.LLB
Tue Jan 07 10:08:23 Loaded file C:\OrCAD\OrCAD_10.5\tools\Layout_Plus\data\template.imp
Tue Jan 07 10:11:18 Saved as file C:\OrCAD\OrCAD_10.5\tools\Layout_Plus\data\template.imp
Tue Jan 07 10:14:34 Loaded file C:\ORCAD_DATA\PROJECT_LAYOUT\LIBS\CONN_COAX.LLB
Tue Jan 07 10:14:35 Loaded file C:\ORCAD\ORCAD_10.5\TOOLS\LAYOUT_PLUS\LIBRARY\DEVICE.LLB
Tue Jan 07 10:14:35 Loaded file C:\ORCAD\ORCAD_10.5\TOOLS\LAYOUT_PLUS\LIBRARY\DIODE.LLB
Tue Jan 07 10:14:36 Loaded file C:\ORCAD\ORCAD_10.5\TOOLS\LAYOUT_PLUS\LIBRARY\DIP.LLB
Tue Jan 07 10:14:36 Loaded file C:\OrCAD\OrCAD_10.5\tools\Layout_Plus\library\DCON050T.llb
Tue Jan 07 10:14:40 Loaded file C:\OrCAD\OrCAD_10.5\tools\Layout_Plus\library\DCON085T.llb
Tue Jan 07 10:14:40 Loaded file C:\OrCAD\OrCAD_10.5\tools\Layout_Plus\library\DIMM050F.llb
Tue Jan 07 10:14:40 Loaded file C:\OrCAD\OrCAD_10.5\tools\Layout_Plus\library\DIMM050T.llb
Tue Jan 07 10:14:40 Loaded file C:\OrCAD\OrCAD_10.5\tools\Layout_Plus\library\DIN.llb
Tue Jan 07 10:14:41 Loaded file C:\OrCAD\OrCAD_10.5\tools\Layout_Plus\library\DIP100B.llb
Tue Jan 07 10:14:44 Loaded file C:\OrCAD\OrCAD_10.5\tools\Layout_Plus\data\template.imp
Tue Jan 07 10:14:47 Loaded file C:\OrCAD\OrCAD_10.5\tools\Layout_Plus\library\DIP100T.llb
Tue Jan 07 10:14:48 Loaded file C:\OrCAD\OrCAD_10.5\tools\Layout_Plus\data\template.imp
Tue Jan 07 10:14:54 Loaded file C:\OrCAD\OrCAD_10.5\tools\Layout_Plus\library\DIP100T.llb
Tue Jan 07 10:14:55 Loaded file C:\OrCAD\OrCAD_10.5\tools\Layout_Plus\library\DIP100B.llb
Tue Jan 07 10:14:59 Loaded file C:\OrCAD\OrCAD_10.5\tools\Layout_Plus\data\template.imp
Tue Jan 07 10:15:12 Loaded file C:\ORCAD_DATA\PROJECT_LAYOUT\PCB\FOOTPRINT.LLB
Tue Jan 07 10:15:15 Loaded file C:\OrCAD\OrCAD_10.5\tools\Layout_Plus\data\template.imp
Tue Jan 07 10:15:28 Loaded file C:\ORCAD_DATA\PROJECT_LAYOUT\LIBS\CONN_JACK_PWR.LLB
Tue Jan 07 10:15:29 Loaded file C:\ORCAD\ORCAD_10.5\TOOLS\LAYOUT_PLUS\LIBRARY\DEVICE.LLB
Tue Jan 07 10:15:29 Loaded file C:\ORCAD\ORCAD_10.5\TOOLS\LAYOUT_PLUS\LIBRARY\DIODE.LLB
Tue Jan 07 10:15:30 Loaded file C:\ORCAD\ORCAD_10.5\TOOLS\LAYOUT_PLUS\LIBRARY\DIP.LLB
Tue Jan 07 10:15:30 Loaded file C:\OrCAD\OrCAD_10.5\tools\Layout_Plus\library\DCON050T.llb
Tue Jan 07 10:15:30 Loaded file C:\OrCAD\OrCAD_10.5\tools\Layout_Plus\library\DCON085T.llb
Tue Jan 07 10:15:31 Loaded file C:\OrCAD\OrCAD_10.5\tools\Layout_Plus\library\DIMM050F.llb
Tue Jan 07 10:15:31 Loaded file C:\OrCAD\OrCAD_10.5\tools\Layout_Plus\library\DIMM050T.llb
Tue Jan 07 10:15:31 Loaded file C:\OrCAD\OrCAD_10.5\tools\Layout_Plus\library\DIN.llb
Tue Jan 07 10:15:31 Loaded file C:\OrCAD\OrCAD_10.5\tools\Layout_Plus\library\DIP100B.llb
Tue Jan 07 10:15:31 Loaded file C:\OrCAD\OrCAD_10.5\tools\Layout_Plus\library\DIP100T.llb
Tue Jan 07 10:15:32 Loaded file C:\OrCAD\OrCAD_10.5\tools\Layout_Plus\library\DSUBT.llb
Tue Jan 07 10:15:32 Loaded file C:\OrCAD\OrCAD_10.5\tools\Layout_Plus\library\DSUBT_HD.LLB
Tue Jan 07 10:15:32 Loaded file C:\ORCAD\ORCAD_10.5\TOOLS\LAYOUT_PLUS\LIBRARY\DEVICE.LLB
Tue Jan 07 10:15:32 Loaded file C:\ORCAD\ORCAD_10.5\TOOLS\LAYOUT_PLUS\LIBRARY\DIODE.LLB
Tue Jan 07 10:15:50 Loaded file C:\ORCAD\ORCAD_10.5\TOOLS\LAYOUT_PLUS\LIBRARY\QUARZI.LLB
Tue Jan 07 10:15:50 Loaded file C:\OrCAD\OrCAD_10.5\tools\Layout_Plus\library\QUAD.llb
Tue Jan 07 10:15:51 Loaded file C:\OrCAD\OrCAD_10.5\tools\Layout_Plus\data\template.imp
Tue Jan 07 10:15:53 Loaded file C:\OrCAD\OrCAD_10.5\tools\Layout_Plus\data\template.imp
Tue Jan 07 10:15:54 Loaded file C:\OrCAD\OrCAD_10.5\tools\Layout_Plus\data\template.imp
Tue Jan 07 10:15:54 Loaded file C:\OrCAD\OrCAD_10.5\tools\Layout_Plus\data\template.imp
Tue Jan 07 10:15:55 Loaded file C:\OrCAD\OrCAD_10.5\tools\Layout_Plus\data\template.imp
Tue Jan 07 10:15:56 Loaded file C:\OrCAD\OrCAD_10.5\tools\Layout_Plus\data\template.imp
Tue Jan 07 10:15:57 Loaded file C:\OrCAD\OrCAD_10.5\tools\Layout_Plus\data\template.imp
Tue Jan 07 10:15:58 Loaded file C:\OrCAD\OrCAD_10.5\tools\Layout_Plus\library\QUADB.llb
Tue Jan 07 10:15:59 Loaded file C:\OrCAD\OrCAD_10.5\tools\Layout_Plus\library\PLCC.llb
Tue Jan 07 10:16:03 Loaded file C:\ORCAD_DATA\PROJECT_LAYOUT\PCB\FOOTPRINT.LLB
Tue Jan 07 10:16:04 Loaded file C:\OrCAD\OrCAD_10.5\tools\Layout_Plus\data\template.imp
Tue Jan 07 10:18:10 Loaded file C:\ORCAD_DATA\PROJECT_LAYOUT\LIBS\INDUCTOR_MURATA22R.LLB
Tue Jan 07 10:20:22 Loaded file C:\ORCAD_DATA\PROJECT_LAYOUT\PCB\FOOTPRINT.LLB
Tue Jan 07 10:20:22 Saved as file C:\ORCAD_DATA\PROJECT_LAYOUT\PCB\FOOTPRINT.LLB
Tue Jan 07 10:20:22 Loaded file C:\ORCAD_DATA\PROJECT_LAYOUT\LIBS\INDUCTOR_MURATA22R.LLB
Tue Jan 07 10:20:24 Loaded file C:\ORCAD_DATA\PROJECT_LAYOUT\LIBS\CONN_JACK_PWR.LLB
Tue Jan 07 10:20:26 Loaded file C:\ORCAD_DATA\PROJECT_LAYOUT\PCB\FOOTPRINT.LLB
Tue Jan 07 10:20:26 Loaded file C:\OrCAD\OrCAD_10.5\tools\Layout_Plus\data\template.imp
Tue Jan 07 10:20:27 Loaded file C:\ORCAD_DATA\PROJECT_LAYOUT\PCB\FOOTPRINT.LLB
Tue Jan 07 10:20:27 Saved as file C:\ORCAD_DATA\PROJECT_LAYOUT\PCB\FOOTPRINT.LLB
Tue Jan 07 10:20:27 Loaded file C:\ORCAD_DATA\PROJECT_LAYOUT\PCB\FOOTPRINT.LLB
Tue Jan 07 10:20:32 Loaded file C:\ORCAD_DATA\PROJECT_LAYOUT\PCB\FOOTPRINT.LLB
Tue Jan 07 10:20:32 Saved as file C:\ORCAD_DATA\PROJECT_LAYOUT\PCB\FOOTPRINT.LLB
Tue Jan 07 10:20:32 Loaded file C:\ORCAD_DATA\PROJECT_LAYOUT\PCB\FOOTPRINT.LLB
Tue Jan 07 10:20:38 Loaded file C:\ORCAD_DATA\PROJECT_LAYOUT\LIBS\CONN_JACK_PWR.LLB
Tue Jan 07 10:20:39 Loaded file C:\ORCAD_DATA\PROJECT_LAYOUT\PCB\FOOTPRINT.LLB
Tue Jan 07 10:20:39 Loaded file C:\OrCAD\OrCAD_10.5\tools\Layout_Plus\data\template.imp
Tue Jan 07 10:20:40 Loaded file C:\ORCAD_DATA\PROJECT_LAYOUT\PCB\FOOTPRINT.LLB
Tue Jan 07 10:20:40 Saved as file C:\ORCAD_DATA\PROJECT_LAYOUT\PCB\FOOTPRINT.LLB
Tue Jan 07 10:20:40 Loaded file C:\ORCAD_DATA\PROJECT_LAYOUT\PCB\FOOTPRINT.LLB
Tue Jan 07 10:23:25 Loaded file C:\ORCAD_DATA\PROJECT_LAYOUT\PCB\GABRIEL_PETROV_FOOTPRINT.LLB
Tue Jan 07 10:23:26 Loaded file C:\OrCAD\OrCAD_10.5\tools\Layout_Plus\data\template.imp
Tue Jan 07 10:26:19 Loaded file C:\ORCAD_DATA\PROJECT_LAYOUT\LIBS\CONN_JACK_PWR.LLB
Tue Jan 07 10:26:21 Loaded file C:\OrCAD\OrCAD_10.5\tools\Layout_Plus\data\template.imp
Tue Jan 07 10:26:22 Loaded file C:\ORCAD_DATA\PROJECT_LAYOUT\LIBS\S34DIODE.LLB
Tue Jan 07 10:26:23 Loaded file C:\ORCAD_DATA\PROJECT_LAYOUT\PCB\GABRIEL_PETROV_FOOTPRINT.LLB
Tue Jan 07 10:26:24 Loaded file C:\OrCAD\OrCAD_10.5\tools\Layout_Plus\data\template.imp
Tue Jan 07 10:40:24 Saved as file C:\OrCAD\OrCAD_10.5\tools\Layout_Plus\data\template.imp
