Wed Dec 18 20:56:00 Saved as file C:\ORCAD_DATA\PROJECT_LAYOUT\PCB\2LAYER\VER1\PROJECT_NIKOLA_GABRIEL-1.MAX
Wed Dec 18 20:56:47 Saved as file BACKUP1.MAX
Wed Dec 18 20:57:25 Saved as file BACKUP1.MAX
Wed Dec 18 20:57:25 Saved as file PLACE1.MAX
Wed Dec 18 20:57:25 Saved as file PLACE2.MAX
Wed Dec 18 20:57:38 Saved as file PLACE3.MAX
Wed Dec 18 20:57:38 Saved as file PLACE4.MAX
Wed Dec 18 20:57:39 Saved as file PLACE5.MAX
Wed Dec 18 20:57:39 Batch place completed in 00:00:13
Wed Dec 18 20:58:01 Saved as file ~undo.max
Wed Dec 18 20:58:04 Saved as file ~undo.max
Wed Dec 18 20:58:09 Saved as file ~undo.max
Wed Dec 18 20:58:13 Saved as file ~undo.max
Wed Dec 18 20:59:20 Saved as file ~undo.max
Wed Dec 18 20:59:39 Saved as file BACKUP1.MAX
Wed Dec 18 20:59:39 Saved as file C:\ORCAD_DATA\PROJECT_LAYOUT\PCB\2LAYER\VER1\PROJECT_NIKOLA_GABRIEL-1.MAX
Wed Dec 18 21:01:25 Saved as file ~undo.max
Wed Dec 18 21:01:40 Saved as file ~undo.max
Wed Dec 18 21:01:51 Saved as file ~undo.max
Wed Dec 18 21:01:55 Saved as file ~undo.max
Wed Dec 18 21:03:30 Saved as file C:\ORCAD_DATA\PROJECT_LAYOUT\PCB\2LAYER\VER1\PROJECT_NIKOLA_GABRIEL-1.MAX
Wed Dec 18 21:03:31 Saved as file C:\ORCAD_DATA\PROJECT_LAYOUT\PCB\2LAYER\VER1\PROJECT_NIKOLA_GABRIEL-1.MAX
Wed Dec 18 21:04:13 Saved as file ~undo.max
Wed Dec 18 21:04:18 Saved as file ~undo.max
Wed Dec 18 21:04:21 Saved as file ~undo.max
Wed Dec 18 21:04:26 Saved as file ~undo.max
Wed Dec 18 21:04:27 Saved as file ~undo.max
Wed Dec 18 21:04:32 Saved as file ~undo.max
Wed Dec 18 21:04:37 Saved as file ~undo.max
Wed Dec 18 21:04:42 Saved as file ~undo.max
Wed Dec 18 21:04:44 Saved as file ~undo.max
Wed Dec 18 21:04:54 Saved as file ~undo.max
Wed Dec 18 21:05:02 Saved as file ~undo.max
Wed Dec 18 21:05:07 Saved as file ~undo.max
Wed Dec 18 21:05:15 Saved as file ~undo.max
Wed Dec 18 21:05:19 Saved as file ~undo.max
Wed Dec 18 21:05:22 Saved as file ~undo.max
Wed Dec 18 21:05:25 Saved as file ~undo.max
Wed Dec 18 21:05:31 Saved as file ~undo.max
Wed Dec 18 21:05:34 Saved as file ~undo.max
Wed Dec 18 21:05:40 Saved as file ~undo.max
Wed Dec 18 21:05:41 Saved as file ~undo.max
Wed Dec 18 21:05:43 Saved as file ~undo.max
Wed Dec 18 21:05:47 Saved as file ~undo.max
Wed Dec 18 21:05:49 Saved as file ~undo.max
Wed Dec 18 21:05:51 Saved as file ~undo.max
Wed Dec 18 21:05:53 Saved as file ~undo.max
Wed Dec 18 21:05:56 Saved as file ~undo.max
Wed Dec 18 21:05:58 Saved as file ~undo.max
Wed Dec 18 21:06:06 Saved as file ~undo.max
Wed Dec 18 21:06:16 Saved as file ~undo.max
Wed Dec 18 21:06:52 Saved as file BACKUP1.MAX
Wed Dec 18 21:06:52 Saved as file BACKUP1.MAX
Wed Dec 18 21:06:52 Saved as file BACKUP1.MAX
Wed Dec 18 21:06:52 Saved as file BACKUP1.MAX
Wed Dec 18 21:06:52 Saved as file BACKUP1.MAX
Wed Dec 18 21:06:52 Saved as file BACKUP1.MAX
Wed Dec 18 21:06:52 Saved as file BACKUP1.MAX
Wed Dec 18 21:06:52 Saved as file BACKUP1.MAX
Wed Dec 18 21:06:52 Saved as file BACKUP1.MAX
Wed Dec 18 21:06:52 Saved as file BACKUP1.MAX
Wed Dec 18 21:06:52 Saved as file BACKUP1.MAX
Wed Dec 18 21:06:52 Saved as file BACKUP1.MAX
Wed Dec 18 21:06:52 Saved as file BACKUP1.MAX
Wed Dec 18 21:06:52 Saved as file BACKUP1.MAX
Wed Dec 18 21:06:52 Saved as file BACKUP1.MAX
Wed Dec 18 21:06:52 Saved as file BACKUP1.MAX
Wed Dec 18 21:06:52 Saved as file BACKUP1.MAX
Wed Dec 18 21:06:52 Saved as file BACKUP1.MAX
Wed Dec 18 21:06:52 Saved as file BACKUP1.MAX
Wed Dec 18 21:06:52 Saved as file BACKUP1.MAX
Wed Dec 18 21:06:52 Saved as file BACKUP1.MAX
Wed Dec 18 21:06:52 Saved as file BACKUP1.MAX
Wed Dec 18 21:06:52 Saved as file BACKUP1.MAX
Wed Dec 18 21:06:52 Saved as file BACKUP1.MAX
Wed Dec 18 21:06:52 Saved as file BACKUP1.MAX
Wed Dec 18 21:06:52 Saved as file BACKUP1.MAX
Wed Dec 18 21:06:52 Saved as file BACKUP1.MAX
Wed Dec 18 21:06:52 Saved as file BACKUP1.MAX
Wed Dec 18 21:06:52 Saved as file BACKUP1.MAX
Wed Dec 18 21:06:52 Saved as file BACKUP1.MAX
Wed Dec 18 21:06:52 Routed 20 connections in 0 seconds.
Wed Dec 18 21:06:52 Total is now 20 out of 133 (15%).
Wed Dec 18 21:06:52 Saved as file SWEEP1.MAX
Wed Dec 18 21:06:53 Saved as file BACKUP1.MAX
Wed Dec 18 21:06:55 Saved as file BACKUP1.MAX
Wed Dec 18 21:06:55 Saved as file BACKUP1.MAX
Wed Dec 18 21:06:55 Saved as file BACKUP1.MAX
Wed Dec 18 21:06:55 Saved as file BACKUP1.MAX
Wed Dec 18 21:06:55 Saved as file BACKUP1.MAX
Wed Dec 18 21:06:59 Saved as file BACKUP1.MAX
Wed Dec 18 21:06:59 Saved as file BACKUP1.MAX
Wed Dec 18 21:06:59 Saved as file BACKUP1.MAX
Wed Dec 18 21:06:59 Saved as file BACKUP1.MAX
Wed Dec 18 21:06:59 Saved as file BACKUP1.MAX
Wed Dec 18 21:06:59 Saved as file BACKUP1.MAX
Wed Dec 18 21:06:59 Saved as file BACKUP1.MAX
Wed Dec 18 21:06:59 Saved as file BACKUP1.MAX
Wed Dec 18 21:06:59 Saved as file BACKUP1.MAX
Wed Dec 18 21:06:59 Saved as file BACKUP1.MAX
Wed Dec 18 21:06:59 Saved as file BACKUP1.MAX
Wed Dec 18 21:06:59 Saved as file BACKUP1.MAX
Wed Dec 18 21:06:59 Saved as file BACKUP1.MAX
Wed Dec 18 21:06:59 Saved as file BACKUP1.MAX
Wed Dec 18 21:06:59 Saved as file BACKUP1.MAX
Wed Dec 18 21:06:59 Saved as file BACKUP1.MAX
Wed Dec 18 21:06:59 Saved as file BACKUP1.MAX
Wed Dec 18 21:06:59 Saved as file BACKUP1.MAX
Wed Dec 18 21:06:59 Saved as file BACKUP1.MAX
Wed Dec 18 21:06:59 Saved as file BACKUP1.MAX
Wed Dec 18 21:06:59 Saved as file BACKUP1.MAX
Wed Dec 18 21:06:59 Saved as file BACKUP1.MAX
Wed Dec 18 21:06:59 Saved as file BACKUP1.MAX
Wed Dec 18 21:06:59 Saved as file BACKUP1.MAX
Wed Dec 18 21:06:59 Routed 94 connections in 6 seconds.
Wed Dec 18 21:06:59 Total is now 82 out of 133 (61%).
Wed Dec 18 21:06:59 Saved as file SWEEP2.MAX
Wed Dec 18 21:07:07 No new connections routed.
Wed Dec 18 21:07:07 Total is now 82 out of 133 (61%).
Wed Dec 18 21:07:07 Saved as file SWEEP3.MAX
Wed Dec 18 21:07:32 Routed 24 connections in 24 seconds.
Wed Dec 18 21:07:32 Total is now 82 out of 133 (61%).
Wed Dec 18 21:07:32 Saved as file SWEEP4.MAX
Wed Dec 18 21:07:50 Routed 20 connections in 18 seconds.
Wed Dec 18 21:07:50 Total is now 82 out of 133 (61%).
Wed Dec 18 21:07:50 Saved as file SWEEP5.MAX
Wed Dec 18 21:09:39 Saved as file BACKUP1.MAX
Wed Dec 18 21:11:06 Saved as file ~undo.max
Wed Dec 18 21:11:14 Saved as file ~undo.max
Wed Dec 18 21:11:19 Saved as file ~undo.max
Wed Dec 18 21:11:22 Saved as file ~undo.max
Wed Dec 18 21:11:25 Saved as file ~undo.max
Wed Dec 18 21:11:46 Saved as file ~undo.max
Wed Dec 18 21:11:56 Saved as file ~undo.max
Wed Dec 18 21:12:12 Saved as file ~undo.max
Wed Dec 18 21:12:35 Saved as file ~undo.max
Wed Dec 18 21:12:54 Saved as file ~undo.max
Wed Dec 18 21:13:59 Saved as file ~undo.max
Wed Dec 18 21:14:01 Saved as file ~undo.max
Wed Dec 18 21:14:02 Saved as file ~undo.max
Wed Dec 18 21:14:08 Saved as file ~undo.max
Wed Dec 18 21:15:05 Saved as file ~undo.max
Wed Dec 18 21:15:25 Saved as file ~undo.max
Wed Dec 18 21:15:40 Saved as file ~undo.max
Wed Dec 18 21:15:45 Saved as file ~undo.max
Wed Dec 18 21:15:49 Saved as file ~undo.max
Wed Dec 18 21:16:01 Saved as file ~undo.max
Wed Dec 18 21:16:07 Saved as file ~undo.max
Wed Dec 18 21:16:09 Saved as file ~undo.max
Wed Dec 18 21:16:27 Saved as file ~undo.max
Wed Dec 18 21:16:29 Saved as file ~undo.max
Wed Dec 18 21:16:38 Saved as file ~undo.max
Wed Dec 18 21:16:46 Saved as file ~undo.max
Wed Dec 18 21:16:51 Saved as file ~undo.max
Wed Dec 18 21:16:53 Saved as file ~undo.max
Wed Dec 18 21:16:55 Saved as file ~undo.max
Wed Dec 18 21:16:59 Saved as file ~undo.max
Wed Dec 18 21:17:34 Saved as file ~undo.max
Wed Dec 18 21:17:50 Saved as file ~undo.max
Wed Dec 18 21:18:00 Saved as file ~undo.max
Wed Dec 18 21:18:09 Saved as file ~undo.max
Wed Dec 18 21:19:03 Saved as file ~undo.max
Wed Dec 18 21:19:32 Saved as file ~undo.max
Wed Dec 18 21:20:41 Saved as file BACKUP1.MAX
Wed Dec 18 21:21:48 Saved as file ~undo.max
Wed Dec 18 21:21:50 Saved as file ~undo.max
Wed Dec 18 21:21:58 Saved as file ~undo.max
Wed Dec 18 21:22:05 Saved as file ~undo.max
Wed Dec 18 21:22:12 Saved as file ~undo.max
Wed Dec 18 21:22:22 Saved as file ~undo.max
Wed Dec 18 21:22:27 Saved as file ~undo.max
Wed Dec 18 21:22:31 Saved as file ~undo.max
Wed Dec 18 21:22:37 Saved as file ~undo.max
Wed Dec 18 21:22:39 Saved as file ~undo.max
Wed Dec 18 21:22:41 Saved as file ~undo.max
Wed Dec 18 21:22:45 Saved as file ~undo.max
Wed Dec 18 21:23:01 Saved as file ~undo.max
Wed Dec 18 21:23:11 Saved as file ~undo.max
Wed Dec 18 21:23:16 Saved as file ~undo.max
Wed Dec 18 21:23:20 Saved as file ~undo.max
Wed Dec 18 21:23:22 Saved as file ~undo.max
Wed Dec 18 21:23:24 Saved as file ~undo.max
Wed Dec 18 21:23:42 Saved as file ~undo.max
Wed Dec 18 21:23:58 Saved as file ~undo.max
Wed Dec 18 21:24:02 Saved as file ~undo.max
Wed Dec 18 21:30:42 Saved as file BACKUP1.MAX
Wed Dec 18 21:32:59 Saved as file ~undo.max
Wed Dec 18 21:34:32 Saved as file ~undo.max
Wed Dec 18 21:34:40 Saved as file ~undo.max
Wed Dec 18 21:35:12 Saved as file ~undo.max
Wed Dec 18 21:35:30 Saved as file ~undo.max
Wed Dec 18 21:35:36 Saved as file ~undo.max
Wed Dec 18 21:35:41 Saved as file ~undo.max
Wed Dec 18 21:35:49 Saved as file ~undo.max
Wed Dec 18 21:35:54 Saved as file ~undo.max
Wed Dec 18 21:36:10 Saved as file ~undo.max
Wed Dec 18 21:36:13 Saved as file ~undo.max
Wed Dec 18 21:36:16 Saved as file ~undo.max
Wed Dec 18 21:36:21 Saved as file ~undo.max
Wed Dec 18 21:36:25 Saved as file ~undo.max
Wed Dec 18 21:36:32 Saved as file ~undo.max
Wed Dec 18 21:37:00 Saved as file ~undo.max
Wed Dec 18 21:37:04 Saved as file ~undo.max
Wed Dec 18 21:37:10 Saved as file ~undo.max
Wed Dec 18 21:37:32 Saved as file ~undo.max
Wed Dec 18 21:37:36 Saved as file ~undo.max
Wed Dec 18 21:37:45 Saved as file ~undo.max
Wed Dec 18 21:37:51 Saved as file ~undo.max
Wed Dec 18 21:37:54 Saved as file ~undo.max
Wed Dec 18 21:37:56 Saved as file ~undo.max
Wed Dec 18 21:38:52 Saved as file ~undo.max
Wed Dec 18 21:38:54 Saved as file ~undo.max
Wed Dec 18 21:39:25 Saved as file ~undo.max
Wed Dec 18 21:39:28 Saved as file ~undo.max
Wed Dec 18 21:39:35 Saved as file ~undo.max
Wed Dec 18 21:39:37 Saved as file ~undo.max
Wed Dec 18 21:39:40 Saved as file ~undo.max
Wed Dec 18 21:39:42 Saved as file ~undo.max
Wed Dec 18 21:39:43 Saved as file ~undo.max
Wed Dec 18 21:39:55 Saved as file ~undo.max
Wed Dec 18 21:40:05 Saved as file ~undo.max
Wed Dec 18 21:40:09 Saved as file ~undo.max
Wed Dec 18 21:40:11 Saved as file ~undo.max
Wed Dec 18 21:40:13 Saved as file ~undo.max
Wed Dec 18 21:40:16 Saved as file ~undo.max
Wed Dec 18 21:40:22 Saved as file ~undo.max
Wed Dec 18 21:40:25 Saved as file ~undo.max
Wed Dec 18 21:40:27 Saved as file ~undo.max
Wed Dec 18 21:40:33 Saved as file ~undo.max
Wed Dec 18 21:40:42 Saved as file BACKUP1.MAX
Wed Dec 18 21:40:46 Saved as file ~undo.max
Wed Dec 18 21:40:59 Saved as file ~undo.max
Wed Dec 18 21:41:36 Saved as file ~undo.max
Wed Dec 18 21:41:55 Saved as file ~undo.max
Wed Dec 18 21:41:59 Saved as file ~undo.max
Wed Dec 18 21:42:12 Saved as file ~undo.max
Wed Dec 18 21:42:14 Saved as file ~undo.max
Wed Dec 18 21:42:24 Saved as file ~undo.max
Wed Dec 18 21:42:27 Saved as file ~undo.max
Wed Dec 18 21:42:38 Saved as file ~undo.max
Wed Dec 18 21:42:39 Saved as file ~undo.max
Wed Dec 18 21:42:43 Saved as file ~undo.max
Wed Dec 18 21:42:56 Saved as file ~undo.max
Wed Dec 18 21:43:00 Saved as file ~undo.max
Wed Dec 18 21:43:30 Saved as file ~undo.max
Wed Dec 18 21:43:32 Saved as file ~undo.max
Wed Dec 18 21:43:36 Saved as file ~undo.max
Wed Dec 18 21:43:38 Saved as file ~undo.max
Wed Dec 18 21:43:43 Saved as file ~undo.max
Wed Dec 18 21:43:45 Saved as file ~undo.max
Wed Dec 18 21:43:56 Saved as file ~undo.max
Wed Dec 18 21:43:58 Saved as file ~undo.max
Wed Dec 18 21:44:02 Saved as file ~undo.max
Wed Dec 18 21:44:12 Saved as file ~undo.max
Wed Dec 18 21:44:30 Saved as file ~undo.max
Wed Dec 18 21:44:39 Saved as file ~undo.max
Wed Dec 18 21:44:57 Saved as file ~undo.max
Wed Dec 18 21:45:23 Saved as file ~undo.max
Wed Dec 18 21:45:33 Saved as file ~undo.max
Wed Dec 18 21:45:42 Saved as file ~undo.max
Wed Dec 18 21:45:47 Saved as file ~undo.max
Wed Dec 18 21:45:48 Saved as file ~undo.max
Wed Dec 18 21:46:04 Saved as file ~undo.max
Wed Dec 18 21:46:10 Saved as file ~undo.max
Wed Dec 18 21:46:19 Saved as file ~undo.max
Wed Dec 18 21:47:03 Saved as file ~undo.max
Wed Dec 18 21:47:15 Saved as file ~undo.max
Wed Dec 18 21:47:50 Saved as file ~undo.max
Wed Dec 18 21:47:56 Saved as file ~undo.max
Wed Dec 18 21:48:12 Saved as file ~undo.max
Wed Dec 18 21:48:34 Saved as file ~undo.max
Wed Dec 18 21:48:35 Saved as file ~undo.max
Wed Dec 18 21:48:36 Saved as file ~undo.max
Wed Dec 18 21:49:18 Saved as file ~undo.max
Wed Dec 18 21:49:21 Saved as file ~undo.max
Wed Dec 18 21:49:30 Saved as file ~undo.max
Wed Dec 18 21:49:43 Saved as file ~undo.max
Wed Dec 18 21:49:44 Saved as file ~undo.max
Wed Dec 18 21:49:47 Saved as file ~undo.max
Wed Dec 18 21:49:54 Saved as file ~undo.max
Wed Dec 18 21:50:05 Saved as file ~undo.max
Wed Dec 18 21:50:08 Saved as file ~undo.max
Wed Dec 18 21:50:23 Saved as file ~undo.max
Wed Dec 18 21:50:42 Saved as file BACKUP1.MAX
Wed Dec 18 21:50:52 Saved as file ~undo.max
Wed Dec 18 21:50:54 Saved as file ~undo.max
Wed Dec 18 21:50:58 Saved as file ~undo.max
Wed Dec 18 21:51:04 Saved as file ~undo.max
Wed Dec 18 21:51:07 Saved as file ~undo.max
Wed Dec 18 21:51:08 Saved as file ~undo.max
Wed Dec 18 21:51:09 Saved as file ~undo.max
Wed Dec 18 21:51:27 Saved as file ~undo.max
Wed Dec 18 21:51:41 Saved as file ~undo.max
Wed Dec 18 21:51:45 Saved as file ~undo.max
Wed Dec 18 21:51:53 Saved as file ~undo.max
Wed Dec 18 21:51:57 Saved as file ~undo.max
Wed Dec 18 21:52:06 Saved as file ~undo.max
Wed Dec 18 21:52:09 Saved as file ~undo.max
Wed Dec 18 21:52:11 Saved as file ~undo.max
Wed Dec 18 21:52:13 Saved as file ~undo.max
Wed Dec 18 21:52:19 Saved as file ~undo.max
Wed Dec 18 21:52:26 Saved as file ~undo.max
Wed Dec 18 21:52:30 Saved as file ~undo.max
Wed Dec 18 21:52:45 Saved as file ~undo.max
Wed Dec 18 21:52:53 Saved as file ~undo.max
Wed Dec 18 21:53:10 Saved as file ~undo.max
Wed Dec 18 21:53:22 Saved as file ~undo.max
Wed Dec 18 21:53:33 Saved as file ~undo.max
Wed Dec 18 21:53:38 Saved as file ~undo.max
Wed Dec 18 21:54:06 Saved as file ~undo.max
Wed Dec 18 21:54:11 Saved as file ~undo.max
Wed Dec 18 21:56:02 Saved as file ~undo.max
Wed Dec 18 21:56:07 Saved as file ~undo.max
Wed Dec 18 21:57:13 Saved as file ~undo.max
Wed Dec 18 21:57:39 Saved as file ~undo.max
Wed Dec 18 21:57:43 Saved as file ~undo.max
Wed Dec 18 21:58:18 Saved as file ~undo.max
Wed Dec 18 21:58:25 Saved as file ~undo.max
Wed Dec 18 21:58:38 Saved as file ~undo.max
Wed Dec 18 21:58:46 Saved as file ~undo.max
Wed Dec 18 21:58:51 Saved as file ~undo.max
Wed Dec 18 21:59:04 Saved as file ~undo.max
Wed Dec 18 21:59:10 Saved as file ~undo.max
Wed Dec 18 21:59:15 Saved as file ~undo.max
Wed Dec 18 21:59:21 Saved as file ~undo.max
Wed Dec 18 21:59:26 Saved as file ~undo.max
Wed Dec 18 21:59:49 Saved as file C:\ORCAD_DATA\PROJECT_LAYOUT\PCB\2LAYER\VER1\PROJECT_NIKOLA_GABRIEL-1.MAX
Wed Dec 18 22:00:20 Saved as file ~undo.max
Wed Dec 18 22:00:42 Saved as file BACKUP1.MAX
Wed Dec 18 22:01:21 Saved as file ~undo.max
Wed Dec 18 22:01:52 Saved as file ~undo.max
Wed Dec 18 22:02:02 Saved as file ~undo.max
Wed Dec 18 22:02:10 Saved as file ~undo.max
Wed Dec 18 22:02:19 Saved as file ~undo.max
Wed Dec 18 22:02:23 Saved as file ~undo.max
Wed Dec 18 22:02:45 Saved as file ~undo.max
Wed Dec 18 22:02:53 Saved as file ~undo.max
Wed Dec 18 22:08:57 Saved as file ~undo.max
Wed Dec 18 22:08:59 Saved as file ~undo.max
Wed Dec 18 22:09:09 Saved as file ~undo.max
Wed Dec 18 22:09:11 Saved as file ~undo.max
Wed Dec 18 22:09:12 Saved as file ~undo.max
Wed Dec 18 22:09:41 Saved as file ~undo.max
Wed Dec 18 22:09:58 Saved as file ~undo.max
Wed Dec 18 22:10:25 Saved as file ~undo.max
Wed Dec 18 22:10:43 Saved as file BACKUP1.MAX
Wed Dec 18 22:11:05 Saved as file ~undo.max
Wed Dec 18 22:11:06 Saved as file ~undo2.max
Wed Dec 18 22:11:06 Loaded file ~undo.max
Wed Dec 18 22:11:08 Saved as file ~undo.max
Wed Dec 18 22:12:12 Saved as file ~undo.max
Wed Dec 18 22:12:22 Saved as file ~undo.max
Wed Dec 18 22:12:25 Saved as file ~undo.max
Wed Dec 18 22:12:27 Saved as file ~undo.max
Wed Dec 18 22:12:32 Saved as file ~undo.max
Wed Dec 18 22:12:40 Saved as file ~undo.max
Wed Dec 18 22:12:49 Saved as file ~undo.max
Wed Dec 18 22:13:03 Saved as file ~undo.max
Wed Dec 18 22:13:06 Saved as file ~undo.max
Wed Dec 18 22:13:21 Saved as file ~undo.max
Wed Dec 18 22:13:54 Saved as file ~undo.max
Wed Dec 18 22:14:00 Saved as file ~undo.max
Wed Dec 18 22:14:04 Saved as file ~undo.max
Wed Dec 18 22:15:01 Saved as file ~undo.max
Wed Dec 18 22:15:06 Saved as file ~undo.max
Wed Dec 18 22:15:17 Saved as file ~undo.max
Wed Dec 18 22:15:28 Saved as file ~undo.max
Wed Dec 18 22:15:32 Saved as file ~undo.max
Wed Dec 18 22:15:36 Saved as file ~undo.max
Wed Dec 18 22:15:44 Saved as file ~undo.max
Wed Dec 18 22:17:12 Saved as file ~undo.max
Wed Dec 18 22:17:17 Saved as file ~undo.max
Wed Dec 18 22:17:21 Saved as file ~undo.max
Wed Dec 18 22:18:00 Saved as file ~undo.max
Wed Dec 18 22:18:19 Saved as file ~undo.max
Wed Dec 18 22:18:22 Saved as file ~undo.max
Wed Dec 18 22:19:06 Saved as file ~undo.max
Wed Dec 18 22:19:07 Saved as file ~undo.max
Wed Dec 18 22:19:08 Saved as file ~undo.max
Wed Dec 18 22:19:11 Saved as file ~undo.max
Wed Dec 18 22:19:14 Saved as file ~undo.max
Wed Dec 18 22:19:20 Saved as file ~undo.max
Wed Dec 18 22:19:52 Saved as file ~undo.max
Wed Dec 18 22:20:01 Saved as file ~undo.max
Wed Dec 18 22:20:05 Saved as file ~undo.max
Wed Dec 18 22:20:43 Saved as file BACKUP1.MAX
Wed Dec 18 22:20:55 Saved as file ~undo.max
Wed Dec 18 22:21:19 Saved as file ~undo.max
Wed Dec 18 22:21:23 Saved as file ~undo.max
Wed Dec 18 22:21:28 Saved as file ~undo.max
Wed Dec 18 22:21:33 Saved as file ~undo.max
Wed Dec 18 22:21:36 Saved as file ~undo.max
Wed Dec 18 22:21:38 Saved as file ~undo.max
Wed Dec 18 22:21:40 Saved as file ~undo.max
Wed Dec 18 22:21:46 Saved as file ~undo.max
Wed Dec 18 22:23:46 Saved as file ~undo.max
Wed Dec 18 22:23:52 Saved as file ~undo.max
Wed Dec 18 22:24:01 Saved as file ~undo.max
Wed Dec 18 22:24:06 Saved as file ~undo.max
Wed Dec 18 22:24:08 Saved as file ~undo.max
Wed Dec 18 22:24:13 Saved as file ~undo.max
Wed Dec 18 22:24:15 Saved as file ~undo.max
Wed Dec 18 22:24:19 Saved as file ~undo.max
Wed Dec 18 22:24:26 Saved as file ~undo.max
Wed Dec 18 22:24:30 Saved as file ~undo.max
Wed Dec 18 22:24:35 Saved as file ~undo.max
Wed Dec 18 22:24:37 Saved as file ~undo.max
Wed Dec 18 22:24:42 Saved as file ~undo.max
Wed Dec 18 22:24:45 Saved as file ~undo.max
Wed Dec 18 22:24:51 Saved as file ~undo.max
Wed Dec 18 22:24:55 Saved as file ~undo.max
Wed Dec 18 22:25:00 Saved as file ~undo.max
Wed Dec 18 22:25:05 Saved as file ~undo.max
Wed Dec 18 22:25:07 Saved as file ~undo.max
Wed Dec 18 22:25:11 Saved as file ~undo.max
Wed Dec 18 22:25:13 Saved as file ~undo.max
Wed Dec 18 22:25:26 Saved as file ~undo.max
Wed Dec 18 22:25:32 Saved as file ~undo.max
Wed Dec 18 22:25:39 Saved as file ~undo.max
Wed Dec 18 22:25:41 Saved as file ~undo.max
Wed Dec 18 22:26:12 Saved as file ~undo.max
Wed Dec 18 22:26:16 Saved as file ~undo.max
Wed Dec 18 22:26:19 Saved as file ~undo.max
Wed Dec 18 22:26:25 Saved as file ~undo.max
Wed Dec 18 22:26:28 Saved as file ~undo.max
Wed Dec 18 22:26:42 Saved as file ~undo.max
Wed Dec 18 22:26:46 Saved as file ~undo.max
Wed Dec 18 22:26:52 Saved as file ~undo.max
Wed Dec 18 22:26:54 Saved as file ~undo.max
Wed Dec 18 22:26:59 Saved as file ~undo.max
Wed Dec 18 22:27:19 Saved as file ~undo.max
Wed Dec 18 22:27:21 Saved as file ~undo.max
Wed Dec 18 22:27:23 Saved as file ~undo.max
Wed Dec 18 22:27:28 Saved as file ~undo.max
Wed Dec 18 22:27:32 Saved as file ~undo.max
Wed Dec 18 22:27:36 Saved as file ~undo.max
Wed Dec 18 22:27:51 Saved as file ~undo.max
Wed Dec 18 22:27:55 Saved as file ~undo.max
Wed Dec 18 22:28:04 Saved as file ~undo.max
Wed Dec 18 22:29:30 Saved as file ~undo.max
Wed Dec 18 22:29:40 Saved as file ~undo.max
Wed Dec 18 22:30:24 Saved as file ~undo.max
Wed Dec 18 22:30:37 Saved as file ~undo.max
Wed Dec 18 22:30:53 Saved as file ~undo.max
Wed Dec 18 22:31:09 Saved as file ~undo.max
Wed Dec 18 22:31:13 Saved as file BACKUP1.MAX
Wed Dec 18 22:31:18 Saved as file ~undo.max
Wed Dec 18 22:31:21 Saved as file ~undo.max
Wed Dec 18 22:31:23 Saved as file ~undo.max
Wed Dec 18 22:31:31 Saved as file ~undo.max
Wed Dec 18 22:31:43 Saved as file ~undo.max
Wed Dec 18 22:34:55 Saved as file ~undo.max
Wed Dec 18 22:35:10 Saved as file ~undo.max
Wed Dec 18 22:35:16 Saved as file ~undo.max
Wed Dec 18 22:35:20 Saved as file ~undo.max
Wed Dec 18 22:36:04 Saved as file ~undo.max
Wed Dec 18 22:36:21 Saved as file ~undo.max
Wed Dec 18 22:36:24 Saved as file ~undo.max
Wed Dec 18 22:36:35 Saved as file ~undo.max
Wed Dec 18 22:36:42 Saved as file ~undo.max
Wed Dec 18 22:36:46 Saved as file ~undo.max
Wed Dec 18 22:36:58 Saved as file ~undo.max
Wed Dec 18 22:37:00 Saved as file ~undo.max
Wed Dec 18 22:37:01 Saved as file ~undo.max
Wed Dec 18 22:37:10 Saved as file ~undo.max
Wed Dec 18 22:37:15 Saved as file ~undo.max
Wed Dec 18 22:37:16 Saved as file ~undo.max
Wed Dec 18 22:37:24 Saved as file ~undo.max
Wed Dec 18 22:37:27 Saved as file ~undo.max
Wed Dec 18 22:37:58 Saved as file ~undo.max
Wed Dec 18 22:38:02 Saved as file ~undo.max
Wed Dec 18 22:38:14 Saved as file ~undo.max
Wed Dec 18 22:38:18 Saved as file ~undo.max
Wed Dec 18 22:38:55 Saved as file ~undo.max
Wed Dec 18 22:39:06 Saved as file ~undo.max
Wed Dec 18 22:39:08 Saved as file ~undo.max
Wed Dec 18 22:39:11 Saved as file ~undo.max
Wed Dec 18 22:39:14 Saved as file ~undo.max
Wed Dec 18 22:39:16 Saved as file ~undo.max
Wed Dec 18 22:39:17 Saved as file ~undo.max
Wed Dec 18 22:39:18 Saved as file ~undo.max
Wed Dec 18 22:39:20 Saved as file ~undo.max
Wed Dec 18 22:39:26 Saved as file ~undo.max
Wed Dec 18 22:39:29 Saved as file ~undo.max
Wed Dec 18 22:39:31 Saved as file ~undo.max
Wed Dec 18 22:39:42 Saved as file ~undo.max
Wed Dec 18 22:39:44 Saved as file ~undo.max
Wed Dec 18 22:39:47 Saved as file ~undo.max
Wed Dec 18 22:39:52 Saved as file ~undo.max
Wed Dec 18 22:39:57 Saved as file ~undo.max
Wed Dec 18 22:40:01 Saved as file ~undo.max
Wed Dec 18 22:40:04 Saved as file ~undo.max
Wed Dec 18 22:40:09 Saved as file ~undo.max
Wed Dec 18 22:40:11 Saved as file ~undo.max
Wed Dec 18 22:40:32 Saved as file ~undo.max
Wed Dec 18 22:40:48 Saved as file ~undo.max
Wed Dec 18 22:40:50 Saved as file ~undo.max
Wed Dec 18 22:40:54 Saved as file ~undo.max
Wed Dec 18 22:41:07 Saved as file ~undo.max
Wed Dec 18 22:41:14 Saved as file BACKUP1.MAX
Wed Dec 18 22:41:16 Saved as file ~undo.max
Wed Dec 18 22:41:22 Saved as file ~undo.max
Wed Dec 18 22:41:34 Saved as file ~undo.max
Wed Dec 18 22:41:48 Saved as file ~undo.max
Wed Dec 18 22:41:51 Saved as file ~undo.max
Wed Dec 18 22:42:21 Saved as file ~undo.max
Wed Dec 18 22:42:28 Saved as file ~undo.max
Wed Dec 18 22:42:42 Saved as file ~undo.max
Wed Dec 18 22:42:46 Saved as file ~undo.max
Wed Dec 18 22:42:58 Saved as file ~undo.max
Wed Dec 18 22:43:20 Saved as file ~undo.max
Wed Dec 18 22:43:58 Saved as file ~undo.max
Wed Dec 18 22:44:01 Saved as file ~undo.max
Wed Dec 18 22:44:04 Saved as file ~undo.max
Wed Dec 18 22:44:15 Saved as file ~undo.max
Wed Dec 18 22:44:23 Saved as file ~undo.max
Wed Dec 18 22:44:31 Saved as file ~undo.max
Wed Dec 18 22:46:55 Saved as file ~undo.max
Wed Dec 18 22:47:00 Saved as file ~undo.max
Wed Dec 18 22:47:51 Saved as file ~undo.max
Wed Dec 18 22:48:45 Saved as file ~undo.max
Wed Dec 18 22:49:14 Saved as file ~undo.max
Wed Dec 18 22:49:27 Saved as file ~undo.max
Wed Dec 18 22:49:42 Saved as file ~undo.max
Wed Dec 18 22:49:54 Saved as file ~undo.max
Wed Dec 18 22:50:21 Saved as file ~undo.max
Wed Dec 18 22:50:38 Saved as file ~undo.max
Wed Dec 18 22:50:43 Saved as file ~undo.max
Wed Dec 18 22:51:02 Saved as file ~undo.max
Wed Dec 18 22:51:10 Saved as file ~undo.max
Wed Dec 18 22:51:14 Saved as file BACKUP1.MAX
Wed Dec 18 22:51:23 Saved as file ~undo.max
Wed Dec 18 22:51:26 Saved as file ~undo.max
Wed Dec 18 22:51:32 Saved as file ~undo.max
Wed Dec 18 22:51:43 Saved as file ~undo.max
Wed Dec 18 22:51:56 Saved as file ~undo.max
Wed Dec 18 22:52:04 Saved as file ~undo.max
Wed Dec 18 22:52:16 Saved as file ~undo.max
Wed Dec 18 22:52:25 Saved as file ~undo.max
Wed Dec 18 22:52:28 Saved as file ~undo.max
Wed Dec 18 22:52:43 Saved as file ~undo.max
Wed Dec 18 22:52:47 Saved as file ~undo.max
Wed Dec 18 22:52:52 Saved as file ~undo.max
Wed Dec 18 22:53:04 Saved as file ~undo.max
Wed Dec 18 22:53:15 Saved as file ~undo.max
Wed Dec 18 22:53:20 Saved as file ~undo.max
Wed Dec 18 22:53:31 Saved as file ~undo.max
Wed Dec 18 22:53:34 Saved as file ~undo.max
Wed Dec 18 22:53:43 Saved as file ~undo.max
Wed Dec 18 22:53:51 Saved as file ~undo.max
Wed Dec 18 22:53:59 Saved as file ~undo.max
Wed Dec 18 22:54:06 Saved as file ~undo.max
Wed Dec 18 22:54:14 Saved as file ~undo.max
Wed Dec 18 22:54:29 Saved as file ~undo.max
Wed Dec 18 22:54:36 Saved as file ~undo.max
Wed Dec 18 22:54:39 Saved as file ~undo.max
Wed Dec 18 22:54:43 Saved as file ~undo.max
Wed Dec 18 22:54:46 Saved as file ~undo.max
Wed Dec 18 22:54:52 Saved as file ~undo.max
Wed Dec 18 22:54:53 Saved as file ~undo.max
Wed Dec 18 22:55:00 Saved as file ~undo.max
Wed Dec 18 22:55:02 Saved as file ~undo.max
Wed Dec 18 22:55:04 Saved as file ~undo.max
Wed Dec 18 22:55:44 Saved as file ~undo.max
Wed Dec 18 22:55:54 Saved as file ~undo.max
Wed Dec 18 22:55:59 Saved as file ~undo.max
Wed Dec 18 22:56:02 Saved as file ~undo.max
Wed Dec 18 22:56:20 Saved as file ~undo.max
Wed Dec 18 22:56:24 Saved as file ~undo.max
Wed Dec 18 22:56:26 Saved as file ~undo.max
Wed Dec 18 22:56:30 Saved as file ~undo.max
Wed Dec 18 22:56:43 Saved as file ~undo.max
Wed Dec 18 22:56:45 Saved as file ~undo.max
Wed Dec 18 22:56:52 Saved as file ~undo.max
Wed Dec 18 22:56:56 Saved as file ~undo.max
Wed Dec 18 22:57:12 Saved as file ~undo.max
Wed Dec 18 22:57:24 Saved as file ~undo.max
Wed Dec 18 22:57:26 Saved as file ~undo.max
Wed Dec 18 22:57:27 Saved as file ~undo.max
Wed Dec 18 22:57:40 Saved as file ~undo.max
Wed Dec 18 22:59:17 Saved as file ~undo.max
Wed Dec 18 22:59:21 Saved as file ~undo.max
Wed Dec 18 22:59:24 Saved as file ~undo.max
Wed Dec 18 22:59:31 Saved as file ~undo.max
Wed Dec 18 22:59:40 Saved as file ~undo.max
Wed Dec 18 22:59:43 Saved as file ~undo.max
Wed Dec 18 22:59:50 Saved as file ~undo.max
Wed Dec 18 23:00:08 Saved as file ~undo.max
Wed Dec 18 23:00:10 Saved as file C:\ORCAD_DATA\PROJECT_LAYOUT\PCB\2LAYER\VER1\PROJECT_NIKOLA_GABRIEL-1.MAX
Wed Dec 18 23:00:10 Saved as file C:\ORCAD_DATA\PROJECT_LAYOUT\PCB\2LAYER\VER1\PROJECT_NIKOLA_GABRIEL-1.MAX
Wed Dec 18 23:00:10 Saved as file C:\ORCAD_DATA\PROJECT_LAYOUT\PCB\2LAYER\VER1\PROJECT_NIKOLA_GABRIEL-1.MAX
Wed Dec 18 23:00:10 Saved as file C:\ORCAD_DATA\PROJECT_LAYOUT\PCB\2LAYER\VER1\PROJECT_NIKOLA_GABRIEL-1.MAX
Wed Dec 18 23:00:11 Saved as file C:\ORCAD_DATA\PROJECT_LAYOUT\PCB\2LAYER\VER1\PROJECT_NIKOLA_GABRIEL-1.MAX
Wed Dec 18 23:00:11 Saved as file C:\ORCAD_DATA\PROJECT_LAYOUT\PCB\2LAYER\VER1\PROJECT_NIKOLA_GABRIEL-1.MAX
Wed Dec 18 23:01:44 Saved as file BACKUP1.MAX
Wed Dec 18 23:02:19 Saved as file ~undo.max
Wed Dec 18 23:02:29 Saved as file ~undo.max
Wed Dec 18 23:02:42 Saved as file ~undo.max
Wed Dec 18 23:02:53 Saved as file ~undo.max
Wed Dec 18 23:03:25 Saved as file ~undo.max
Wed Dec 18 23:03:39 Saved as file ~undo.max
Wed Dec 18 23:03:53 Saved as file ~undo.max
Wed Dec 18 23:05:32 Saved as file BACKUP1.MAX
Wed Dec 18 23:05:32 Saved as file BACKUP1.MAX
Wed Dec 18 23:05:32 Saved as file BACKUP1.MAX
Wed Dec 18 23:05:32 Saved as file BACKUP1.MAX
Wed Dec 18 23:05:32 Saved as file BACKUP1.MAX
Wed Dec 18 23:05:32 Saved as file BACKUP1.MAX
Wed Dec 18 23:05:32 Saved as file BACKUP1.MAX
Wed Dec 18 23:05:32 Saved as file BACKUP1.MAX
Wed Dec 18 23:05:32 Saved as file BACKUP1.MAX
Wed Dec 18 23:05:32 Saved as file BACKUP1.MAX
Wed Dec 18 23:05:32 Saved as file BACKUP1.MAX
Wed Dec 18 23:05:32 Saved as file BACKUP1.MAX
Wed Dec 18 23:05:32 Saved as file BACKUP1.MAX
Wed Dec 18 23:05:32 Saved as file BACKUP1.MAX
Wed Dec 18 23:05:32 Saved as file BACKUP1.MAX
Wed Dec 18 23:05:32 Saved as file BACKUP1.MAX
Wed Dec 18 23:05:32 Saved as file BACKUP1.MAX
Wed Dec 18 23:05:32 Saved as file BACKUP1.MAX
Wed Dec 18 23:05:32 Saved as file BACKUP1.MAX
Wed Dec 18 23:05:32 Saved as file BACKUP1.MAX
Wed Dec 18 23:05:32 Routed 85 connections in 0 seconds.
Wed Dec 18 23:05:32 Total is now 85 out of 286 (29%).
Wed Dec 18 23:05:32 Saved as file SWEEP1.MAX
Wed Dec 18 23:05:32 Saved as file BACKUP1.MAX
Wed Dec 18 23:05:32 Saved as file BACKUP1.MAX
Wed Dec 18 23:05:32 Saved as file BACKUP1.MAX
Wed Dec 18 23:05:32 Saved as file BACKUP1.MAX
Wed Dec 18 23:05:32 Saved as file BACKUP1.MAX
Wed Dec 18 23:05:32 Saved as file BACKUP1.MAX
Wed Dec 18 23:05:32 Saved as file BACKUP1.MAX
Wed Dec 18 23:05:33 Saved as file BACKUP1.MAX
Wed Dec 18 23:05:33 Saved as file BACKUP1.MAX
Wed Dec 18 23:05:33 Saved as file BACKUP1.MAX
Wed Dec 18 23:05:33 Saved as file BACKUP1.MAX
Wed Dec 18 23:05:33 Saved as file BACKUP1.MAX
Wed Dec 18 23:05:33 Saved as file BACKUP1.MAX
Wed Dec 18 23:05:35 Saved as file BACKUP1.MAX
Wed Dec 18 23:05:35 Saved as file BACKUP1.MAX
Wed Dec 18 23:05:35 Saved as file BACKUP1.MAX
Wed Dec 18 23:05:35 Saved as file BACKUP1.MAX
Wed Dec 18 23:05:36 Saved as file BACKUP1.MAX
Wed Dec 18 23:05:36 Saved as file BACKUP1.MAX
Wed Dec 18 23:05:36 Saved as file BACKUP1.MAX
Wed Dec 18 23:05:36 Routed 246 connections in 3 seconds.
Wed Dec 18 23:05:36 Total is now 200 out of 286 (69%).
Wed Dec 18 23:05:36 Saved as file SWEEP2.MAX
Wed Dec 18 23:05:43 Routed 4 connections in 7 seconds.
Wed Dec 18 23:05:43 Total is now 203 out of 286 (70%).
Wed Dec 18 23:05:43 Saved as file SWEEP3.MAX
Wed Dec 18 23:06:02 Routed 34 connections in 18 seconds.
Wed Dec 18 23:06:02 Total is now 205 out of 286 (71%).
Wed Dec 18 23:06:02 Saved as file SWEEP4.MAX
Wed Dec 18 23:06:20 Routed 25 connections in 17 seconds.
Wed Dec 18 23:06:20 Total is now 205 out of 286 (71%).
Wed Dec 18 23:06:20 Saved as file SWEEP5.MAX
Wed Dec 18 23:07:44 Saved as file ~undo.max
Wed Dec 18 23:07:46 Saved as file ~undo2.max
Wed Dec 18 23:07:46 Loaded file ~undo.max
Wed Dec 18 23:07:47 Saved as file ~undo2.max
Wed Dec 18 23:07:47 Loaded file ~undo.max
Wed Dec 18 23:07:57 Saved as file ~undo2.max
Wed Dec 18 23:07:57 Loaded file ~undo.max
Wed Dec 18 23:08:13 Saved as file ~undo.max
Wed Dec 18 23:08:16 Saved as file ~undo.max
Wed Dec 18 23:08:24 Saved as file ~undo.max
Wed Dec 18 23:08:25 Saved as file ~undo.max
Wed Dec 18 23:08:30 Saved as file ~undo.max
Wed Dec 18 23:08:31 Saved as file ~undo.max
Wed Dec 18 23:08:44 Saved as file ~undo.max
Wed Dec 18 23:08:46 Saved as file ~undo.max
Wed Dec 18 23:08:48 Saved as file ~undo.max
Wed Dec 18 23:08:49 Saved as file ~undo.max
Wed Dec 18 23:09:24 Saved as file ~undo.max
Wed Dec 18 23:09:27 Saved as file ~undo.max
Wed Dec 18 23:09:51 Saved as file C:\ORCAD_DATA\PROJECT_LAYOUT\PCB\2LAYER\VER1\PROJECT_NIKOLA_GABRIEL-1.MAX
Wed Dec 18 23:09:51 Saved as file C:\ORCAD_DATA\PROJECT_LAYOUT\PCB\2LAYER\VER1\PROJECT_NIKOLA_GABRIEL-1.MAX
Wed Dec 18 23:29:31 Saved as file ~undo.max
Wed Dec 18 23:29:35 Saved as file ~undo.max
Wed Dec 18 23:29:43 Saved as file ~undo.max
Wed Dec 18 23:29:57 Saved as file ~undo.max
Wed Dec 18 23:30:02 Saved as file ~undo.max
Wed Dec 18 23:30:04 Saved as file ~undo.max
Wed Dec 18 23:30:08 Saved as file ~undo.max
Wed Dec 18 23:30:10 Saved as file ~undo.max
Wed Dec 18 23:30:15 Saved as file ~undo.max
Wed Dec 18 23:30:19 Saved as file ~undo.max
Wed Dec 18 23:30:21 Saved as file ~undo.max
Wed Dec 18 23:30:24 Saved as file ~undo.max
Wed Dec 18 23:30:26 Saved as file ~undo.max
Wed Dec 18 23:30:30 Saved as file ~undo.max
Wed Dec 18 23:30:33 Saved as file ~undo.max
Wed Dec 18 23:30:35 Saved as file ~undo.max
Wed Dec 18 23:30:39 Saved as file ~undo.max
Wed Dec 18 23:30:51 Saved as file ~undo.max
Wed Dec 18 23:30:55 Saved as file ~undo.max
Wed Dec 18 23:30:57 Saved as file ~undo.max
Wed Dec 18 23:31:02 Saved as file ~undo.max
Wed Dec 18 23:31:05 Saved as file ~undo.max
Wed Dec 18 23:31:09 Saved as file ~undo.max
Wed Dec 18 23:31:15 Saved as file ~undo.max
Wed Dec 18 23:31:33 Saved as file ~undo.max
Wed Dec 18 23:31:36 Saved as file ~undo.max
Wed Dec 18 23:31:40 Saved as file ~undo.max
Wed Dec 18 23:31:44 Saved as file ~undo.max
Wed Dec 18 23:31:49 Saved as file ~undo.max
Wed Dec 18 23:31:52 Saved as file ~undo.max
Wed Dec 18 23:31:53 Saved as file ~undo.max
Wed Dec 18 23:32:00 Saved as file ~undo.max
Wed Dec 18 23:32:02 Saved as file ~undo.max
Wed Dec 18 23:32:06 Saved as file ~undo.max
Wed Dec 18 23:32:10 Saved as file ~undo.max
Wed Dec 18 23:32:13 Saved as file ~undo.max
Wed Dec 18 23:32:15 Saved as file ~undo.max
Wed Dec 18 23:32:18 Saved as file ~undo.max
Wed Dec 18 23:32:29 Saved as file ~undo.max
Wed Dec 18 23:32:40 Saved as file ~undo.max
Wed Dec 18 23:32:50 Saved as file ~undo.max
Wed Dec 18 23:32:54 Saved as file ~undo.max
Wed Dec 18 23:33:01 Saved as file ~undo.max
Wed Dec 18 23:33:10 Saved as file ~undo.max
Wed Dec 18 23:33:24 Saved as file ~undo.max
Wed Dec 18 23:33:28 Saved as file ~undo.max
Wed Dec 18 23:33:32 Saved as file ~undo.max
Wed Dec 18 23:33:41 Saved as file ~undo.max
Wed Dec 18 23:33:43 Saved as file ~undo.max
Wed Dec 18 23:33:48 Saved as file ~undo.max
Wed Dec 18 23:33:51 Saved as file ~undo.max
Wed Dec 18 23:33:55 Saved as file ~undo.max
Wed Dec 18 23:34:02 Saved as file ~undo.max
Wed Dec 18 23:34:03 Saved as file ~undo2.max
Wed Dec 18 23:34:03 Loaded file ~undo.max
Wed Dec 18 23:34:10 Saved as file ~undo.max
Wed Dec 18 23:34:23 Saved as file ~undo.max
Wed Dec 18 23:34:28 Saved as file ~undo.max
Wed Dec 18 23:34:31 Saved as file ~undo.max
Wed Dec 18 23:34:44 Saved as file ~undo.max
Wed Dec 18 23:34:53 Saved as file ~undo.max
Wed Dec 18 23:34:58 Saved as file ~undo.max
Wed Dec 18 23:35:23 Saved as file ~undo.max
Wed Dec 18 23:35:34 Saved as file ~undo.max
Wed Dec 18 23:35:44 Saved as file ~undo.max
Wed Dec 18 23:35:48 Saved as file ~undo.max
Wed Dec 18 23:35:51 Saved as file ~undo.max
Wed Dec 18 23:35:56 Saved as file ~undo.max
Wed Dec 18 23:35:58 Saved as file ~undo.max
Wed Dec 18 23:36:06 Saved as file ~undo.max
Wed Dec 18 23:36:21 Saved as file ~undo.max
Wed Dec 18 23:36:24 Saved as file ~undo.max
Wed Dec 18 23:36:27 Saved as file ~undo.max
Wed Dec 18 23:36:36 Saved as file ~undo.max
Wed Dec 18 23:36:39 Saved as file ~undo.max
Wed Dec 18 23:36:42 Saved as file ~undo.max
Wed Dec 18 23:36:53 Saved as file ~undo.max
Wed Dec 18 23:37:05 Saved as file ~undo.max
Wed Dec 18 23:37:06 Saved as file ~undo2.max
Wed Dec 18 23:37:06 Loaded file ~undo.max
Wed Dec 18 23:37:07 Saved as file ~undo2.max
Wed Dec 18 23:37:07 Loaded file ~undo.max
Wed Dec 18 23:37:08 Saved as file ~undo2.max
Wed Dec 18 23:37:08 Loaded file ~undo.max
Wed Dec 18 23:37:08 Saved as file ~undo2.max
Wed Dec 18 23:37:09 Loaded file ~undo.max
Wed Dec 18 23:37:09 Saved as file ~undo2.max
Wed Dec 18 23:37:09 Loaded file ~undo.max
Wed Dec 18 23:37:36 Saved as file ~undo.max
Wed Dec 18 23:37:54 Saved as file ~undo.max
Wed Dec 18 23:37:56 Saved as file ~undo.max
Wed Dec 18 23:38:12 Saved as file BACKUP1.MAX
Wed Dec 18 23:38:42 Saved as file ~undo.max
Wed Dec 18 23:38:51 Saved as file ~undo.max
Wed Dec 18 23:38:58 Saved as file ~undo.max
Wed Dec 18 23:39:01 Saved as file ~undo.max
Wed Dec 18 23:39:08 Saved as file ~undo.max
Wed Dec 18 23:39:14 Saved as file ~undo.max
Wed Dec 18 23:39:18 Saved as file ~undo.max
Wed Dec 18 23:39:26 Saved as file ~undo.max
Wed Dec 18 23:39:30 Saved as file ~undo.max
Wed Dec 18 23:39:36 Saved as file ~undo.max
Wed Dec 18 23:39:40 Saved as file ~undo.max
Wed Dec 18 23:39:44 Saved as file ~undo.max
Wed Dec 18 23:39:47 Saved as file ~undo.max
Wed Dec 18 23:39:52 Saved as file ~undo.max
Wed Dec 18 23:40:01 Saved as file ~undo.max
Wed Dec 18 23:40:04 Saved as file ~undo.max
Wed Dec 18 23:40:10 Saved as file ~undo.max
Wed Dec 18 23:40:14 Saved as file ~undo.max
Wed Dec 18 23:40:24 Saved as file ~undo.max
Wed Dec 18 23:40:41 Saved as file ~undo.max
Wed Dec 18 23:40:46 Saved as file ~undo.max
Wed Dec 18 23:41:06 Saved as file ~undo.max
Wed Dec 18 23:41:19 Saved as file ~undo.max
Wed Dec 18 23:41:26 Saved as file ~undo.max
Wed Dec 18 23:41:30 Saved as file ~undo.max
Wed Dec 18 23:41:35 Saved as file ~undo.max
Wed Dec 18 23:41:39 Saved as file ~undo.max
Wed Dec 18 23:41:42 Saved as file ~undo.max
Wed Dec 18 23:41:51 Saved as file ~undo.max
Wed Dec 18 23:41:55 Saved as file ~undo.max
Wed Dec 18 23:42:05 Saved as file ~undo.max
Wed Dec 18 23:42:13 Saved as file ~undo.max
Wed Dec 18 23:42:16 Saved as file ~undo.max
Wed Dec 18 23:42:19 Saved as file ~undo.max
Wed Dec 18 23:42:23 Saved as file ~undo.max
Wed Dec 18 23:42:25 Saved as file ~undo.max
Wed Dec 18 23:42:28 Saved as file ~undo.max
Wed Dec 18 23:42:30 Saved as file ~undo.max
Wed Dec 18 23:42:36 Saved as file ~undo.max
Wed Dec 18 23:42:39 Saved as file ~undo.max
Wed Dec 18 23:42:41 Saved as file ~undo.max
Wed Dec 18 23:42:47 Saved as file ~undo.max
Wed Dec 18 23:42:51 Saved as file ~undo.max
Wed Dec 18 23:42:54 Saved as file ~undo.max
Wed Dec 18 23:42:59 Saved as file ~undo.max
Wed Dec 18 23:43:06 Saved as file ~undo.max
Wed Dec 18 23:43:10 Saved as file ~undo.max
Wed Dec 18 23:43:16 Saved as file ~undo.max
Wed Dec 18 23:43:20 Saved as file ~undo.max
Wed Dec 18 23:43:24 Saved as file ~undo.max
Wed Dec 18 23:43:27 Saved as file ~undo.max
Wed Dec 18 23:43:44 Saved as file ~undo.max
Wed Dec 18 23:44:04 Saved as file ~undo.max
Wed Dec 18 23:44:08 Saved as file ~undo.max
Wed Dec 18 23:44:10 Saved as file ~undo.max
Wed Dec 18 23:44:15 Saved as file ~undo2.max
Wed Dec 18 23:44:15 Loaded file ~undo.max
Wed Dec 18 23:44:16 Saved as file ~undo2.max
Wed Dec 18 23:44:16 Loaded file ~undo.max
Wed Dec 18 23:44:17 Saved as file ~undo2.max
Wed Dec 18 23:44:17 Loaded file ~undo.max
Wed Dec 18 23:44:18 Saved as file ~undo2.max
Wed Dec 18 23:44:18 Loaded file ~undo.max
Wed Dec 18 23:44:30 Saved as file ~undo.max
Wed Dec 18 23:44:36 Saved as file ~undo.max
Wed Dec 18 23:44:44 Saved as file ~undo.max
Wed Dec 18 23:44:54 Saved as file ~undo.max
Wed Dec 18 23:45:15 Saved as file ~undo.max
Wed Dec 18 23:45:25 Saved as file ~undo.max
Wed Dec 18 23:45:28 Saved as file ~undo.max
Wed Dec 18 23:45:44 Saved as file ~undo.max
Wed Dec 18 23:45:48 Saved as file ~undo.max
Wed Dec 18 23:45:52 Saved as file ~undo.max
Wed Dec 18 23:46:22 Saved as file ~undo.max
Wed Dec 18 23:46:23 Saved as file ~undo.max
Wed Dec 18 23:46:25 Saved as file ~undo.max
Wed Dec 18 23:46:27 Saved as file ~undo.max
Wed Dec 18 23:46:31 Saved as file ~undo.max
Wed Dec 18 23:46:33 Saved as file ~undo.max
Wed Dec 18 23:46:39 Saved as file C:\ORCAD_DATA\PROJECT_LAYOUT\PCB\2LAYER\VER1\PROJECT_NIKOLA_GABRIEL-1.MAX
Wed Dec 18 23:46:40 Saved as file C:\ORCAD_DATA\PROJECT_LAYOUT\PCB\2LAYER\VER1\PROJECT_NIKOLA_GABRIEL-1.MAX
Wed Dec 18 23:46:40 Saved as file C:\ORCAD_DATA\PROJECT_LAYOUT\PCB\2LAYER\VER1\PROJECT_NIKOLA_GABRIEL-1.MAX
Wed Dec 18 23:46:40 Saved as file C:\ORCAD_DATA\PROJECT_LAYOUT\PCB\2LAYER\VER1\PROJECT_NIKOLA_GABRIEL-1.MAX
Wed Dec 18 23:46:41 Saved as file C:\ORCAD_DATA\PROJECT_LAYOUT\PCB\2LAYER\VER1\PROJECT_NIKOLA_GABRIEL-1.MAX
Wed Dec 18 23:46:41 Saved as file C:\ORCAD_DATA\PROJECT_LAYOUT\PCB\2LAYER\VER1\PROJECT_NIKOLA_GABRIEL-1.MAX
Wed Dec 18 23:46:41 Saved as file C:\ORCAD_DATA\PROJECT_LAYOUT\PCB\2LAYER\VER1\PROJECT_NIKOLA_GABRIEL-1.MAX
Wed Dec 18 23:46:42 Saved as file C:\ORCAD_DATA\PROJECT_LAYOUT\PCB\2LAYER\VER1\PROJECT_NIKOLA_GABRIEL-1.MAX
Wed Dec 18 23:46:48 Saved as file ~undo.max
Wed Dec 18 23:46:48 Saved as file C:\ORCAD_DATA\PROJECT_LAYOUT\PCB\2LAYER\VER1\PROJECT_NIKOLA_GABRIEL-1.MAX
Wed Dec 18 23:46:49 Saved as file C:\ORCAD_DATA\PROJECT_LAYOUT\PCB\2LAYER\VER1\PROJECT_NIKOLA_GABRIEL-1.MAX
Wed Dec 18 23:46:49 Saved as file C:\ORCAD_DATA\PROJECT_LAYOUT\PCB\2LAYER\VER1\PROJECT_NIKOLA_GABRIEL-1.MAX
Wed Dec 18 23:46:49 Saved as file C:\ORCAD_DATA\PROJECT_LAYOUT\PCB\2LAYER\VER1\PROJECT_NIKOLA_GABRIEL-1.MAX
Wed Dec 18 23:46:50 Saved as file C:\ORCAD_DATA\PROJECT_LAYOUT\PCB\2LAYER\VER1\PROJECT_NIKOLA_GABRIEL-1.MAX
Wed Dec 18 23:46:50 Saved as file C:\ORCAD_DATA\PROJECT_LAYOUT\PCB\2LAYER\VER1\PROJECT_NIKOLA_GABRIEL-1.MAX
Thu Dec 19 09:29:14 Saved as file ~undo.max
Thu Dec 19 09:30:49 Saved as file ~undo.max
Thu Dec 19 09:30:56 Saved as file ~undo.max
Thu Dec 19 09:31:02 Saved as file ~undo.max
Thu Dec 19 09:31:16 Saved as file ~undo.max
Thu Dec 19 09:31:47 Saved as file ~undo.max
Thu Dec 19 09:32:08 Saved as file ~undo.max
Thu Dec 19 09:32:36 Saved as file ~undo.max
Thu Dec 19 09:32:41 Saved as file ~undo.max
Thu Dec 19 09:32:48 Saved as file ~undo.max
Thu Dec 19 09:32:51 Saved as file ~undo2.max
Thu Dec 19 09:32:51 Loaded file ~undo.max
Thu Dec 19 09:33:15 Saved as file ~undo.max
Thu Dec 19 09:33:26 Saved as file ~undo.max
Thu Dec 19 09:33:50 Saved as file ~undo.max
Thu Dec 19 09:33:55 Saved as file ~undo.max
Thu Dec 19 09:34:01 Saved as file ~undo.max
Thu Dec 19 09:34:03 Saved as file ~undo.max
Thu Dec 19 09:34:06 Saved as file ~undo.max
Thu Dec 19 09:34:24 Saved as file ~undo.max
Thu Dec 19 09:34:31 Saved as file ~undo.max
Thu Dec 19 09:34:37 Saved as file ~undo.max
Thu Dec 19 09:34:42 Saved as file ~undo.max
Thu Dec 19 09:34:45 Saved as file ~undo.max
Thu Dec 19 09:34:48 Saved as file ~undo.max
Thu Dec 19 09:34:51 Saved as file ~undo.max
Thu Dec 19 09:34:56 Saved as file ~undo.max
Thu Dec 19 09:35:00 Saved as file ~undo.max
Thu Dec 19 09:35:07 Saved as file ~undo.max
Thu Dec 19 09:35:09 Saved as file ~undo.max
Thu Dec 19 09:35:17 Saved as file ~undo.max
Thu Dec 19 09:35:19 Saved as file ~undo.max
Thu Dec 19 09:35:23 Saved as file ~undo.max
Thu Dec 19 09:35:26 Saved as file ~undo.max
Thu Dec 19 09:35:41 Saved as file ~undo.max
Thu Dec 19 09:35:47 Saved as file ~undo.max
Thu Dec 19 09:36:06 Saved as file ~undo.max
Thu Dec 19 09:36:37 Saved as file ~undo.max
Thu Dec 19 09:36:40 Saved as file ~undo.max
Thu Dec 19 09:36:51 Saved as file ~undo.max
Thu Dec 19 09:36:57 Saved as file ~undo.max
Thu Dec 19 09:37:05 Saved as file ~undo.max
Thu Dec 19 09:37:07 Saved as file ~undo.max
Thu Dec 19 09:37:10 Saved as file ~undo.max
Thu Dec 19 09:37:12 Saved as file ~undo.max
Thu Dec 19 09:37:15 Saved as file ~undo.max
Thu Dec 19 09:37:19 Saved as file ~undo.max
Thu Dec 19 09:37:28 Saved as file ~undo.max
Thu Dec 19 09:37:46 Saved as file ~undo.max
Thu Dec 19 09:37:53 Saved as file ~undo.max
Thu Dec 19 09:37:59 Saved as file ~undo.max
Thu Dec 19 09:38:21 Saved as file ~undo.max
Thu Dec 19 09:38:27 Saved as file ~undo.max
Thu Dec 19 09:38:39 Saved as file ~undo.max
Thu Dec 19 09:38:45 Saved as file ~undo.max
Thu Dec 19 09:38:49 Saved as file BACKUP1.MAX
Thu Dec 19 09:38:51 Saved as file ~undo.max
Thu Dec 19 09:39:00 Saved as file ~undo.max
Thu Dec 19 09:39:14 Saved as file ~undo.max
Thu Dec 19 09:39:37 Saved as file ~undo.max
Thu Dec 19 09:39:41 Saved as file C:\ORCAD_DATA\PROJECT_LAYOUT\PCB\VER1 (PLACED POWER COMPS)\PROJECT_NIKOLA_GABRIEL-1.MAX
Thu Dec 19 09:39:41 Saved as file C:\ORCAD_DATA\PROJECT_LAYOUT\PCB\VER1 (PLACED POWER COMPS)\PROJECT_NIKOLA_GABRIEL-1.MAX
Thu Dec 19 09:39:42 Saved as file C:\ORCAD_DATA\PROJECT_LAYOUT\PCB\VER1 (PLACED POWER COMPS)\PROJECT_NIKOLA_GABRIEL-1.MAX
Thu Dec 19 09:39:42 Saved as file C:\ORCAD_DATA\PROJECT_LAYOUT\PCB\VER1 (PLACED POWER COMPS)\PROJECT_NIKOLA_GABRIEL-1.MAX
Thu Dec 19 09:39:42 Saved as file C:\ORCAD_DATA\PROJECT_LAYOUT\PCB\VER1 (PLACED POWER COMPS)\PROJECT_NIKOLA_GABRIEL-1.MAX
Thu Dec 19 09:40:56 Saved as file ~undo.max
Thu Dec 19 09:43:02 Saved as file ~undo.max
Thu Dec 19 09:43:35 Saved as file ~undo.max
Mon Jan 13 13:04:10 Saved as file ~undo.max
Mon Jan 13 13:04:13 Saved as file ~undo.max
Mon Jan 13 13:04:16 Saved as file ~undo.max
