Tue Dec 17 11:36:10 UserDiv from Layout.INI for AutoECO: 60
Tue Dec 17 11:36:10 Loaded file C:\ORCAD\ORCAD_10.5\TOOLS\LAYOUT_PLUS\DATA\_DEFAULT.TCH
Tue Dec 17 11:36:10 Loaded file C:\ORCAD_DATA\PROJECT_LAYOUT\LIBS\CONN_COAX.LLB
Tue Dec 17 11:36:10 Loaded file C:\ORCAD_DATA\PROJECT_LAYOUT\LIBS\CONN_JACK_PWR.LLB
Tue Dec 17 11:36:10 Loaded file C:\ORCAD_DATA\PROJECT_LAYOUT\LIBS\INDUCTOR_MURATA22R.LLB
Tue Dec 17 11:36:10 Loaded file C:\ORCAD_DATA\PROJECT_LAYOUT\LIBS\S34DIODE.LLB
Tue Dec 17 11:36:10 Loaded file C:\ORCAD_DATA\PROJECT_LAYOUT\LIBS\TF-CARD.LLB
Tue Dec 17 11:36:10 Loaded file C:\ORCAD_DATA\PROJECT_LAYOUT\LIBS\USB.LLB
Tue Dec 17 11:36:10 Loaded file C:\USERS\TUES\DOWNLOADS\LAYOUT\LAYOUT\S34DIODE.LLB
Tue Dec 17 11:36:10 Loaded file C:\ORCAD_DATA\PROJECT_LAYOUT\LIBS\STM32F103VBT6.LLB
Tue Dec 17 11:36:10 Loaded file C:\ORCAD_DATA\PROJECT_LAYOUT\LIBS\LTC4054.LLB
Tue Dec 17 11:36:10 Loaded file C:\ORCAD\ORCAD_10.5\TOOLS\LAYOUT_PLUS\LIBRARY\CAP_ASS.LLB
Tue Dec 17 11:36:10 Loaded file C:\ORCAD\ORCAD_10.5\TOOLS\LAYOUT_PLUS\LIBRARY\CAP_RAD.LLB
Tue Dec 17 11:36:10 Loaded file C:\ORCAD\ORCAD_10.5\TOOLS\LAYOUT_PLUS\LIBRARY\CONN_COAX.LLB
Tue Dec 17 11:36:10 Loaded file C:\ORCAD\ORCAD_10.5\TOOLS\LAYOUT_PLUS\LIBRARY\CONN_DIN.LLB
Tue Dec 17 11:36:10 Loaded file C:\ORCAD\ORCAD_10.5\TOOLS\LAYOUT_PLUS\LIBRARY\CONN_DSUB.LLB
Tue Dec 17 11:36:10 Loaded file C:\ORCAD\ORCAD_10.5\TOOLS\LAYOUT_PLUS\LIBRARY\CONN_STRIP.LLB
Tue Dec 17 11:36:10 Loaded file C:\ORCAD\ORCAD_10.5\TOOLS\LAYOUT_PLUS\LIBRARY\DEVICE.LLB
Tue Dec 17 11:36:10 Loaded file C:\ORCAD\ORCAD_10.5\TOOLS\LAYOUT_PLUS\LIBRARY\DIODE.LLB
Tue Dec 17 11:36:10 Loaded file C:\ORCAD\ORCAD_10.5\TOOLS\LAYOUT_PLUS\LIBRARY\DIP.LLB
Tue Dec 17 11:36:10 Loaded file C:\ORCAD\ORCAD_10.5\TOOLS\LAYOUT_PLUS\LIBRARY\EMPTY.LLB
Tue Dec 17 11:36:10 Loaded file C:\ORCAD\ORCAD_10.5\TOOLS\LAYOUT_PLUS\LIBRARY\EX_GUI.LLB
Tue Dec 17 11:36:10 Loaded file C:\ORCAD\ORCAD_10.5\TOOLS\LAYOUT_PLUS\LIBRARY\INDUTTORI.LLB
Tue Dec 17 11:36:10 Loaded file C:\ORCAD\ORCAD_10.5\TOOLS\LAYOUT_PLUS\LIBRARY\METRIC.LLB
Tue Dec 17 11:36:10 Loaded file C:\ORCAD\ORCAD_10.5\TOOLS\LAYOUT_PLUS\LIBRARY\MORSETTIERE.LLB
Tue Dec 17 11:36:10 Loaded file C:\ORCAD\ORCAD_10.5\TOOLS\LAYOUT_PLUS\LIBRARY\OPTOELETTRONICA.LLB
Tue Dec 17 11:36:10 Loaded file C:\ORCAD\ORCAD_10.5\TOOLS\LAYOUT_PLUS\LIBRARY\PADSTACK.LLB
Tue Dec 17 11:36:10 Loaded file C:\ORCAD\ORCAD_10.5\TOOLS\LAYOUT_PLUS\LIBRARY\PLCCNEW.LLB
Tue Dec 17 11:36:10 Loaded file C:\ORCAD\ORCAD_10.5\TOOLS\LAYOUT_PLUS\LIBRARY\PQFP.LLB
Tue Dec 17 11:36:10 Loaded file C:\ORCAD\ORCAD_10.5\TOOLS\LAYOUT_PLUS\LIBRARY\QUARZI.LLB
Tue Dec 17 11:36:10 Loaded file C:\ORCAD\ORCAD_10.5\TOOLS\LAYOUT_PLUS\LIBRARY\RELAYNEW.LLB
Tue Dec 17 11:36:10 Loaded file C:\ORCAD\ORCAD_10.5\TOOLS\LAYOUT_PLUS\LIBRARY\RESIST.LLB
Tue Dec 17 11:36:10 Loaded file C:\ORCAD\ORCAD_10.5\TOOLS\LAYOUT_PLUS\LIBRARY\SHEET01.LLB
Tue Dec 17 11:36:10 Loaded file C:\ORCAD\ORCAD_10.5\TOOLS\LAYOUT_PLUS\LIBRARY\SHEET02.LLB
Tue Dec 17 11:36:10 Loaded file C:\ORCAD\ORCAD_10.5\TOOLS\LAYOUT_PLUS\LIBRARY\SHEET03.LLB
Tue Dec 17 11:36:10 Loaded file C:\ORCAD\ORCAD_10.5\TOOLS\LAYOUT_PLUS\LIBRARY\SHEET04.LLB
Tue Dec 17 11:36:10 Loaded file C:\ORCAD\ORCAD_10.5\TOOLS\LAYOUT_PLUS\LIBRARY\SHEET05.LLB
Tue Dec 17 11:36:10 Loaded file C:\ORCAD\ORCAD_10.5\TOOLS\LAYOUT_PLUS\LIBRARY\SHEET06.LLB
Tue Dec 17 11:36:10 Loaded file C:\ORCAD\ORCAD_10.5\TOOLS\LAYOUT_PLUS\LIBRARY\SHEET08.LLB
Tue Dec 17 11:36:10 Loaded file C:\ORCAD\ORCAD_10.5\TOOLS\LAYOUT_PLUS\LIBRARY\SHEET09.LLB
Tue Dec 17 11:36:10 Loaded file C:\ORCAD\ORCAD_10.5\TOOLS\LAYOUT_PLUS\LIBRARY\SHEET10.LLB
Tue Dec 17 11:36:10 Loaded file C:\ORCAD\ORCAD_10.5\TOOLS\LAYOUT_PLUS\LIBRARY\SHEET11.LLB
Tue Dec 17 11:36:10 Loaded file C:\ORCAD\ORCAD_10.5\TOOLS\LAYOUT_PLUS\LIBRARY\SHEET12.LLB
Tue Dec 17 11:36:10 Loaded file C:\ORCAD\ORCAD_10.5\TOOLS\LAYOUT_PLUS\LIBRARY\SHEET13.LLB
Tue Dec 17 11:36:10 Loaded file C:\ORCAD\ORCAD_10.5\TOOLS\LAYOUT_PLUS\LIBRARY\SHEET14.LLB
Tue Dec 17 11:36:10 Loaded file C:\ORCAD\ORCAD_10.5\TOOLS\LAYOUT_PLUS\LIBRARY\SHEET15.LLB
Tue Dec 17 11:36:10 Loaded file C:\ORCAD\ORCAD_10.5\TOOLS\LAYOUT_PLUS\LIBRARY\SHEET16.LLB
Tue Dec 17 11:36:10 Loaded file C:\ORCAD\ORCAD_10.5\TOOLS\LAYOUT_PLUS\LIBRARY\SHEET17.LLB
Tue Dec 17 11:36:10 Loaded file C:\ORCAD\ORCAD_10.5\TOOLS\LAYOUT_PLUS\LIBRARY\SHEET18.LLB
Tue Dec 17 11:36:10 Loaded file C:\ORCAD\ORCAD_10.5\TOOLS\LAYOUT_PLUS\LIBRARY\SHEET19.LLB
Tue Dec 17 11:36:10 Loaded file C:\ORCAD\ORCAD_10.5\TOOLS\LAYOUT_PLUS\LIBRARY\SHEET20.LLB
Tue Dec 17 11:36:10 Loaded file C:\ORCAD\ORCAD_10.5\TOOLS\LAYOUT_PLUS\LIBRARY\SHEET21.LLB
Tue Dec 17 11:36:10 Loaded file C:\ORCAD\ORCAD_10.5\TOOLS\LAYOUT_PLUS\LIBRARY\SHEET22.LLB
Tue Dec 17 11:36:10 Loaded file C:\ORCAD\ORCAD_10.5\TOOLS\LAYOUT_PLUS\LIBRARY\SHEET23.LLB
Tue Dec 17 11:36:10 Loaded file C:\ORCAD\ORCAD_10.5\TOOLS\LAYOUT_PLUS\LIBRARY\SHEET24.LLB
Tue Dec 17 11:36:10 Loaded file C:\ORCAD\ORCAD_10.5\TOOLS\LAYOUT_PLUS\LIBRARY\SHEET25.LLB
Tue Dec 17 11:36:10 Loaded file C:\ORCAD\ORCAD_10.5\TOOLS\LAYOUT_PLUS\LIBRARY\SHEET26.LLB
Tue Dec 17 11:36:10 Loaded file C:\ORCAD\ORCAD_10.5\TOOLS\LAYOUT_PLUS\LIBRARY\SHEET27.LLB
Tue Dec 17 11:36:10 Loaded file C:\ORCAD\ORCAD_10.5\TOOLS\LAYOUT_PLUS\LIBRARY\SHEET28.LLB
Tue Dec 17 11:36:10 Loaded file C:\ORCAD\ORCAD_10.5\TOOLS\LAYOUT_PLUS\LIBRARY\SHEET29.LLB
Tue Dec 17 11:36:10 Loaded file C:\ORCAD\ORCAD_10.5\TOOLS\LAYOUT_PLUS\LIBRARY\SHEET30.LLB
Tue Dec 17 11:36:10 Loaded file C:\ORCAD\ORCAD_10.5\TOOLS\LAYOUT_PLUS\LIBRARY\SHEET31.LLB
Tue Dec 17 11:36:10 Loaded file C:\ORCAD\ORCAD_10.5\TOOLS\LAYOUT_PLUS\LIBRARY\SHEET32.LLB
Tue Dec 17 11:36:10 Loaded file C:\ORCAD\ORCAD_10.5\TOOLS\LAYOUT_PLUS\LIBRARY\SHEET33.LLB
Tue Dec 17 11:36:10 Loaded file C:\ORCAD\ORCAD_10.5\TOOLS\LAYOUT_PLUS\LIBRARY\SHEET34.LLB
Tue Dec 17 11:36:10 Loaded file C:\ORCAD\ORCAD_10.5\TOOLS\LAYOUT_PLUS\LIBRARY\SMD.LLB
Tue Dec 17 11:36:10 Loaded file C:\ORCAD\ORCAD_10.5\TOOLS\LAYOUT_PLUS\LIBRARY\SWITCH.LLB
Tue Dec 17 11:36:10 Loaded file C:\ORCAD\ORCAD_10.5\TOOLS\LAYOUT_PLUS\LIBRARY\TONEW.LLB
Tue Dec 17 11:36:10 Loaded file C:\ORCAD\ORCAD_10.5\TOOLS\LAYOUT_PLUS\LIBRARY\TRANSFORMER.LLB
Tue Dec 17 11:36:10 Loaded file C:\ORCAD\ORCAD_10.5\TOOLS\LAYOUT_PLUS\LIBRARY\TRIMMER.LLB
Tue Dec 17 11:36:10 Loaded file C:\OrCAD\OrCAD_10.5\tools\Layout_Plus\library\BCON100T.llb
Tue Dec 17 11:36:10 Loaded file C:\OrCAD\OrCAD_10.5\tools\Layout_Plus\library\BCON156T.llb
Tue Dec 17 11:36:10 Loaded file C:\OrCAD\OrCAD_10.5\tools\Layout_Plus\library\BGA.llb
Tue Dec 17 11:36:10 Loaded file C:\OrCAD\OrCAD_10.5\tools\Layout_Plus\library\CLCC.llb
Tue Dec 17 11:36:10 Loaded file C:\OrCAD\OrCAD_10.5\tools\Layout_Plus\library\DCON050T.llb
Tue Dec 17 11:36:10 Loaded file C:\OrCAD\OrCAD_10.5\tools\Layout_Plus\library\DCON085T.llb
Tue Dec 17 11:36:10 Loaded file C:\OrCAD\OrCAD_10.5\tools\Layout_Plus\library\DIMM050F.llb
Tue Dec 17 11:36:10 Loaded file C:\OrCAD\OrCAD_10.5\tools\Layout_Plus\library\DIMM050T.llb
Tue Dec 17 11:36:10 Loaded file C:\OrCAD\OrCAD_10.5\tools\Layout_Plus\library\DIN.llb
Tue Dec 17 11:36:10 Loaded file C:\OrCAD\OrCAD_10.5\tools\Layout_Plus\library\DIP100B.llb
Tue Dec 17 11:36:10 Loaded file C:\OrCAD\OrCAD_10.5\tools\Layout_Plus\library\DIP100T.llb
Tue Dec 17 11:36:10 Loaded file C:\OrCAD\OrCAD_10.5\tools\Layout_Plus\library\DSUBT.llb
Tue Dec 17 11:36:10 Loaded file C:\OrCAD\OrCAD_10.5\tools\Layout_Plus\library\DSUBT_HD.LLB
Tue Dec 17 11:36:10 Loaded file C:\OrCAD\OrCAD_10.5\tools\Layout_Plus\library\ECON100T.llb
Tue Dec 17 11:36:10 Loaded file C:\OrCAD\OrCAD_10.5\tools\Layout_Plus\library\FBUS.llb
Tue Dec 17 11:36:10 Loaded file C:\OrCAD\OrCAD_10.5\tools\Layout_Plus\library\ISA.llb
Tue Dec 17 11:36:10 Loaded file C:\OrCAD\OrCAD_10.5\tools\Layout_Plus\library\JUMPER.LLB
Tue Dec 17 11:36:10 Loaded file C:\OrCAD\OrCAD_10.5\tools\Layout_Plus\library\LAYOUT.llb
Tue Dec 17 11:36:10 Loaded file C:\OrCAD\OrCAD_10.5\tools\Layout_Plus\library\LCON100T.llb
Tue Dec 17 11:36:10 Loaded file C:\OrCAD\OrCAD_10.5\tools\Layout_Plus\library\PC104.llb
Tue Dec 17 11:36:10 Loaded file C:\OrCAD\OrCAD_10.5\tools\Layout_Plus\library\PCI.llb
Tue Dec 17 11:36:10 Loaded file C:\OrCAD\OrCAD_10.5\tools\Layout_Plus\library\PCON100T.llb
Tue Dec 17 11:36:10 Loaded file C:\OrCAD\OrCAD_10.5\tools\Layout_Plus\library\PCON156T.llb
Tue Dec 17 11:36:10 Loaded file C:\OrCAD\OrCAD_10.5\tools\Layout_Plus\library\PGA.llb
Tue Dec 17 11:36:10 Loaded file C:\OrCAD\OrCAD_10.5\tools\Layout_Plus\library\PLCC.llb
Tue Dec 17 11:36:10 Loaded file C:\OrCAD\OrCAD_10.5\tools\Layout_Plus\library\QUAD.llb
Tue Dec 17 11:36:10 Loaded file C:\OrCAD\OrCAD_10.5\tools\Layout_Plus\library\QUADB.llb
Tue Dec 17 11:36:10 Loaded file C:\OrCAD\OrCAD_10.5\tools\Layout_Plus\library\RELAY.llb
Tue Dec 17 11:36:10 Loaded file C:\OrCAD\OrCAD_10.5\tools\Layout_Plus\library\RF.llb
Tue Dec 17 11:36:10 Loaded file C:\OrCAD\OrCAD_10.5\tools\Layout_Plus\library\SBUS.llb
Tue Dec 17 11:36:10 Loaded file C:\OrCAD\OrCAD_10.5\tools\Layout_Plus\library\SIMM050F.llb
Tue Dec 17 11:36:10 Loaded file C:\OrCAD\OrCAD_10.5\tools\Layout_Plus\library\SIMM050T.llb
Tue Dec 17 11:36:10 Loaded file C:\OrCAD\OrCAD_10.5\tools\Layout_Plus\library\SIMM100F.llb
Tue Dec 17 11:36:10 Loaded file C:\OrCAD\OrCAD_10.5\tools\Layout_Plus\library\SIMM100T.llb
Tue Dec 17 11:36:10 Loaded file C:\OrCAD\OrCAD_10.5\tools\Layout_Plus\library\SIP.llb
Tue Dec 17 11:36:10 Loaded file C:\OrCAD\OrCAD_10.5\tools\Layout_Plus\library\SM.llb
Tue Dec 17 11:36:10 Loaded file C:\OrCAD\OrCAD_10.5\tools\Layout_Plus\library\SOG.llb
Tue Dec 17 11:36:10 Loaded file C:\OrCAD\OrCAD_10.5\tools\Layout_Plus\library\SOJ.llb
Tue Dec 17 11:36:10 Loaded file C:\OrCAD\OrCAD_10.5\tools\Layout_Plus\library\STIFF.llb
Tue Dec 17 11:36:10 Loaded file C:\OrCAD\OrCAD_10.5\tools\Layout_Plus\library\TELE.llb
Tue Dec 17 11:36:10 Loaded file C:\OrCAD\OrCAD_10.5\tools\Layout_Plus\library\TM_AXIAL.llb
Tue Dec 17 11:36:10 Loaded file C:\OrCAD\OrCAD_10.5\tools\Layout_Plus\library\TM_CAP_P.llb
Tue Dec 17 11:36:10 Loaded file C:\OrCAD\OrCAD_10.5\tools\Layout_Plus\library\TM_CYLND.llb
Tue Dec 17 11:36:10 Loaded file C:\OrCAD\OrCAD_10.5\tools\Layout_Plus\library\TM_DIODE.llb
Tue Dec 17 11:36:10 Loaded file C:\OrCAD\OrCAD_10.5\tools\Layout_Plus\library\TM_DISC.llb
Tue Dec 17 11:36:10 Loaded file C:\OrCAD\OrCAD_10.5\tools\Layout_Plus\library\TM_RAD.llb
Tue Dec 17 11:36:10 Loaded file C:\OrCAD\OrCAD_10.5\tools\Layout_Plus\library\TO.llb
Tue Dec 17 11:36:10 Loaded file C:\OrCAD\OrCAD_10.5\tools\Layout_Plus\library\TRAINING.LLB
Tue Dec 17 11:36:10 Loaded file C:\OrCAD\OrCAD_10.5\tools\Layout_Plus\library\VRES.llb
Tue Dec 17 11:36:10 Loaded file C:\OrCAD\OrCAD_10.5\tools\Layout_Plus\library\WCON100T.llb
Tue Dec 17 11:36:10 Loaded file C:\OrCAD\OrCAD_10.5\tools\Layout_Plus\library\XT.llb
Tue Dec 17 11:36:10 Loaded file C:\OrCAD\OrCAD_10.5\tools\Layout_Plus\library\ZIGZAG.llb
Tue Dec 17 11:36:10 Loaded file C:\ORCAD\ORCAD_10.5\TOOLS\LAYOUT_PLUS\LIBRARY\RESIST.LLB
Tue Dec 17 11:36:10 Loaded file C:\OrCAD\OrCAD_10.5\tools\Layout_Plus\library\TM_RAD.llb
Tue Dec 17 11:36:10 Loaded file C:\ORCAD\ORCAD_10.5\TOOLS\LAYOUT_PLUS\LIBRARY\SHEET09.LLB
Tue Dec 17 11:36:10 Loaded file C:\ORCAD\ORCAD_10.5\TOOLS\LAYOUT_PLUS\LIBRARY\SHEET23.LLB
Tue Dec 17 11:36:10 Loaded file C:\OrCAD\OrCAD_10.5\tools\Layout_Plus\library\TM_RAD.llb
Tue Dec 17 11:36:10 Loaded file C:\ORCAD\ORCAD_10.5\TOOLS\LAYOUT_PLUS\LIBRARY\SHEET09.LLB
Tue Dec 17 11:36:10 Loaded file C:\ORCAD\ORCAD_10.5\TOOLS\LAYOUT_PLUS\LIBRARY\EX_GUI.LLB
Tue Dec 17 11:36:10 Loaded file C:\OrCAD\OrCAD_10.5\tools\Layout_Plus\library\TM_CYLND.llb
Tue Dec 17 11:36:10 Loaded file C:\ORCAD_DATA\PROJECT_LAYOUT\LIBS\USB.LLB
Tue Dec 17 11:36:10 Loaded file C:\ORCAD\ORCAD_10.5\TOOLS\LAYOUT_PLUS\LIBRARY\SHEET25.LLB
Tue Dec 17 11:36:10 Loaded file C:\ORCAD_DATA\PROJECT_LAYOUT\LIBS\LTC4054.LLB
Tue Dec 17 11:36:10 Loaded file C:\ORCAD_DATA\PROJECT_LAYOUT\LIBS\INDUCTOR_MURATA22R.LLB
Tue Dec 17 11:36:10 Loaded file C:\OrCAD\OrCAD_10.5\tools\Layout_Plus\library\BCON100T.llb
Tue Dec 17 11:36:10 Loaded file C:\OrCAD\OrCAD_10.5\tools\Layout_Plus\library\DIP100T.llb
Tue Dec 17 11:36:10 Loaded file C:\ORCAD\ORCAD_10.5\TOOLS\LAYOUT_PLUS\LIBRARY\SHEET25.LLB
Tue Dec 17 11:36:10 Loaded file C:\ORCAD_DATA\PROJECT_LAYOUT\LIBS\CONN_COAX.LLB
Tue Dec 17 11:36:10 Loaded file C:\ORCAD\ORCAD_10.5\TOOLS\LAYOUT_PLUS\LIBRARY\SHEET23.LLB
Tue Dec 17 11:36:11 Loaded file C:\ORCAD_DATA\PROJECT_LAYOUT\LIBS\S34DIODE.LLB
Tue Dec 17 11:36:11 Loaded file C:\ORCAD\ORCAD_10.5\TOOLS\LAYOUT_PLUS\LIBRARY\SHEET14.LLB
Tue Dec 17 11:36:11 Loaded file C:\OrCAD\OrCAD_10.5\tools\Layout_Plus\library\TM_AXIAL.llb
Tue Dec 17 11:36:11 Loaded file C:\ORCAD\ORCAD_10.5\TOOLS\LAYOUT_PLUS\LIBRARY\QUARZI.LLB
Tue Dec 17 11:36:11 Loaded file C:\ORCAD_DATA\PROJECT_LAYOUT\LIBS\STM32F103VBT6.LLB
Tue Dec 17 11:36:11 Loaded file C:\ORCAD_DATA\PROJECT_LAYOUT\LIBS\TF-CARD.LLB
Tue Dec 17 11:36:11 Loaded file C:\OrCAD\OrCAD_10.5\tools\Layout_Plus\library\DIP100T.llb
Tue Dec 17 11:36:11 Loaded file C:\ORCAD\ORCAD_10.5\TOOLS\LAYOUT_PLUS\LIBRARY\DIODE.LLB
Tue Dec 17 11:36:12 Saved as file C:\ORCAD_DATA\PROJECT_LAYOUT\LAYOUT FILES\PROJECT_NIKOLA_GABRIEL-1.MAX
Tue Dec 17 11:36:27 Saved as file ~undo.max
Tue Dec 17 11:36:33 Saved as file ~undo.max
Tue Dec 17 11:36:40 Saved as file ~undo.max
Tue Dec 17 11:36:49 Saved as file ~undo.max
Tue Dec 17 11:36:52 Saved as file ~undo.max
Tue Dec 17 11:36:55 Saved as file ~undo.max
Tue Dec 17 11:37:08 Saved as file ~undo.max
Tue Dec 17 11:37:18 Saved as file ~undo.max
Tue Dec 17 11:37:31 Saved as file ~undo.max
Tue Dec 17 11:38:27 Saved as file ~undo.max
Tue Dec 17 11:38:30 Saved as file ~undo.max
Tue Dec 17 11:38:34 Saved as file ~undo2.max
Tue Dec 17 11:38:34 Loaded file ~undo.max
Tue Dec 17 11:38:49 Saved as file ~undo.max
Tue Dec 17 11:39:05 Saved as file ~undo.max
Tue Dec 17 11:39:14 Saved as file ~undo.max
Tue Dec 17 11:39:17 Saved as file ~undo.max
Tue Dec 17 11:39:25 Saved as file ~undo.max
Tue Dec 17 11:39:38 Saved as file ~undo.max
