AutoECO Report
FILE-A: C:\ORCAD\ORCAD_10.5\TOOLS\LAYOUT_PLUS\DATA\_DEFAULT.TCH
FILE-B: C:\ORCAD_DATA\PROJECT_LAYOUT\PROJECT_NIKOLA_GABRIEL.MNL
If "*EOF*" immediately follows, no changes were made
Adding footprint R200
Adding footprint RAD/.200X.125/LS.100/.031
Adding footprint J\4P
Adding footprint SWITCH1
Adding footprint RAD/.150X.100/LS.100/.031
Adding footprint J\2P
Adding footprint SOG.050/16/WG.244/L.400
Adding footprint CYL/D.250/LS.100/.031
Adding footprint CONN_67643-2911_MOL
Adding footprint SOT-89
Adding footprint S_5_ADI
Adding footprint IND_MURATA_2200_MUR
Adding footprint BLKCON.100/VH/TM1SQS/W.100/8
Adding footprint DIP.100/8/W.300/L.400
Adding footprint SOT-23
Adding footprint CONN3_1909763_TEC
Adding footprint SWITCH4
Adding footprint SOD_34FA_ONS-L
Adding footprint CONN\DBPLUG\37
Adding footprint AX/.300X.100/.028
Adding footprint CRYSTALD
Adding footprint LQFP100
Adding footprint CONN_503398-1892_MOL
Adding footprint DIP.100/16/W.300/L.800
Adding footprint DAX/DO35
Adding package RESISTOR
Adding package CAP_NP
Adding package CON4
Adding package SW_PUSHBUTTON
Adding package CON2
Adding package RES
Adding package 74HC4051
Adding package CAP_POL
Adding package BATTERY_ELEM
Adding package CON6
Adding package XC6206P302
Adding package LTC4054
Adding package INDUCTOR_TOROID
Adding package CON8
Adding package TL082
Adding package CESD5V0AP
Adding package CONN_JACK_PWR
Adding package SW_MAG-SPST/SM
Adding package DIODE
Adding package Q90012
Adding package CRYSTAL
Adding package STM32F103VBT6
Adding package TF-CARD_0
Adding package SP3232
Adding package DIODE_2
Adding component R21
Adding component C38
Adding component J1
Adding component SW3
Adding component C1
Adding component C30
Adding component R27
Adding component J3
Adding component R16
Adding component C25
Adding component SW4
Adding component R29
Adding component C40
Adding component R33
Adding component U4
Adding component C31
Adding component C2
Adding component C20
Adding component BT1
Adding component R6
Adding component SW5
Adding component C41
Adding component C12
Adding component R39
Adding component J8
Adding component U3
Adding component C42
Adding component SW6
Adding component C34
Adding component R17
Adding component C3
Adding component R7
Adding component C13
Adding component C26
Adding component SW7
Adding component U6
Adding component C44
Adding component L1
Adding component C21
Adding component J4
Adding component C4
Adding component U5
Adding component R38
Adding component C32
Adding component L2
Adding component C14
Adding component C16
Adding component R18
Adding component C35
Adding component D2
Adding component L3
Adding component J6
Adding component SW1
Adding component C27
Adding component C15
Adding component J7
Adding component R31
Adding component C45
Adding component L4
Adding component C22
Adding component D3
Adding component C46
Adding component R13
Adding component R30
Adding component U8
Adding component R24
Adding component C6
Adding component R1
Adding component R37
Adding component R19
Adding component C0
Adding component L5
Adding component R22
Adding component C36
Adding component C33
Adding component R32
Adding component C18
Adding component L6
Adding component C7
Adding component C28
Adding component R2
Adding component C23
Adding component R25
Adding component C5
Adding component R36
Adding component C43
Adding component R26
Adding component R14
Adding component R35
Adding component R3
Adding component C37
Adding component C17
Adding component X1
Adding component R28
Adding component U9
Adding component C39
Adding component C29
Adding component J9
Adding component C24
Adding component R4
Adding component R23
Adding component R15
Adding component U7
Adding component C19
Adding component J5
Adding component SW2
Adding component D4
Adding component R34
Adding component U2
Adding net N36789
Adding net 3V3
Adding net N912907
Adding net N913472
Adding net N913470
Adding net N912905
Adding net V0
Adding net X-
Adding net N947836
Adding net N28986
Adding net B
Adding net C
Adding net D
Adding net A
Adding net VADD
Adding net N300332
Adding net N301181
Adding net N301608
Adding net N302467
Adding net GND
Adding net Y-
Adding net X+
Adding net TMS
Adding net RST
Adding net Y+
Adding net TCK
Adding net TDO
Adding net Q0
Adding net TDI
Adding net Q2
Adding net TRST
Adding net Q4
Adding net Q3
Adding net Q1
Adding net Q10
Adding net Q11
Adding net FOUT*
Adding net FOUT
Adding net Q8
Adding net Q7
Adding net VBAT
Adding net Q6
Adding net Q12
Adding net Q5
Adding net Q9
Adding net Q13
Adding net Q14
Adding net Q15
Adding net N170280
Adding net Q16
Adding net Q20
Adding net Q24
Adding net Q25
Adding net Q22
Adding net Q21
Adding net Q17
Adding net Q19
Adding net N171069
Adding net Q18
Adding net Q23
Adding net Q26
Adding net N01320
Adding net Q31
Adding net Q30
Adding net N01382
Adding net Q27
Adding net Q28
Adding net N44887
Adding net Q29
Adding net 3V6
Adding net N45294
Adding net N45437
Adding net N204423
Adding net VUSB
Adding net N212966
Adding net N04304
Adding net N887642
Adding net D-
Adding net N07565
Adding net D+
Adding net 3V
Adding net N13227
Adding net N15157
Adding net N08376
Adding net N15771
Adding net N72130
Adding net N21345
Adding net N21251
Adding net N35409
Adding net N22728
Adding net AIN
Adding net N23805
Adding net -5V
Adding net +5V
Deleting net DEFAULT
*EOF*
No errors found
